Archive member included to satisfy reference by file (symbol)

D:/Studying/embedded_systems/Software/arm-none-eabi-15.2-hf/bin/../lib/gcc/arm-none-eabi/15.2.1/../../../../arm-none-eabi/lib/thumb/v7-m/nofp\libc_nano.a(libc_a-exit.o)
                              D:/Studying/embedded_systems/Software/arm-none-eabi-15.2-hf/bin/../lib/gcc/arm-none-eabi/15.2.1/../../../../arm-none-eabi/lib/thumb/v7-m/nofp/crt0.o (exit)
D:/Studying/embedded_systems/Software/arm-none-eabi-15.2-hf/bin/../lib/gcc/arm-none-eabi/15.2.1/../../../../arm-none-eabi/lib/thumb/v7-m/nofp\libc_nano.a(libc_a-findfp.o)
                              D:/Studying/embedded_systems/Software/arm-none-eabi-15.2-hf/bin/../lib/gcc/arm-none-eabi/15.2.1/../../../../arm-none-eabi/lib/thumb/v7-m/nofp\libc_nano.a(libc_a-exit.o) (__stdio_exit_handler)
D:/Studying/embedded_systems/Software/arm-none-eabi-15.2-hf/bin/../lib/gcc/arm-none-eabi/15.2.1/../../../../arm-none-eabi/lib/thumb/v7-m/nofp\libc_nano.a(libc_a-fwalk.o)
                              D:/Studying/embedded_systems/Software/arm-none-eabi-15.2-hf/bin/../lib/gcc/arm-none-eabi/15.2.1/../../../../arm-none-eabi/lib/thumb/v7-m/nofp\libc_nano.a(libc_a-findfp.o) (_fwalk_sglue)
D:/Studying/embedded_systems/Software/arm-none-eabi-15.2-hf/bin/../lib/gcc/arm-none-eabi/15.2.1/../../../../arm-none-eabi/lib/thumb/v7-m/nofp\libc_nano.a(libc_a-stdio.o)
                              D:/Studying/embedded_systems/Software/arm-none-eabi-15.2-hf/bin/../lib/gcc/arm-none-eabi/15.2.1/../../../../arm-none-eabi/lib/thumb/v7-m/nofp\libc_nano.a(libc_a-findfp.o) (__sread)
D:/Studying/embedded_systems/Software/arm-none-eabi-15.2-hf/bin/../lib/gcc/arm-none-eabi/15.2.1/../../../../arm-none-eabi/lib/thumb/v7-m/nofp\libc_nano.a(libc_a-memset.o)
                              D:/Studying/embedded_systems/Software/arm-none-eabi-15.2-hf/bin/../lib/gcc/arm-none-eabi/15.2.1/../../../../arm-none-eabi/lib/thumb/v7-m/nofp/crt0.o (memset)
D:/Studying/embedded_systems/Software/arm-none-eabi-15.2-hf/bin/../lib/gcc/arm-none-eabi/15.2.1/../../../../arm-none-eabi/lib/thumb/v7-m/nofp\libc_nano.a(libc_a-closer.o)
                              D:/Studying/embedded_systems/Software/arm-none-eabi-15.2-hf/bin/../lib/gcc/arm-none-eabi/15.2.1/../../../../arm-none-eabi/lib/thumb/v7-m/nofp\libc_nano.a(libc_a-stdio.o) (_close_r)
D:/Studying/embedded_systems/Software/arm-none-eabi-15.2-hf/bin/../lib/gcc/arm-none-eabi/15.2.1/../../../../arm-none-eabi/lib/thumb/v7-m/nofp\libc_nano.a(libc_a-reent.o)
                              D:/Studying/embedded_systems/Software/arm-none-eabi-15.2-hf/bin/../lib/gcc/arm-none-eabi/15.2.1/../../../../arm-none-eabi/lib/thumb/v7-m/nofp\libc_nano.a(libc_a-closer.o) (errno)
D:/Studying/embedded_systems/Software/arm-none-eabi-15.2-hf/bin/../lib/gcc/arm-none-eabi/15.2.1/../../../../arm-none-eabi/lib/thumb/v7-m/nofp\libc_nano.a(libc_a-impure.o)
                              D:/Studying/embedded_systems/Software/arm-none-eabi-15.2-hf/bin/../lib/gcc/arm-none-eabi/15.2.1/../../../../arm-none-eabi/lib/thumb/v7-m/nofp\libc_nano.a(libc_a-reent.o) (_impure_ptr)
D:/Studying/embedded_systems/Software/arm-none-eabi-15.2-hf/bin/../lib/gcc/arm-none-eabi/15.2.1/../../../../arm-none-eabi/lib/thumb/v7-m/nofp\libc_nano.a(libc_a-lseekr.o)
                              D:/Studying/embedded_systems/Software/arm-none-eabi-15.2-hf/bin/../lib/gcc/arm-none-eabi/15.2.1/../../../../arm-none-eabi/lib/thumb/v7-m/nofp\libc_nano.a(libc_a-stdio.o) (_lseek_r)
D:/Studying/embedded_systems/Software/arm-none-eabi-15.2-hf/bin/../lib/gcc/arm-none-eabi/15.2.1/../../../../arm-none-eabi/lib/thumb/v7-m/nofp\libc_nano.a(libc_a-readr.o)
                              D:/Studying/embedded_systems/Software/arm-none-eabi-15.2-hf/bin/../lib/gcc/arm-none-eabi/15.2.1/../../../../arm-none-eabi/lib/thumb/v7-m/nofp\libc_nano.a(libc_a-stdio.o) (_read_r)
D:/Studying/embedded_systems/Software/arm-none-eabi-15.2-hf/bin/../lib/gcc/arm-none-eabi/15.2.1/../../../../arm-none-eabi/lib/thumb/v7-m/nofp\libc_nano.a(libc_a-writer.o)
                              D:/Studying/embedded_systems/Software/arm-none-eabi-15.2-hf/bin/../lib/gcc/arm-none-eabi/15.2.1/../../../../arm-none-eabi/lib/thumb/v7-m/nofp\libc_nano.a(libc_a-stdio.o) (_write_r)
D:/Studying/embedded_systems/Software/arm-none-eabi-15.2-hf/bin/../lib/gcc/arm-none-eabi/15.2.1/../../../../arm-none-eabi/lib/thumb/v7-m/nofp\libc_nano.a(libc_a-errno.o)
                              build/sysmem.o (__errno)
D:/Studying/embedded_systems/Software/arm-none-eabi-15.2-hf/bin/../lib/gcc/arm-none-eabi/15.2.1/../../../../arm-none-eabi/lib/thumb/v7-m/nofp\libc_nano.a(libc_a-init.o)
                              D:/Studying/embedded_systems/Software/arm-none-eabi-15.2-hf/bin/../lib/gcc/arm-none-eabi/15.2.1/../../../../arm-none-eabi/lib/thumb/v7-m/nofp/crt0.o (__libc_init_array)
D:/Studying/embedded_systems/Software/arm-none-eabi-15.2-hf/bin/../lib/gcc/arm-none-eabi/15.2.1/../../../../arm-none-eabi/lib/thumb/v7-m/nofp\libc_nano.a(libc_a-lock.o)
[...]
Memory Configuration

Name             Origin             Length             Attributes
RAM              0x20000000         0x00010000         xrw
FLASH            0x08000000         0x00080000         xr
*default*        0x00000000         0xffffffff

Linker script and memory map

LOAD D:/Studying/embedded_systems/Software/arm-none-eabi-15.2-hf/bin/../lib/gcc/arm-none-eabi/15.2.1/thumb/v7-m/nofp/crti.o
LOAD D:/Studying/embedded_systems/Software/arm-none-eabi-15.2-hf/bin/../lib/gcc/arm-none-eabi/15.2.1/thumb/v7-m/nofp/crtbegin.o
LOAD D:/Studying/embedded_systems/Software/arm-none-eabi-15.2-hf/bin/../lib/gcc/arm-none-eabi/15.2.1/../../../../arm-none-eabi/lib/thumb/v7-m/nofp/crt0.o
LOAD build/main.o
LOAD build/stm32f1xx_it.o
LOAD build/stm32f1xx_hal_msp.o
LOAD build/stm32f1xx_hal_gpio_ex.o
LOAD build/stm32f1xx_hal.o
LOAD build/stm32f1xx_hal_rcc.o
LOAD build/stm32f1xx_hal_rcc_ex.o
LOAD build/stm32f1xx_hal_gpio.o
LOAD build/stm32f1xx_hal_dma.o
LOAD build/stm32f1xx_hal_cortex.o
LOAD build/stm32f1xx_hal_pwr.o
LOAD build/stm32f1xx_hal_flash.o
LOAD build/stm32f1xx_hal_flash_ex.o
LOAD build/stm32f1xx_hal_exti.o
LOAD build/system_stm32f1xx.o
LOAD build/sysmem.o
LOAD build/syscalls.o
LOAD build/startup_stm32f103xe.o
LOAD D:/Studying/embedded_systems/Software/arm-none-eabi-15.2-hf/bin/../lib/gcc/arm-none-eabi/15.2.1/../../../../arm-none-eabi/lib/thumb/v7-m/nofp\libc_nano.a
LOAD D:/Studying/embedded_systems/Software/arm-none-eabi-15.2-hf/bin/../lib/gcc/arm-none-eabi/15.2.1/../../../../arm-none-eabi/lib/thumb/v7-m/nofp\libm.a
LOAD D:/Studying/embedded_systems/Software/arm-none-eabi-15.2-hf/bin/../lib/gcc/arm-none-eabi/15.2.1/../../../../arm-none-eabi/lib/thumb/v7-m/nofp\libnosys.a
START GROUP
LOAD D:/Studying/embedded_systems/Software/arm-none-eabi-15.2-hf/bin/../lib/gcc/arm-none-eabi/15.2.1/thumb/v7-m/nofp\libgcc.a
LOAD D:/Studying/embedded_systems/Software/arm-none-eabi-15.2-hf/bin/../lib/gcc/arm-none-eabi/15.2.1/../../../../arm-none-eabi/lib/thumb/v7-m/nofp\libc_nano.a
END GROUP
START GROUP
LOAD D:/Studying/embedded_systems/Software/arm-none-eabi-15.2-hf/bin/../lib/gcc/arm-none-eabi/15.2.1/thumb/v7-m/nofp\libgcc.a
LOAD D:/Studying/embedded_systems/Software/arm-none-eabi-15.2-hf/bin/../lib/gcc/arm-none-eabi/15.2.1/../../../../arm-none-eabi/lib/thumb/v7-m/nofp\libc_nano.a
END GROUP
LOAD D:/Studying/embedded_systems/Software/arm-none-eabi-15.2-hf/bin/../lib/gcc/arm-none-eabi/15.2.1/thumb/v7-m/nofp/crtend.o
LOAD D:/Studying/embedded_systems/Software/arm-none-eabi-15.2-hf/bin/../lib/gcc/arm-none-eabi/15.2.1/thumb/v7-m/nofp/crtn.o
                0x20010000                        _estack = (ORIGIN (RAM) + LENGTH (RAM))
                0x00000200                        _Min_Heap_Size = 0x200
                0x00000400                        _Min_Stack_Size = 0x400

.isr_vector     0x08000000      0x1e4
                0x08000000                        . = ALIGN (0x4)
 *(.isr_vector)
 .isr_vector    0x08000000      0x1e4 build/startup_stm32f103xe.o
                0x08000000                g_pfnVectors
                0x080001e4                        . = ALIGN (0x4)

.text           0x080001e4      0xd2c
                0x080001e4                        . = ALIGN (0x4)
 *(.text)
 *(.text*)
 .text.deregister_tm_clones
                0x080001e4       0x1c D:/Studying/embedded_systems/Software/arm-none-eabi-15.2-hf/bin/../lib/gcc/arm-none-eabi/15.2.1/thumb/v7-m/nofp/crtbegin.o
 .text.register_tm_clones
                0x08000200       0x24 D:/Studying/embedded_systems/Software/arm-none-eabi-15.2-hf/bin/../lib/gcc/arm-none-eabi/15.2.1/thumb/v7-m/nofp/crtbegin.o
 .text.__do_global_dtors_aux
                0x08000224       0x28 D:/Studying/embedded_systems/Software/arm-none-eabi-15.2-hf/bin/../lib/gcc/arm-none-eabi/15.2.1/thumb/v7-m/nofp/crtbegin.o
 .text.frame_dummy
                0x0800024c       0x24 D:/Studying/embedded_systems/Software/arm-none-eabi-15.2-hf/bin/../lib/gcc/arm-none-eabi/15.2.1/thumb/v7-m/nofp/crtbegin.o
 .text.MX_GPIO_Init
                0x08000270      0x144 build/main.o
 .text.Error_Handler
                0x080003b4        0x4 build/main.o
                0x080003b4                Error_Handler
 .text.SystemClock_Config
                0x080003b8       0x62 build/main.o
                0x080003b8                SystemClock_Config
 *fill*         0x0800041a        0x2 
 .text.main     0x0800041c       0x24 build/main.o
                0x0800041c                main
 .text.NMI_Handler
                0x08000440        0x2 build/stm32f1xx_it.o
                0x08000440                NMI_Handler
 .text.HardFault_Handler
                0x08000442        0x2 build/stm32f1xx_it.o
                0x08000442                HardFault_Handler
 .text.MemManage_Handler
                0x08000444        0x2 build/stm32f1xx_it.o
                0x08000444                MemManage_Handler
 .text.BusFault_Handler
                0x08000446        0x2 build/stm32f1xx_it.o
                0x08000446                BusFault_Handler
 .text.UsageFault_Handler
                0x08000448        0x2 build/stm32f1xx_it.o
                0x08000448                UsageFault_Handler
 .text.SVC_Handler
                0x0800044a        0x2 build/stm32f1xx_it.o
                0x0800044a                SVC_Handler
 .text.DebugMon_Handler
                0x0800044c        0x2 build/stm32f1xx_it.o
                0x0800044c                DebugMon_Handler
 .text.PendSV_Handler
                0x0800044e        0x2 build/stm32f1xx_it.o
                0x0800044e                PendSV_Handler
 .text.SysTick_Handler
                0x08000450        0x8 build/stm32f1xx_it.o
                0x08000450                SysTick_Handler
 .text.HAL_MspInit
                0x08000458       0x44 build/stm32f1xx_hal_msp.o
                0x08000458                HAL_MspInit
 .text.HAL_InitTick
                0x0800049c       0x4c build/stm32f1xx_hal.o
                0x0800049c                HAL_InitTick
 .text.HAL_Init
                0x080004e8       0x24 build/stm32f1xx_hal.o
                0x080004e8                HAL_Init
 .text.HAL_IncTick
                0x0800050c       0x18 build/stm32f1xx_hal.o
                0x0800050c                HAL_IncTick
 .text.HAL_GetTick
                0x08000524        0xc build/stm32f1xx_hal.o
                0x08000524                HAL_GetTick
 .text.HAL_Delay
                0x08000530       0x28 build/stm32f1xx_hal.o
                0x08000530                HAL_Delay
 .text.RCC_Delay
                0x08000558       0x2c build/stm32f1xx_hal_rcc.o
 .text.HAL_RCC_OscConfig
                0x08000584      0x414 build/stm32f1xx_hal_rcc.o
                0x08000584                HAL_RCC_OscConfig
 .text.HAL_RCC_GetSysClockFreq
                0x08000998       0x54 build/stm32f1xx_hal_rcc.o
                0x08000998                HAL_RCC_GetSysClockFreq
 .text.HAL_RCC_ClockConfig
                0x080009ec      0x16c build/stm32f1xx_hal_rcc.o
                0x080009ec                HAL_RCC_ClockConfig
 .text.HAL_GPIO_Init
                0x08000b58      0x1fc build/stm32f1xx_hal_gpio.o
                0x08000b58                HAL_GPIO_Init
 .text.HAL_GPIO_WritePin
                0x08000d54        0xc build/stm32f1xx_hal_gpio.o
                0x08000d54                HAL_GPIO_WritePin
 .text.HAL_GPIO_TogglePin
                0x08000d60       0x12 build/stm32f1xx_hal_gpio.o
                0x08000d60                HAL_GPIO_TogglePin
 *fill*         0x08000d72        0x2 
 .text.__NVIC_SetPriority
                0x08000d74       0x28 build/stm32f1xx_hal_cortex.o
 .text.NVIC_EncodePriority
                0x08000d9c       0x46 build/stm32f1xx_hal_cortex.o
 *fill*         0x08000de2        0x2 
 .text.HAL_NVIC_SetPriorityGrouping
                0x08000de4       0x24 build/stm32f1xx_hal_cortex.o
                0x08000de4                HAL_NVIC_SetPriorityGrouping
 .text.HAL_NVIC_SetPriority
                0x08000e08       0x20 build/stm32f1xx_hal_cortex.o
                0x08000e08                HAL_NVIC_SetPriority
 .text.HAL_SYSTICK_Config
                0x08000e28       0x28 build/stm32f1xx_hal_cortex.o
                0x08000e28                HAL_SYSTICK_Config
 .text.SystemInit
                0x08000e50        0x2 build/system_stm32f1xx.o
                0x08000e50                SystemInit
 *fill*         0x08000e52        0x2 
 .text.Reset_Handler
                0x08000e54       0x48 build/startup_stm32f103xe.o
                0x08000e54                Reset_Handler
 .text.Default_Handler
                0x08000e9c        0x2 build/startup_stm32f103xe.o
                0x08000e9c                RTC_Alarm_IRQHandler
                0x08000e9c                EXTI2_IRQHandler
                0x08000e9c                TIM8_TRG_COM_IRQHandler
                0x08000e9c                TIM8_CC_IRQHandler
                0x08000e9c                TIM1_CC_IRQHandler
                0x08000e9c                TIM6_IRQHandler
                0x08000e9c                PVD_IRQHandler
                0x08000e9c                SDIO_IRQHandler
                0x08000e9c                EXTI3_IRQHandler
                0x08000e9c                EXTI0_IRQHandler
                0x08000e9c                I2C2_EV_IRQHandler
                0x08000e9c                ADC1_2_IRQHandler
                0x08000e9c                SPI1_IRQHandler
                0x08000e9c                TAMPER_IRQHandler
                0x08000e9c                TIM8_UP_IRQHandler
                0x08000e9c                DMA2_Channel2_IRQHandler
                0x08000e9c                DMA1_Channel4_IRQHandler
                0x08000e9c                USART3_IRQHandler
                0x08000e9c                RTC_IRQHandler
                0x08000e9c                DMA1_Channel7_IRQHandler
                0x08000e9c                CAN1_RX1_IRQHandler
                0x08000e9c                UART5_IRQHandler
                0x08000e9c                ADC3_IRQHandler
                0x08000e9c                TIM4_IRQHandler
                0x08000e9c                DMA2_Channel1_IRQHandler
                0x08000e9c                I2C1_EV_IRQHandler
                0x08000e9c                DMA1_Channel6_IRQHandler
                0x08000e9c                UART4_IRQHandler
                0x08000e9c                TIM3_IRQHandler
                0x08000e9c                RCC_IRQHandler
                0x08000e9c                TIM1_TRG_COM_IRQHandler
                0x08000e9c                DMA1_Channel1_IRQHandler
                0x08000e9c                Default_Handler
                0x08000e9c                EXTI15_10_IRQHandler
                0x08000e9c                TIM7_IRQHandler
                0x08000e9c                TIM5_IRQHandler
                0x08000e9c                EXTI9_5_IRQHandler
                0x08000e9c                SPI2_IRQHandler
                0x08000e9c                DMA1_Channel5_IRQHandler
                0x08000e9c                EXTI4_IRQHandler
                0x08000e9c                USB_LP_CAN1_RX0_IRQHandler
                0x08000e9c                USB_HP_CAN1_TX_IRQHandler
                0x08000e9c                DMA1_Channel3_IRQHandler
                0x08000e9c                FSMC_IRQHandler
                0x08000e9c                TIM1_UP_IRQHandler
                0x08000e9c                WWDG_IRQHandler
                0x08000e9c                TIM2_IRQHandler
                0x08000e9c                TIM1_BRK_IRQHandler
                0x08000e9c                EXTI1_IRQHandler
                0x08000e9c                DMA2_Channel4_5_IRQHandler
                0x08000e9c                USART2_IRQHandler
                0x08000e9c                I2C2_ER_IRQHandler
                0x08000e9c                DMA1_Channel2_IRQHandler
                0x08000e9c                TIM8_BRK_IRQHandler
                0x08000e9c                CAN1_SCE_IRQHandler
                0x08000e9c                FLASH_IRQHandler
                0x08000e9c                USART1_IRQHandler
                0x08000e9c                SPI3_IRQHandler
                0x08000e9c                I2C1_ER_IRQHandler
                0x08000e9c                USBWakeUp_IRQHandler
                0x08000e9c                DMA2_Channel3_IRQHandler
 .text.memset   0x08000e9e       0x10 D:/Studying/embedded_systems/Software/arm-none-eabi-15.2-hf/bin/../lib/gcc/arm-none-eabi/15.2.1/../../../../arm-none-eabi/lib/thumb/v7-m/nofp\libc_nano.a(libc_a-memset.o)
                0x08000e9e                memset
 *fill*         0x08000eae        0x2 
 .text.__libc_init_array
                0x08000eb0       0x48 D:/Studying/embedded_systems/Software/arm-none-eabi-15.2-hf/bin/../lib/gcc/arm-none-eabi/15.2.1/../../../../arm-none-eabi/lib/thumb/v7-m/nofp\libc_nano.a(libc_a-init.o)
                0x08000eb0                __libc_init_array
 *(.glue_7)
 .glue_7        0x08000ef8        0x0 linker stubs
 *(.glue_7t)
 .glue_7t       0x08000ef8        0x0 linker stubs
 *(.eh_frame)
 .eh_frame      0x08000ef8        0x0 D:/Studying/embedded_systems/Software/arm-none-eabi-15.2-hf/bin/../lib/gcc/arm-none-eabi/15.2.1/thumb/v7-m/nofp/crtbegin.o
 *(.init)
 .init          0x08000ef8        0x4 D:/Studying/embedded_systems/Software/arm-none-eabi-15.2-hf/bin/../lib/gcc/arm-none-eabi/15.2.1/thumb/v7-m/nofp/crti.o
                0x08000ef8                _init
 .init          0x08000efc        0x8 D:/Studying/embedded_systems/Software/arm-none-eabi-15.2-hf/bin/../lib/gcc/arm-none-eabi/15.2.1/thumb/v7-m/nofp/crtn.o
 *(.fini)
 .fini          0x08000f04        0x4 D:/Studying/embedded_systems/Software/arm-none-eabi-15.2-hf/bin/../lib/gcc/arm-none-eabi/15.2.1/thumb/v7-m/nofp/crti.o
                0x08000f04                _fini
 .fini          0x08000f08        0x8 D:/Studying/embedded_systems/Software/arm-none-eabi-15.2-hf/bin/../lib/gcc/arm-none-eabi/15.2.1/thumb/v7-m/nofp/crtn.o
                0x08000f10                        . = ALIGN (0x4)
                0x08000f10                        _etext = .

.vfp11_veneer   0x08000f10        0x0
 .vfp11_veneer  0x08000f10        0x0 linker stubs

.v4_bx          0x08000f10        0x0
 .v4_bx         0x08000f10        0x0 linker stubs

.iplt           0x08000f10        0x0
 .iplt          0x08000f10        0x0 D:/Studying/embedded_systems/Software/arm-none-eabi-15.2-hf/bin/../lib/gcc/arm-none-eabi/15.2.1/thumb/v7-m/nofp/crtbegin.o

.rodata         0x08000f10       0x24
                0x08000f10                        . = ALIGN (0x4)
 *(.rodata)
 *(.rodata*)
 .rodata.aPredivFactorTable.0
                0x08000f10        0x2 build/stm32f1xx_hal_rcc.o
 *fill*         0x08000f12        0x2 
 .rodata.aPLLMULFactorTable.1
                0x08000f14       0x10 build/stm32f1xx_hal_rcc.o
 .rodata.AHBPrescTable
                0x08000f24       0x10 build/system_stm32f1xx.o
                0x08000f24                AHBPrescTable
                0x08000f34                        . = ALIGN (0x4)

.ARM.extab      0x08000f34        0x0
                0x08000f34                        . = ALIGN (0x4)
 *(.ARM.extab* .gnu.linkonce.armextab.*)
                0x08000f34                        . = ALIGN (0x4)

.ARM            0x08000f34        0x0
                0x08000f34                        . = ALIGN (0x4)
                0x08000f34                        __exidx_start = .
 *(.ARM.exidx*)
                0x08000f34                        __exidx_end = .
                0x08000f34                        . = ALIGN (0x4)

.preinit_array  0x08000f34        0x0
                0x08000f34                        . = ALIGN (0x4)
                0x08000f34                        PROVIDE (__preinit_array_start = .)
 *(.preinit_array*)
                0x08000f34                        PROVIDE (__preinit_array_end = .)
                0x08000f34                        . = ALIGN (0x4)

.init_array     0x08000f34        0x4
                0x08000f34                        . = ALIGN (0x4)
                0x08000f34                        PROVIDE (__init_array_start = .)
 *(SORT_BY_NAME(.init_array.*))
 *(.init_array*)
 .init_array    0x08000f34        0x4 D:/Studying/embedded_systems/Software/arm-none-eabi-15.2-hf/bin/../lib/gcc/arm-none-eabi/15.2.1/thumb/v7-m/nofp/crtbegin.o
                0x08000f38                        PROVIDE (__init_array_end = .)
                0x08000f38                        . = ALIGN (0x4)

.fini_array     0x08000f38        0x4
                0x08000f38                        . = ALIGN (0x4)
                [!provide]                        PROVIDE (__fini_array_start = .)
 *(SORT_BY_NAME(.fini_array.*))
 *(.fini_array*)
 .fini_array    0x08000f38        0x4 D:/Studying/embedded_systems/Software/arm-none-eabi-15.2-hf/bin/../lib/gcc/arm-none-eabi/15.2.1/thumb/v7-m/nofp/crtbegin.o
                [!provide]                        PROVIDE (__fini_array_end = .)
                0x08000f3c                        . = ALIGN (0x4)
                0x08000f3c                        _sidata = LOADADDR (.data)

.rel.dyn        0x08000f3c        0x0
 .rel.iplt      0x08000f3c        0x0 D:/Studying/embedded_systems/Software/arm-none-eabi-15.2-hf/bin/../lib/gcc/arm-none-eabi/15.2.1/thumb/v7-m/nofp/crtbegin.o

.data           0x20000000        0xc load address 0x08000f3c
                0x20000000                        . = ALIGN (0x4)
                0x20000000                        _sdata = .
 *(.data)
 *(.data*)
 .data.uwTickFreq
                0x20000000        0x1 build/stm32f1xx_hal.o
                0x20000000                uwTickFreq
 *fill*         0x20000001        0x3 
 .data.uwTickPrio
                0x20000004        0x4 build/stm32f1xx_hal.o
                0x20000004                uwTickPrio
 .data.SystemCoreClock
                0x20000008        0x4 build/system_stm32f1xx.o
                0x20000008                SystemCoreClock
 *(.RamFunc)
 *(.RamFunc*)
                0x2000000c                        . = ALIGN (0x4)
                0x2000000c                        _edata = .

.tm_clone_table
                0x2000000c        0x0 load address 0x08000f48
 .tm_clone_table
                0x2000000c        0x0 D:/Studying/embedded_systems/Software/arm-none-eabi-15.2-hf/bin/../lib/gcc/arm-none-eabi/15.2.1/thumb/v7-m/nofp/crtbegin.o
 .tm_clone_table
                0x2000000c        0x0 D:/Studying/embedded_systems/Software/arm-none-eabi-15.2-hf/bin/../lib/gcc/arm-none-eabi/15.2.1/thumb/v7-m/nofp/crtend.o

.igot.plt       0x2000000c        0x0 load address 0x08000f48
 .igot.plt      0x2000000c        0x0 D:/Studying/embedded_systems/Software/arm-none-eabi-15.2-hf/bin/../lib/gcc/arm-none-eabi/15.2.1/thumb/v7-m/nofp/crtbegin.o
                0x2000000c                        . = ALIGN (0x4)

.bss            0x2000000c       0x20 load address 0x08000f48
                0x2000000c                        _sbss = .
                0x2000000c                        __bss_start__ = _sbss
 *(.bss)
 *(.bss*)
 .bss.completed.1
                0x2000000c        0x1 D:/Studying/embedded_systems/Software/arm-none-eabi-15.2-hf/bin/../lib/gcc/arm-none-eabi/15.2.1/thumb/v7-m/nofp/crtbegin.o
 *fill*         0x2000000d        0x3 
 .bss.object.0  0x20000010       0x18 D:/Studying/embedded_systems/Software/arm-none-eabi-15.2-hf/bin/../lib/gcc/arm-none-eabi/15.2.1/thumb/v7-m/nofp/crtbegin.o
 .bss.uwTick    0x20000028        0x4 build/stm32f1xx_hal.o
                0x20000028                uwTick
 *(COMMON)
                0x2000002c                        . = ALIGN (0x4)
                0x2000002c                        _ebss = .
                0x2000002c                        __bss_end__ = _ebss

._user_heap_stack
                0x2000002c      0x604 load address 0x08000f48
                0x20000030                        . = ALIGN (0x8)
 *fill*         0x2000002c        0x4 
                [!provide]                        PROVIDE (end = .)
                0x20000030                        PROVIDE (_end = .)
                0x20000230                        . = (. + _Min_Heap_Size)
 *fill*         0x20000030      0x200 
                0x20000630                        . = (. + _Min_Stack_Size)
 *fill*         0x20000230      0x400 
                0x20000630                        . = ALIGN (0x8)

/DISCARD/
 libc.a(*)
 libm.a(*)
 libgcc.a(*)
OUTPUT(build/heatshrinkTest.elf elf32-littlearm)
LOAD linker stubs
LOAD D:/Studying/embedded_systems/Software/arm-none-eabi-15.2-hf/bin/../lib/gcc/arm-none-eabi/15.2.1/../../../../arm-none-eabi/lib/thumb/v7-m/nofp\libc.a
LOAD D:/Studying/embedded_systems/Software/arm-none-eabi-15.2-hf/bin/../lib/gcc/arm-none-eabi/15.2.1/../../../../arm-none-eabi/lib/thumb/v7-m/nofp\libm.a
LOAD D:/Studying/embedded_systems/Software/arm-none-eabi-15.2-hf/bin/../lib/gcc/arm-none-eabi/15.2.1/thumb/v7-m/nofp\libgcc.a

.ARM.attributes
                0x00000000       0x29
 .ARM.attributes
                0x00000000       0x1d D:/Studying/embedded_systems/Software/arm-none-eabi-15.2-hf/bin/../lib/gcc/arm-none-eabi/15.2.1/thumb/v7-m/nofp/crti.o
 .ARM.attributes
                0x0000001d       0x2d D:/Studying/embedded_systems/Software/arm-none-eabi-15.2-hf/bin/../lib/gcc/arm-none-eabi/15.2.1/thumb/v7-m/nofp/crtbegin.o
 .ARM.attributes
                0x0000004a       0x2d build/main.o
 .ARM.attributes
                0x00000077       0x2d build/stm32f1xx_it.o
 .ARM.attributes
                0x000000a4       0x2d build/stm32f1xx_hal_msp.o
 .ARM.attributes
                0x000000d1       0x2d build/stm32f1xx_hal.o
 .ARM.attributes
                0x000000fe       0x2d build/stm32f1xx_hal_rcc.o
 .ARM.attributes
                0x0000012b       0x2d build/stm32f1xx_hal_gpio.o
 .ARM.attributes
                0x00000158       0x2d build/stm32f1xx_hal_cortex.o
 .ARM.attributes
                0x00000185       0x2d build/system_stm32f1xx.o
 .ARM.attributes
                0x000001b2       0x21 build/startup_stm32f103xe.o
 .ARM.attributes
                0x000001d3       0x2d D:/Studying/embedded_systems/Software/arm-none-eabi-15.2-hf/bin/../lib/gcc/arm-none-eabi/15.2.1/../../../../arm-none-eabi/lib/thumb/v7-m/nofp\libc_nano.a(libc_a-memset.o)
 .ARM.attributes
                0x00000200       0x2d D:/Studying/embedded_systems/Software/arm-none-eabi-15.2-hf/bin/../lib/gcc/arm-none-eabi/15.2.1/../../../../arm-none-eabi/lib/thumb/v7-m/nofp\libc_nano.a(libc_a-init.o)
 .ARM.attributes
                0x0000022d       0x2d D:/Studying/embedded_systems/Software/arm-none-eabi-15.2-hf/bin/../lib/gcc/arm-none-eabi/15.2.1/thumb/v7-m/nofp/crtend.o
 .ARM.attributes
                0x0000025a       0x1d D:/Studying/embedded_systems/Software/arm-none-eabi-15.2-hf/bin/../lib/gcc/arm-none-eabi/15.2.1/thumb/v7-m/nofp/crtn.o

.comment        0x00000000       0x45
 .comment       0x00000000       0x45 build/main.o
                                 0x46 (size before relaxing)
 .comment       0x00000045        0x0 build/stm32f1xx_it.o
                                 0x46 (size before relaxing)
 .comment       0x00000045        0x0 build/stm32f1xx_hal_msp.o
                                 0x46 (size before relaxing)
 .comment       0x00000045        0x0 build/stm32f1xx_hal.o
                                 0x46 (size before relaxing)
 .comment       0x00000045        0x0 build/stm32f1xx_hal_rcc.o
                                 0x46 (size before relaxing)
 .comment       0x00000045        0x0 build/stm32f1xx_hal_gpio.o
                                 0x46 (size before relaxing)
 .comment       0x00000045        0x0 build/stm32f1xx_hal_cortex.o
                                 0x46 (size before relaxing)
 .comment       0x00000045        0x0 build/system_stm32f1xx.o
                                 0x46 (size before relaxing)

.debug_info     0x00000000     0x376e
 .debug_info    0x00000000      0x7d3 build/main.o
 .debug_info    0x000007d3      0x158 build/stm32f1xx_it.o
 .debug_info    0x0000092b      0x238 build/stm32f1xx_hal_msp.o
 .debug_info    0x00000b63      0x8e1 build/stm32f1xx_hal.o
 .debug_info    0x00001444      0xb10 build/stm32f1xx_hal_rcc.o
 .debug_info    0x00001f54      0x6d7 build/stm32f1xx_hal_gpio.o
 .debug_info    0x0000262b      0xea5 build/stm32f1xx_hal_cortex.o
 .debug_info    0x000034d0      0x26e build/system_stm32f1xx.o
 .debug_info    0x0000373e       0x30 build/startup_stm32f103xe.o

.debug_abbrev   0x00000000      0xfc1
 .debug_abbrev  0x00000000      0x229 build/main.o
 .debug_abbrev  0x00000229       0x80 build/stm32f1xx_it.o
 .debug_abbrev  0x000002a9       0xe7 build/stm32f1xx_hal_msp.o
 .debug_abbrev  0x00000390      0x232 build/stm32f1xx_hal.o
 .debug_abbrev  0x000005c2      0x2d6 build/stm32f1xx_hal_rcc.o
 .debug_abbrev  0x00000898      0x222 build/stm32f1xx_hal_gpio.o
 .debug_abbrev  0x00000aba      0x3aa build/stm32f1xx_hal_cortex.o
 .debug_abbrev  0x00000e64      0x140 build/system_stm32f1xx.o
 .debug_abbrev  0x00000fa4       0x1d build/startup_stm32f103xe.o

.debug_loc      0x00000000     0x195d
 .debug_loc     0x00000000       0x9f build/main.o
 .debug_loc     0x0000009f       0x20 build/stm32f1xx_it.o
 .debug_loc     0x000000bf       0x41 build/stm32f1xx_hal_msp.o
 .debug_loc     0x00000100      0x1f9 build/stm32f1xx_hal.o
 .debug_loc     0x000002f9      0x7c6 build/stm32f1xx_hal_rcc.o
 .debug_loc     0x00000abf      0x538 build/stm32f1xx_hal_gpio.o
 .debug_loc     0x00000ff7      0x84b build/stm32f1xx_hal_cortex.o
 .debug_loc     0x00001842      0x11b build/system_stm32f1xx.o

.debug_aranges  0x00000000      0x390
 .debug_aranges
                0x00000000       0x38 build/main.o
 .debug_aranges
                0x00000038       0x60 build/stm32f1xx_it.o
 .debug_aranges
                0x00000098       0x20 build/stm32f1xx_hal_msp.o
 .debug_aranges
                0x000000b8       0xe0 build/stm32f1xx_hal.o
 .debug_aranges
                0x00000198       0x90 build/stm32f1xx_hal_rcc.o
 .debug_aranges
                0x00000228       0x58 build/stm32f1xx_hal_gpio.o
 .debug_aranges
                0x00000280       0xc0 build/stm32f1xx_hal_cortex.o
 .debug_aranges
                0x00000340       0x28 build/system_stm32f1xx.o
 .debug_aranges
                0x00000368       0x28 build/startup_stm32f103xe.o

.debug_ranges   0x00000000      0x328
 .debug_ranges  0x00000000       0x28 build/main.o
 .debug_ranges  0x00000028       0x50 build/stm32f1xx_it.o
 .debug_ranges  0x00000078       0x10 build/stm32f1xx_hal_msp.o
 .debug_ranges  0x00000088       0xd0 build/stm32f1xx_hal.o
 .debug_ranges  0x00000158       0xa0 build/stm32f1xx_hal_rcc.o
 .debug_ranges  0x000001f8       0x48 build/stm32f1xx_hal_gpio.o
 .debug_ranges  0x00000240       0xb0 build/stm32f1xx_hal_cortex.o
 .debug_ranges  0x000002f0       0x18 build/system_stm32f1xx.o
 .debug_ranges  0x00000308       0x20 build/startup_stm32f103xe.o

.debug_line     0x00000000     0x27b5
 .debug_line    0x00000000      0x3d9 build/main.o
 .debug_line    0x000003d9      0x13d build/stm32f1xx_it.o
 .debug_line    0x00000516      0x172 build/stm32f1xx_hal_msp.o
 .debug_line    0x00000688      0x526 build/stm32f1xx_hal.o
 .debug_line    0x00000bae      0xca9 build/stm32f1xx_hal_rcc.o
 .debug_line    0x00001857      0x605 build/stm32f1xx_hal_gpio.o
 .debug_line    0x00001e5c      0x6ac build/stm32f1xx_hal_cortex.o
 .debug_line    0x00002508      0x23b build/system_stm32f1xx.o
 .debug_line    0x00002743       0x72 build/startup_stm32f103xe.o

.debug_str      0x00000000     0x131c
 .debug_str     0x00000000     0x131c build/main.o
                                0x436 (size before relaxing)
 .debug_str     0x0000131c        0x0 build/stm32f1xx_it.o
                                0x1ed (size before relaxing)
 .debug_str     0x0000131c        0x0 build/stm32f1xx_hal_msp.o
                                0x1ea (size before relaxing)
 .debug_str     0x0000131c        0x0 build/stm32f1xx_hal.o
                                0x8dd (size before relaxing)
 .debug_str     0x0000131c        0x0 build/stm32f1xx_hal_rcc.o
                                0x5f6 (size before relaxing)
 .debug_str     0x0000131c        0x0 build/stm32f1xx_hal_gpio.o
                                0x3cb (size before relaxing)
 .debug_str     0x0000131c        0x0 build/stm32f1xx_hal_cortex.o
                                0x982 (size before relaxing)
 .debug_str     0x0000131c        0x0 build/system_stm32f1xx.o
                                0x21f (size before relaxing)
 .debug_str     0x0000131c        0x0 build/startup_stm32f103xe.o
                                 0x56 (size before relaxing)

.debug_frame    0x00000000      0x79c
 .debug_frame   0x00000000       0x80 build/main.o
 .debug_frame   0x00000080       0xa8 build/stm32f1xx_it.o
 .debug_frame   0x00000128       0x28 build/stm32f1xx_hal_msp.o
 .debug_frame   0x00000150      0x1cc build/stm32f1xx_hal.o
 .debug_frame   0x0000031c      0x184 build/stm32f1xx_hal_rcc.o
 .debug_frame   0x000004a0       0xe4 build/stm32f1xx_hal_gpio.o
 .debug_frame   0x00000584      0x19c build/stm32f1xx_hal_cortex.o
 .debug_frame   0x00000720       0x30 build/system_stm32f1xx.o
 .debug_frame   0x00000750       0x20 D:/Studying/embedded_systems/Software/arm-none-eabi-15.2-hf/bin/../lib/gcc/arm-none-eabi/15.2.1/../../../../arm-none-eabi/lib/thumb/v7-m/nofp\libc_nano.a(libc_a-memset.o)
 .debug_frame   0x00000770       0x2c D:/Studying/embedded_systems/Software/arm-none-eabi-15.2-hf/bin/../lib/gcc/arm-none-eabi/15.2.1/../../../../arm-none-eabi/lib/thumb/v7-m/nofp\libc_nano.a(libc_a-init.o)

Cross Reference Table

Symbol                                            File
ADC1_2_IRQHandler                                 build/startup_stm32f103xe.o
ADC3_IRQHandler                                   build/startup_stm32f103xe.o
AHBPrescTable                                     build/system_stm32f1xx.o
                                                  build/stm32f1xx_hal_rcc.o
APBPrescTable                                     build/system_stm32f1xx.o
                                                  build/stm32f1xx_hal_rcc.o
BusFault_Handler                                  build/stm32f1xx_it.o
CAN1_RX1_IRQHandler                               build/startup_stm32f103xe.o
CAN1_SCE_IRQHandler                               build/startup_stm32f103xe.o
DMA1_Channel1_IRQHandler                          build/startup_stm32f103xe.o
DMA1_Channel2_IRQHandler                          build/startup_stm32f103xe.o
DMA1_Channel3_IRQHandler                          build/startup_stm32f103xe.o
DMA1_Channel4_IRQHandler                          build/startup_stm32f103xe.o
DMA1_Channel5_IRQHandler                          build/startup_stm32f103xe.o
DMA1_Channel6_IRQHandler                          build/startup_stm32f103xe.o
DMA1_Channel7_IRQHandler                          build/startup_stm32f103xe.o
DMA2_Channel1_IRQHandler                          build/startup_stm32f103xe.o
DMA2_Channel2_IRQHandler                          build/startup_stm32f103xe.o
DMA2_Channel3_IRQHandler                          build/startup_stm32f103xe.o
DMA2_Channel4_5_IRQHandler                        build/startup_stm32f103xe.o
DebugMon_Handler                                  build/stm32f1xx_it.o
Default_Handler                                   build/startup_stm32f103xe.o
EXTI0_IRQHandler                                  build/startup_stm32f103xe.o
EXTI15_10_IRQHandler                              build/startup_stm32f103xe.o
EXTI1_IRQHandler                                  build/startup_stm32f103xe.o
EXTI2_IRQHandler                                  build/startup_stm32f103xe.o
EXTI3_IRQHandler                                  build/startup_stm32f103xe.o
EXTI4_IRQHandler                                  build/startup_stm32f103xe.o
EXTI9_5_IRQHandler                                build/startup_stm32f103xe.o
Error_Handler                                     build/main.o
FLASH_IRQHandler                                  build/startup_stm32f103xe.o
FLASH_PageErase                                   build/stm32f1xx_hal_flash_ex.o
                                                  build/stm32f1xx_hal_flash.o
FLASH_WaitForLastOperation                        build/stm32f1xx_hal_flash.o
                                                  build/stm32f1xx_hal_flash_ex.o
FSMC_IRQHandler                                   build/startup_stm32f103xe.o
HAL_DBGMCU_DisableDBGSleepMode                    build/stm32f1xx_hal.o
HAL_DBGMCU_DisableDBGStandbyMode                  build/stm32f1xx_hal.o
HAL_DBGMCU_DisableDBGStopMode                     build/stm32f1xx_hal.o
HAL_DBGMCU_EnableDBGSleepMode                     build/stm32f1xx_hal.o
HAL_DBGMCU_EnableDBGStandbyMode                   build/stm32f1xx_hal.o
HAL_DBGMCU_EnableDBGStopMode                      build/stm32f1xx_hal.o
HAL_DMA_Abort                                     build/stm32f1xx_hal_dma.o
HAL_DMA_Abort_IT                                  build/stm32f1xx_hal_dma.o
HAL_DMA_DeInit                                    build/stm32f1xx_hal_dma.o
HAL_DMA_GetError                                  build/stm32f1xx_hal_dma.o
HAL_DMA_GetState                                  build/stm32f1xx_hal_dma.o
HAL_DMA_IRQHandler                                build/stm32f1xx_hal_dma.o
HAL_DMA_Init                                      build/stm32f1xx_hal_dma.o
HAL_DMA_PollForTransfer                           build/stm32f1xx_hal_dma.o
HAL_DMA_RegisterCallback                          build/stm32f1xx_hal_dma.o
HAL_DMA_Start                                     build/stm32f1xx_hal_dma.o
HAL_DMA_Start_IT                                  build/stm32f1xx_hal_dma.o
HAL_DMA_UnRegisterCallback                        build/stm32f1xx_hal_dma.o
HAL_DeInit                                        build/stm32f1xx_hal.o
HAL_Delay                                         build/stm32f1xx_hal.o
                                                  build/main.o
HAL_EXTI_ClearConfigLine                          build/stm32f1xx_hal_exti.o
HAL_EXTI_ClearPending                             build/stm32f1xx_hal_exti.o
HAL_EXTI_GenerateSWI                              build/stm32f1xx_hal_exti.o
HAL_EXTI_GetConfigLine                            build/stm32f1xx_hal_exti.o
HAL_EXTI_GetHandle                                build/stm32f1xx_hal_exti.o
HAL_EXTI_GetPending                               build/stm32f1xx_hal_exti.o
HAL_EXTI_IRQHandler                               build/stm32f1xx_hal_exti.o
HAL_EXTI_RegisterCallback                         build/stm32f1xx_hal_exti.o
HAL_EXTI_SetConfigLine                            build/stm32f1xx_hal_exti.o
HAL_FLASHEx_Erase                                 build/stm32f1xx_hal_flash_ex.o
HAL_FLASHEx_Erase_IT                              build/stm32f1xx_hal_flash_ex.o
HAL_FLASHEx_OBErase                               build/stm32f1xx_hal_flash_ex.o
HAL_FLASHEx_OBGetConfig                           build/stm32f1xx_hal_flash_ex.o
HAL_FLASHEx_OBGetUserData                         build/stm32f1xx_hal_flash_ex.o
HAL_FLASHEx_OBProgram                             build/stm32f1xx_hal_flash_ex.o
HAL_FLASH_EndOfOperationCallback                  build/stm32f1xx_hal_flash.o
HAL_FLASH_GetError                                build/stm32f1xx_hal_flash.o
HAL_FLASH_IRQHandler                              build/stm32f1xx_hal_flash.o
HAL_FLASH_Lock                                    build/stm32f1xx_hal_flash.o
HAL_FLASH_OB_Launch                               build/stm32f1xx_hal_flash.o
HAL_FLASH_OB_Lock                                 build/stm32f1xx_hal_flash.o
HAL_FLASH_OB_Unlock                               build/stm32f1xx_hal_flash.o
HAL_FLASH_OperationErrorCallback                  build/stm32f1xx_hal_flash.o
HAL_FLASH_Program                                 build/stm32f1xx_hal_flash.o
HAL_FLASH_Program_IT                              build/stm32f1xx_hal_flash.o
HAL_FLASH_Unlock                                  build/stm32f1xx_hal_flash.o
HAL_GPIOEx_ConfigEventout                         build/stm32f1xx_hal_gpio_ex.o
HAL_GPIOEx_DisableEventout                        build/stm32f1xx_hal_gpio_ex.o
HAL_GPIOEx_EnableEventout                         build/stm32f1xx_hal_gpio_ex.o
HAL_GPIO_DeInit                                   build/stm32f1xx_hal_gpio.o
HAL_GPIO_EXTI_Callback                            build/stm32f1xx_hal_gpio.o
HAL_GPIO_EXTI_IRQHandler                          build/stm32f1xx_hal_gpio.o
HAL_GPIO_Init                                     build/stm32f1xx_hal_gpio.o
                                                  build/stm32f1xx_hal_rcc.o
                                                  build/main.o
HAL_GPIO_LockPin                                  build/stm32f1xx_hal_gpio.o
HAL_GPIO_ReadPin                                  build/stm32f1xx_hal_gpio.o
HAL_GPIO_TogglePin                                build/stm32f1xx_hal_gpio.o
                                                  build/main.o
HAL_GPIO_WritePin                                 build/stm32f1xx_hal_gpio.o
                                                  build/main.o
HAL_GetDEVID                                      build/stm32f1xx_hal.o
HAL_GetHalVersion                                 build/stm32f1xx_hal.o
HAL_GetREVID                                      build/stm32f1xx_hal.o
HAL_GetTick                                       build/stm32f1xx_hal.o
                                                  build/stm32f1xx_hal_flash.o
                                                  build/stm32f1xx_hal_dma.o
                                                  build/stm32f1xx_hal_rcc_ex.o
                                                  build/stm32f1xx_hal_rcc.o
HAL_GetTickFreq                                   build/stm32f1xx_hal.o
HAL_GetTickPrio                                   build/stm32f1xx_hal.o
HAL_GetUIDw0                                      build/stm32f1xx_hal.o
HAL_GetUIDw1                                      build/stm32f1xx_hal.o
HAL_GetUIDw2                                      build/stm32f1xx_hal.o
HAL_IncTick                                       build/stm32f1xx_hal.o
                                                  build/stm32f1xx_it.o
HAL_Init                                          build/stm32f1xx_hal.o
                                                  build/main.o
HAL_InitTick                                      build/stm32f1xx_hal.o
                                                  build/stm32f1xx_hal_rcc.o
HAL_MspDeInit                                     build/stm32f1xx_hal.o
HAL_MspInit                                       build/stm32f1xx_hal_msp.o
HAL_NVIC_ClearPendingIRQ                          build/stm32f1xx_hal_cortex.o
HAL_NVIC_DisableIRQ                               build/stm32f1xx_hal_cortex.o
HAL_NVIC_EnableIRQ                                build/stm32f1xx_hal_cortex.o
HAL_NVIC_GetActive                                build/stm32f1xx_hal_cortex.o
HAL_NVIC_GetPendingIRQ                            build/stm32f1xx_hal_cortex.o
HAL_NVIC_GetPriority                              build/stm32f1xx_hal_cortex.o
HAL_NVIC_GetPriorityGrouping                      build/stm32f1xx_hal_cortex.o
HAL_NVIC_SetPendingIRQ                            build/stm32f1xx_hal_cortex.o
HAL_NVIC_SetPriority                              build/stm32f1xx_hal_cortex.o
                                                  build/stm32f1xx_hal.o
HAL_NVIC_SetPriorityGrouping                      build/stm32f1xx_hal_cortex.o
                                                  build/stm32f1xx_hal.o
HAL_NVIC_SystemReset                              build/stm32f1xx_hal_cortex.o
                                                  build/stm32f1xx_hal_flash.o
HAL_PWR_ConfigPVD                                 build/stm32f1xx_hal_pwr.o
HAL_PWR_DeInit                                    build/stm32f1xx_hal_pwr.o
HAL_PWR_DisableBkUpAccess                         build/stm32f1xx_hal_pwr.o
HAL_PWR_DisablePVD                                build/stm32f1xx_hal_pwr.o
HAL_PWR_DisableSEVOnPend                          build/stm32f1xx_hal_pwr.o
HAL_PWR_DisableSleepOnExit                        build/stm32f1xx_hal_pwr.o
HAL_PWR_DisableWakeUpPin                          build/stm32f1xx_hal_pwr.o
HAL_PWR_EnableBkUpAccess                          build/stm32f1xx_hal_pwr.o
HAL_PWR_EnablePVD                                 build/stm32f1xx_hal_pwr.o
HAL_PWR_EnableSEVOnPend                           build/stm32f1xx_hal_pwr.o
HAL_PWR_EnableSleepOnExit                         build/stm32f1xx_hal_pwr.o
HAL_PWR_EnableWakeUpPin                           build/stm32f1xx_hal_pwr.o
HAL_PWR_EnterSLEEPMode                            build/stm32f1xx_hal_pwr.o
HAL_PWR_EnterSTANDBYMode                          build/stm32f1xx_hal_pwr.o
HAL_PWR_EnterSTOPMode                             build/stm32f1xx_hal_pwr.o
HAL_PWR_PVDCallback                               build/stm32f1xx_hal_pwr.o
HAL_PWR_PVD_IRQHandler                            build/stm32f1xx_hal_pwr.o
HAL_RCCEx_GetPeriphCLKConfig                      build/stm32f1xx_hal_rcc_ex.o
HAL_RCCEx_GetPeriphCLKFreq                        build/stm32f1xx_hal_rcc_ex.o
HAL_RCCEx_PeriphCLKConfig                         build/stm32f1xx_hal_rcc_ex.o
HAL_RCC_CSSCallback                               build/stm32f1xx_hal_rcc.o
HAL_RCC_ClockConfig                               build/stm32f1xx_hal_rcc.o
                                                  build/main.o
HAL_RCC_DeInit                                    build/stm32f1xx_hal_rcc.o
HAL_RCC_DisableCSS                                build/stm32f1xx_hal_rcc.o
HAL_RCC_EnableCSS                                 build/stm32f1xx_hal_rcc.o
HAL_RCC_GetClockConfig                            build/stm32f1xx_hal_rcc.o
HAL_RCC_GetHCLKFreq                               build/stm32f1xx_hal_rcc.o
HAL_RCC_GetOscConfig                              build/stm32f1xx_hal_rcc.o
HAL_RCC_GetPCLK1Freq                              build/stm32f1xx_hal_rcc.o
HAL_RCC_GetPCLK2Freq                              build/stm32f1xx_hal_rcc.o
                                                  build/stm32f1xx_hal_rcc_ex.o
HAL_RCC_GetSysClockFreq                           build/stm32f1xx_hal_rcc.o
                                                  build/stm32f1xx_hal_rcc_ex.o
HAL_RCC_MCOConfig                                 build/stm32f1xx_hal_rcc.o
HAL_RCC_NMI_IRQHandler                            build/stm32f1xx_hal_rcc.o
HAL_RCC_OscConfig                                 build/stm32f1xx_hal_rcc.o
                                                  build/main.o
HAL_ResumeTick                                    build/stm32f1xx_hal.o
HAL_SYSTICK_CLKSourceConfig                       build/stm32f1xx_hal_cortex.o
HAL_SYSTICK_Callback                              build/stm32f1xx_hal_cortex.o
HAL_SYSTICK_Config                                build/stm32f1xx_hal_cortex.o
                                                  build/stm32f1xx_hal.o
HAL_SYSTICK_IRQHandler                            build/stm32f1xx_hal_cortex.o
HAL_SetTickFreq                                   build/stm32f1xx_hal.o
HAL_SuspendTick                                   build/stm32f1xx_hal.o
HardFault_Handler                                 build/stm32f1xx_it.o
I2C1_ER_IRQHandler                                build/startup_stm32f103xe.o
I2C1_EV_IRQHandler                                build/startup_stm32f103xe.o
I2C2_ER_IRQHandler                                build/startup_stm32f103xe.o
I2C2_EV_IRQHandler                                build/startup_stm32f103xe.o
MemManage_Handler                                 build/stm32f1xx_it.o
NMI_Handler                                       build/stm32f1xx_it.o
PVD_IRQHandler                                    build/startup_stm32f103xe.o
PendSV_Handler                                    build/stm32f1xx_it.o
RCC_IRQHandler                                    build/startup_stm32f103xe.o
RTC_Alarm_IRQHandler                              build/startup_stm32f103xe.o
RTC_IRQHandler                                    build/startup_stm32f103xe.o
Reset_Handler                                     build/startup_stm32f103xe.o
SDIO_IRQHandler                                   build/startup_stm32f103xe.o
SPI1_IRQHandler                                   build/startup_stm32f103xe.o
SPI2_IRQHandler                                   build/startup_stm32f103xe.o
SPI3_IRQHandler                                   build/startup_stm32f103xe.o
SVC_Handler                                       build/stm32f1xx_it.o
SysTick_Handler                                   build/stm32f1xx_it.o
SystemClock_Config                                build/main.o
SystemCoreClock                                   build/system_stm32f1xx.o
                                                  build/stm32f1xx_hal_rcc.o
                                                  build/stm32f1xx_hal.o
SystemCoreClockUpdate                             build/system_stm32f1xx.o
SystemInit                                        build/system_stm32f1xx.o
                                                  build/startup_stm32f103xe.o
TAMPER_IRQHandler                                 build/startup_stm32f103xe.o
TIM1_BRK_IRQHandler                               build/startup_stm32f103xe.o
TIM1_CC_IRQHandler                                build/startup_stm32f103xe.o
TIM1_TRG_COM_IRQHandler                           build/startup_stm32f103xe.o
TIM1_UP_IRQHandler                                build/startup_stm32f103xe.o
TIM2_IRQHandler                                   build/startup_stm32f103xe.o
TIM3_IRQHandler                                   build/startup_stm32f103xe.o
TIM4_IRQHandler                                   build/startup_stm32f103xe.o
TIM5_IRQHandler                                   build/startup_stm32f103xe.o
TIM6_IRQHandler                                   build/startup_stm32f103xe.o
TIM7_IRQHandler                                   build/startup_stm32f103xe.o
TIM8_BRK_IRQHandler                               build/startup_stm32f103xe.o
TIM8_CC_IRQHandler                                build/startup_stm32f103xe.o
TIM8_TRG_COM_IRQHandler                           build/startup_stm32f103xe.o
TIM8_UP_IRQHandler                                build/startup_stm32f103xe.o
UART4_IRQHandler                                  build/startup_stm32f103xe.o
UART5_IRQHandler                                  build/startup_stm32f103xe.o
USART1_IRQHandler                                 build/startup_stm32f103xe.o
USART2_IRQHandler                                 build/startup_stm32f103xe.o
USART3_IRQHandler                                 build/startup_stm32f103xe.o
USBWakeUp_IRQHandler                              build/startup_stm32f103xe.o
USB_HP_CAN1_TX_IRQHandler                         build/startup_stm32f103xe.o
USB_LP_CAN1_RX0_IRQHandler                        build/startup_stm32f103xe.o
UsageFault_Handler                                build/stm32f1xx_it.o
WWDG_IRQHandler                                   build/startup_stm32f103xe.o
_ITM_deregisterTMCloneTable                       D:/Studying/embedded_systems/Software/arm-none-eabi-15.2-hf/bin/../lib/gcc/arm-none-eabi/15.2.1/thumb/v7-m/nofp/crtbegin.o
_ITM_registerTMCloneTable                         D:/Studying/embedded_systems/Software/arm-none-eabi-15.2-hf/bin/../lib/gcc/arm-none-eabi/15.2.1/thumb/v7-m/nofp/crtbegin.o
_Min_Stack_Size                                   build/sysmem.o
__TMC_END__                                       D:/Studying/embedded_systems/Software/arm-none-eabi-15.2-hf/bin/../lib/gcc/arm-none-eabi/15.2.1/thumb/v7-m/nofp/crtend.o
                                                  D:/Studying/embedded_systems/Software/arm-none-eabi-15.2-hf/bin/../lib/gcc/arm-none-eabi/15.2.1/thumb/v7-m/nofp/crtbegin.o
__bss_end__                                       D:/Studying/embedded_systems/Software/arm-none-eabi-15.2-hf/bin/../lib/gcc/arm-none-eabi/15.2.1/../../../../arm-none-eabi/lib/thumb/v7-m/nofp/crt0.o
__bss_start__                                     D:/Studying/embedded_systems/Software/arm-none-eabi-15.2-hf/bin/../lib/gcc/arm-none-eabi/15.2.1/../../../../arm-none-eabi/lib/thumb/v7-m/nofp/crt0.o
__call_exitprocs                                  D:/Studying/embedded_systems/Software/arm-none-eabi-15.2-hf/bin/../lib/gcc/arm-none-eabi/15.2.1/../../../../arm-none-eabi/lib/thumb/v7-m/nofp\libc_nano.a(libc_a-exit.o)
__deregister_frame_info                           D:/Studying/embedded_systems/Software/arm-none-eabi-15.2-hf/bin/../lib/gcc/arm-none-eabi/15.2.1/thumb/v7-m/nofp/crtbegin.o
__dso_handle                                      D:/Studying/embedded_systems/Software/arm-none-eabi-15.2-hf/bin/../lib/gcc/arm-none-eabi/15.2.1/thumb/v7-m/nofp/crtbegin.o
__env                                             build/syscalls.o
__errno                                           D:/Studying/embedded_systems/Software/arm-none-eabi-15.2-hf/bin/../lib/gcc/arm-none-eabi/15.2.1/../../../../arm-none-eabi/lib/thumb/v7-m/nofp\libc_nano.a(libc_a-errno.o)
                                                  build/syscalls.o
                                                  build/sysmem.o
__fp_lock_all                                     D:/Studying/embedded_systems/Software/arm-none-eabi-15.2-hf/bin/../lib/gcc/arm-none-eabi/15.2.1/../../../../arm-none-eabi/lib/thumb/v7-m/nofp\libc_nano.a(libc_a-findfp.o)
__fp_unlock_all                                   D:/Studying/embedded_systems/Software/arm-none-eabi-15.2-hf/bin/../lib/gcc/arm-none-eabi/15.2.1/../../../../arm-none-eabi/lib/thumb/v7-m/nofp\libc_nano.a(libc_a-findfp.o)
__init_array_end                                  D:/Studying/embedded_systems/Software/arm-none-eabi-15.2-hf/bin/../lib/gcc/arm-none-eabi/15.2.1/../../../../arm-none-eabi/lib/thumb/v7-m/nofp\libc_nano.a(libc_a-init.o)
__init_array_start                                D:/Studying/embedded_systems/Software/arm-none-eabi-15.2-hf/bin/../lib/gcc/arm-none-eabi/15.2.1/../../../../arm-none-eabi/lib/thumb/v7-m/nofp\libc_nano.a(libc_a-init.o)
__io_getchar                                      build/syscalls.o
__io_putchar                                      build/syscalls.o
__libc_fini_array                                 D:/Studying/embedded_systems/Software/arm-none-eabi-15.2-hf/bin/../lib/gcc/arm-none-eabi/15.2.1/../../../../arm-none-eabi/lib/thumb/v7-m/nofp/crt0.o
__libc_init_array                                 D:/Studying/embedded_systems/Software/arm-none-eabi-15.2-hf/bin/../lib/gcc/arm-none-eabi/15.2.1/../../../../arm-none-eabi/lib/thumb/v7-m/nofp\libc_nano.a(libc_a-init.o)
                                                  build/startup_stm32f103xe.o
                                                  D:/Studying/embedded_systems/Software/arm-none-eabi-15.2-hf/bin/../lib/gcc/arm-none-eabi/15.2.1/../../../../arm-none-eabi/lib/thumb/v7-m/nofp/crt0.o
__lock___arc4random_mutex                         D:/Studying/embedded_systems/Software/arm-none-eabi-15.2-hf/bin/../lib/gcc/arm-none-eabi/15.2.1/../../../../arm-none-eabi/lib/thumb/v7-m/nofp\libc_nano.a(libc_a-lock.o)
__lock___at_quick_exit_mutex                      D:/Studying/embedded_systems/Software/arm-none-eabi-15.2-hf/bin/../lib/gcc/arm-none-eabi/15.2.1/../../../../arm-none-eabi/lib/thumb/v7-m/nofp\libc_nano.a(libc_a-lock.o)
__lock___atexit_recursive_mutex                   D:/Studying/embedded_systems/Software/arm-none-eabi-15.2-hf/bin/../lib/gcc/arm-none-eabi/15.2.1/../../../../arm-none-eabi/lib/thumb/v7-m/nofp\libc_nano.a(libc_a-lock.o)
__lock___dd_hash_mutex                            D:/Studying/embedded_systems/Software/arm-none-eabi-15.2-hf/bin/../lib/gcc/arm-none-eabi/15.2.1/../../../../arm-none-eabi/lib/thumb/v7-m/nofp\libc_nano.a(libc_a-lock.o)
__lock___env_recursive_mutex                      D:/Studying/embedded_systems/Software/arm-none-eabi-15.2-hf/bin/../lib/gcc/arm-none-eabi/15.2.1/../../../../arm-none-eabi/lib/thumb/v7-m/nofp\libc_nano.a(libc_a-lock.o)
__lock___malloc_recursive_mutex                   D:/Studying/embedded_systems/Software/arm-none-eabi-15.2-hf/bin/../lib/gcc/arm-none-eabi/15.2.1/../../../../arm-none-eabi/lib/thumb/v7-m/nofp\libc_nano.a(libc_a-lock.o)
                                                  D:/Studying/embedded_systems/Software/arm-none-eabi-15.2-hf/bin/../lib/gcc/arm-none-eabi/15.2.1/../../../../arm-none-eabi/lib/thumb/v7-m/nofp\libc_nano.a(libc_a-mlock.o)
__lock___sfp_recursive_mutex                      D:/Studying/embedded_systems/Software/arm-none-eabi-15.2-hf/bin/../lib/gcc/arm-none-eabi/15.2.1/../../../../arm-none-eabi/lib/thumb/v7-m/nofp\libc_nano.a(libc_a-lock.o)
                                                  D:/Studying/embedded_systems/Software/arm-none-eabi-15.2-hf/bin/../lib/gcc/arm-none-eabi/15.2.1/../../../../arm-none-eabi/lib/thumb/v7-m/nofp\libc_nano.a(libc_a-findfp.o)
__lock___tz_mutex                                 D:/Studying/embedded_systems/Software/arm-none-eabi-15.2-hf/bin/../lib/gcc/arm-none-eabi/15.2.1/../../../../arm-none-eabi/lib/thumb/v7-m/nofp\libc_nano.a(libc_a-lock.o)
__malloc_free_list                                D:/Studying/embedded_systems/Software/arm-none-eabi-15.2-hf/bin/../lib/gcc/arm-none-eabi/15.2.1/../../../../arm-none-eabi/lib/thumb/v7-m/nofp\libc_nano.a(libc_a-mallocr.o)
                                                  D:/Studying/embedded_systems/Software/arm-none-eabi-15.2-hf/bin/../lib/gcc/arm-none-eabi/15.2.1/../../../../arm-none-eabi/lib/thumb/v7-m/nofp\libc_nano.a(libc_a-freer.o)
__malloc_lock                                     D:/Studying/embedded_systems/Software/arm-none-eabi-15.2-hf/bin/../lib/gcc/arm-none-eabi/15.2.1/../../../../arm-none-eabi/lib/thumb/v7-m/nofp\libc_nano.a(libc_a-mlock.o)
                                                  D:/Studying/embedded_systems/Software/arm-none-eabi-15.2-hf/bin/../lib/gcc/arm-none-eabi/15.2.1/../../../../arm-none-eabi/lib/thumb/v7-m/nofp\libc_nano.a(libc_a-mallocr.o)
                                                  D:/Studying/embedded_systems/Software/arm-none-eabi-15.2-hf/bin/../lib/gcc/arm-none-eabi/15.2.1/../../../../arm-none-eabi/lib/thumb/v7-m/nofp\libc_nano.a(libc_a-freer.o)
__malloc_sbrk_start                               D:/Studying/embedded_systems/Software/arm-none-eabi-15.2-hf/bin/../lib/gcc/arm-none-eabi/15.2.1/../../../../arm-none-eabi/lib/thumb/v7-m/nofp\libc_nano.a(libc_a-mallocr.o)
__malloc_unlock                                   D:/Studying/embedded_systems/Software/arm-none-eabi-15.2-hf/bin/../lib/gcc/arm-none-eabi/15.2.1/../../../../arm-none-eabi/lib/thumb/v7-m/nofp\libc_nano.a(libc_a-mlock.o)
                                                  D:/Studying/embedded_systems/Software/arm-none-eabi-15.2-hf/bin/../lib/gcc/arm-none-eabi/15.2.1/../../../../arm-none-eabi/lib/thumb/v7-m/nofp\libc_nano.a(libc_a-mallocr.o)
                                                  D:/Studying/embedded_systems/Software/arm-none-eabi-15.2-hf/bin/../lib/gcc/arm-none-eabi/15.2.1/../../../../arm-none-eabi/lib/thumb/v7-m/nofp\libc_nano.a(libc_a-freer.o)
__preinit_array_end                               D:/Studying/embedded_systems/Software/arm-none-eabi-15.2-hf/bin/../lib/gcc/arm-none-eabi/15.2.1/../../../../arm-none-eabi/lib/thumb/v7-m/nofp\libc_nano.a(libc_a-init.o)
__preinit_array_start                             D:/Studying/embedded_systems/Software/arm-none-eabi-15.2-hf/bin/../lib/gcc/arm-none-eabi/15.2.1/../../../../arm-none-eabi/lib/thumb/v7-m/nofp\libc_nano.a(libc_a-init.o)
__register_frame_info                             D:/Studying/embedded_systems/Software/arm-none-eabi-15.2-hf/bin/../lib/gcc/arm-none-eabi/15.2.1/thumb/v7-m/nofp/crtbegin.o
__retarget_lock_acquire                           D:/Studying/embedded_systems/Software/arm-none-eabi-15.2-hf/bin/../lib/gcc/arm-none-eabi/15.2.1/../../../../arm-none-eabi/lib/thumb/v7-m/nofp\libc_nano.a(libc_a-lock.o)
__retarget_lock_acquire_recursive                 D:/Studying/embedded_systems/Software/arm-none-eabi-15.2-hf/bin/../lib/gcc/arm-none-eabi/15.2.1/../../../../arm-none-eabi/lib/thumb/v7-m/nofp\libc_nano.a(libc_a-lock.o)
                                                  D:/Studying/embedded_systems/Software/arm-none-eabi-15.2-hf/bin/../lib/gcc/arm-none-eabi/15.2.1/../../../../arm-none-eabi/lib/thumb/v7-m/nofp\libc_nano.a(libc_a-fflush.o)
                                                  D:/Studying/embedded_systems/Software/arm-none-eabi-15.2-hf/bin/../lib/gcc/arm-none-eabi/15.2.1/../../../../arm-none-eabi/lib/thumb/v7-m/nofp\libc_nano.a(libc_a-mlock.o)
                                                  D:/Studying/embedded_systems/Software/arm-none-eabi-15.2-hf/bin/../lib/gcc/arm-none-eabi/15.2.1/../../../../arm-none-eabi/lib/thumb/v7-m/nofp\libc_nano.a(libc_a-findfp.o)
__retarget_lock_close                             D:/Studying/embedded_systems/Software/arm-none-eabi-15.2-hf/bin/../lib/gcc/arm-none-eabi/15.2.1/../../../../arm-none-eabi/lib/thumb/v7-m/nofp\libc_nano.a(libc_a-lock.o)
__retarget_lock_close_recursive                   D:/Studying/embedded_systems/Software/arm-none-eabi-15.2-hf/bin/../lib/gcc/arm-none-eabi/15.2.1/../../../../arm-none-eabi/lib/thumb/v7-m/nofp\libc_nano.a(libc_a-lock.o)
__retarget_lock_init                              D:/Studying/embedded_systems/Software/arm-none-eabi-15.2-hf/bin/../lib/gcc/arm-none-eabi/15.2.1/../../../../arm-none-eabi/lib/thumb/v7-m/nofp\libc_nano.a(libc_a-lock.o)
__retarget_lock_init_recursive                    D:/Studying/embedded_systems/Software/arm-none-eabi-15.2-hf/bin/../lib/gcc/arm-none-eabi/15.2.1/../../../../arm-none-eabi/lib/thumb/v7-m/nofp\libc_nano.a(libc_a-lock.o)
                                                  D:/Studying/embedded_systems/Software/arm-none-eabi-15.2-hf/bin/../lib/gcc/arm-none-eabi/15.2.1/../../../../arm-none-eabi/lib/thumb/v7-m/nofp\libc_nano.a(libc_a-findfp.o)
__retarget_lock_release                           D:/Studying/embedded_systems/Software/arm-none-eabi-15.2-hf/bin/../lib/gcc/arm-none-eabi/15.2.1/../../../../arm-none-eabi/lib/thumb/v7-m/nofp\libc_nano.a(libc_a-lock.o)
__retarget_lock_release_recursive                 D:/Studying/embedded_systems/Software/arm-none-eabi-15.2-hf/bin/../lib/gcc/arm-none-eabi/15.2.1/../../../../arm-none-eabi/lib/thumb/v7-m/nofp\libc_nano.a(libc_a-lock.o)
                                                  D:/Studying/embedded_systems/Software/arm-none-eabi-15.2-hf/bin/../lib/gcc/arm-none-eabi/15.2.1/../../../../arm-none-eabi/lib/thumb/v7-m/nofp\libc_nano.a(libc_a-fflush.o)
                                                  D:/Studying/embedded_systems/Software/arm-none-eabi-15.2-hf/bin/../lib/gcc/arm-none-eabi/15.2.1/../../../../arm-none-eabi/lib/thumb/v7-m/nofp\libc_nano.a(libc_a-mlock.o)
                                                  D:/Studying/embedded_systems/Software/arm-none-eabi-15.2-hf/bin/../lib/gcc/arm-none-eabi/15.2.1/../../../../arm-none-eabi/lib/thumb/v7-m/nofp\libc_nano.a(libc_a-findfp.o)
__retarget_lock_try_acquire                       D:/Studying/embedded_systems/Software/arm-none-eabi-15.2-hf/bin/../lib/gcc/arm-none-eabi/15.2.1/../../../../arm-none-eabi/lib/thumb/v7-m/nofp\libc_nano.a(libc_a-lock.o)
__retarget_lock_try_acquire_recursive             D:/Studying/embedded_systems/Software/arm-none-eabi-15.2-hf/bin/../lib/gcc/arm-none-eabi/15.2.1/../../../../arm-none-eabi/lib/thumb/v7-m/nofp\libc_nano.a(libc_a-lock.o)
__sclose                                          D:/Studying/embedded_systems/Software/arm-none-eabi-15.2-hf/bin/../lib/gcc/arm-none-eabi/15.2.1/../../../../arm-none-eabi/lib/thumb/v7-m/nofp\libc_nano.a(libc_a-stdio.o)
                                                  D:/Studying/embedded_systems/Software/arm-none-eabi-15.2-hf/bin/../lib/gcc/arm-none-eabi/15.2.1/../../../../arm-none-eabi/lib/thumb/v7-m/nofp\libc_nano.a(libc_a-findfp.o)
__seofread                                        D:/Studying/embedded_systems/Software/arm-none-eabi-15.2-hf/bin/../lib/gcc/arm-none-eabi/15.2.1/../../../../arm-none-eabi/lib/thumb/v7-m/nofp\libc_nano.a(libc_a-stdio.o)
__sf                                              D:/Studying/embedded_systems/Software/arm-none-eabi-15.2-hf/bin/../lib/gcc/arm-none-eabi/15.2.1/../../../../arm-none-eabi/lib/thumb/v7-m/nofp\libc_nano.a(libc_a-findfp.o)
                                                  D:/Studying/embedded_systems/Software/arm-none-eabi-15.2-hf/bin/../lib/gcc/arm-none-eabi/15.2.1/../../../../arm-none-eabi/lib/thumb/v7-m/nofp\libc_nano.a(libc_a-impure.o)
__sflush_r                                        D:/Studying/embedded_systems/Software/arm-none-eabi-15.2-hf/bin/../lib/gcc/arm-none-eabi/15.2.1/../../../../arm-none-eabi/lib/thumb/v7-m/nofp\libc_nano.a(libc_a-fflush.o)
__sfp                                             D:/Studying/embedded_systems/Software/arm-none-eabi-15.2-hf/bin/../lib/gcc/arm-none-eabi/15.2.1/../../../../arm-none-eabi/lib/thumb/v7-m/nofp\libc_nano.a(libc_a-findfp.o)
__sfp_lock_acquire                                D:/Studying/embedded_systems/Software/arm-none-eabi-15.2-hf/bin/../lib/gcc/arm-none-eabi/15.2.1/../../../../arm-none-eabi/lib/thumb/v7-m/nofp\libc_nano.a(libc_a-findfp.o)
__sfp_lock_release                                D:/Studying/embedded_systems/Software/arm-none-eabi-15.2-hf/bin/../lib/gcc/arm-none-eabi/15.2.1/../../../../arm-none-eabi/lib/thumb/v7-m/nofp\libc_nano.a(libc_a-findfp.o)
__sglue                                           D:/Studying/embedded_systems/Software/arm-none-eabi-15.2-hf/bin/../lib/gcc/arm-none-eabi/15.2.1/../../../../arm-none-eabi/lib/thumb/v7-m/nofp\libc_nano.a(libc_a-findfp.o)
                                                  D:/Studying/embedded_systems/Software/arm-none-eabi-15.2-hf/bin/../lib/gcc/arm-none-eabi/15.2.1/../../../../arm-none-eabi/lib/thumb/v7-m/nofp\libc_nano.a(libc_a-fflush.o)
__sinit                                           D:/Studying/embedded_systems/Software/arm-none-eabi-15.2-hf/bin/../lib/gcc/arm-none-eabi/15.2.1/../../../../arm-none-eabi/lib/thumb/v7-m/nofp\libc_nano.a(libc_a-findfp.o)
                                                  D:/Studying/embedded_systems/Software/arm-none-eabi-15.2-hf/bin/../lib/gcc/arm-none-eabi/15.2.1/../../../../arm-none-eabi/lib/thumb/v7-m/nofp\libc_nano.a(libc_a-fflush.o)
__sread                                           D:/Studying/embedded_systems/Software/arm-none-eabi-15.2-hf/bin/../lib/gcc/arm-none-eabi/15.2.1/../../../../arm-none-eabi/lib/thumb/v7-m/nofp\libc_nano.a(libc_a-stdio.o)
                                                  D:/Studying/embedded_systems/Software/arm-none-eabi-15.2-hf/bin/../lib/gcc/arm-none-eabi/15.2.1/../../../../arm-none-eabi/lib/thumb/v7-m/nofp\libc_nano.a(libc_a-findfp.o)
__sseek                                           D:/Studying/embedded_systems/Software/arm-none-eabi-15.2-hf/bin/../lib/gcc/arm-none-eabi/15.2.1/../../../../arm-none-eabi/lib/thumb/v7-m/nofp\libc_nano.a(libc_a-stdio.o)
                                                  D:/Studying/embedded_systems/Software/arm-none-eabi-15.2-hf/bin/../lib/gcc/arm-none-eabi/15.2.1/../../../../arm-none-eabi/lib/thumb/v7-m/nofp\libc_nano.a(libc_a-findfp.o)
__stack                                           D:/Studying/embedded_systems/Software/arm-none-eabi-15.2-hf/bin/../lib/gcc/arm-none-eabi/15.2.1/../../../../arm-none-eabi/lib/thumb/v7-m/nofp/crt0.o
__stdio_exit_handler                              D:/Studying/embedded_systems/Software/arm-none-eabi-15.2-hf/bin/../lib/gcc/arm-none-eabi/15.2.1/../../../../arm-none-eabi/lib/thumb/v7-m/nofp\libc_nano.a(libc_a-findfp.o)
                                                  D:/Studying/embedded_systems/Software/arm-none-eabi-15.2-hf/bin/../lib/gcc/arm-none-eabi/15.2.1/../../../../arm-none-eabi/lib/thumb/v7-m/nofp\libc_nano.a(libc_a-exit.o)
__swrite                                          D:/Studying/embedded_systems/Software/arm-none-eabi-15.2-hf/bin/../lib/gcc/arm-none-eabi/15.2.1/../../../../arm-none-eabi/lib/thumb/v7-m/nofp\libc_nano.a(libc_a-stdio.o)
                                                  D:/Studying/embedded_systems/Software/arm-none-eabi-15.2-hf/bin/../lib/gcc/arm-none-eabi/15.2.1/../../../../arm-none-eabi/lib/thumb/v7-m/nofp\libc_nano.a(libc_a-findfp.o)
_close                                            build/syscalls.o
                                                  D:/Studying/embedded_systems/Software/arm-none-eabi-15.2-hf/bin/../lib/gcc/arm-none-eabi/15.2.1/../../../../arm-none-eabi/lib/thumb/v7-m/nofp\libc_nano.a(libc_a-closer.o)
_close_r                                          D:/Studying/embedded_systems/Software/arm-none-eabi-15.2-hf/bin/../lib/gcc/arm-none-eabi/15.2.1/../../../../arm-none-eabi/lib/thumb/v7-m/nofp\libc_nano.a(libc_a-closer.o)
                                                  D:/Studying/embedded_systems/Software/arm-none-eabi-15.2-hf/bin/../lib/gcc/arm-none-eabi/15.2.1/../../../../arm-none-eabi/lib/thumb/v7-m/nofp\libc_nano.a(libc_a-stdio.o)
_ebss                                             build/startup_stm32f103xe.o
_edata                                            build/startup_stm32f103xe.o
_end                                              build/sysmem.o
_estack                                           build/startup_stm32f103xe.o
                                                  build/sysmem.o
_execve                                           build/syscalls.o
_exit                                             build/syscalls.o
                                                  D:/Studying/embedded_systems/Software/arm-none-eabi-15.2-hf/bin/../lib/gcc/arm-none-eabi/15.2.1/../../../../arm-none-eabi/lib/thumb/v7-m/nofp\libc_nano.a(libc_a-exit.o)
_fflush_r                                         D:/Studying/embedded_systems/Software/arm-none-eabi-15.2-hf/bin/../lib/gcc/arm-none-eabi/15.2.1/../../../../arm-none-eabi/lib/thumb/v7-m/nofp\libc_nano.a(libc_a-fflush.o)
                                                  D:/Studying/embedded_systems/Software/arm-none-eabi-15.2-hf/bin/../lib/gcc/arm-none-eabi/15.2.1/../../../../arm-none-eabi/lib/thumb/v7-m/nofp\libc_nano.a(libc_a-findfp.o)
_fini                                             D:/Studying/embedded_systems/Software/arm-none-eabi-15.2-hf/bin/../lib/gcc/arm-none-eabi/15.2.1/thumb/v7-m/nofp/crti.o
_fork                                             build/syscalls.o
_free_r                                           D:/Studying/embedded_systems/Software/arm-none-eabi-15.2-hf/bin/../lib/gcc/arm-none-eabi/15.2.1/../../../../arm-none-eabi/lib/thumb/v7-m/nofp\libc_nano.a(libc_a-freer.o)
                                                  D:/Studying/embedded_systems/Software/arm-none-eabi-15.2-hf/bin/../lib/gcc/arm-none-eabi/15.2.1/../../../../arm-none-eabi/lib/thumb/v7-m/nofp\libc_nano.a(libc_a-fflush.o)
                                                  D:/Studying/embedded_systems/Software/arm-none-eabi-15.2-hf/bin/../lib/gcc/arm-none-eabi/15.2.1/../../../../arm-none-eabi/lib/thumb/v7-m/nofp\libc_nano.a(libc_a-reent.o)
_fstat                                            build/syscalls.o
_fwalk_sglue                                      D:/Studying/embedded_systems/Software/arm-none-eabi-15.2-hf/bin/../lib/gcc/arm-none-eabi/15.2.1/../../../../arm-none-eabi/lib/thumb/v7-m/nofp\libc_nano.a(libc_a-fwalk.o)
                                                  D:/Studying/embedded_systems/Software/arm-none-eabi-15.2-hf/bin/../lib/gcc/arm-none-eabi/15.2.1/../../../../arm-none-eabi/lib/thumb/v7-m/nofp\libc_nano.a(libc_a-fflush.o)
                                                  D:/Studying/embedded_systems/Software/arm-none-eabi-15.2-hf/bin/../lib/gcc/arm-none-eabi/15.2.1/../../../../arm-none-eabi/lib/thumb/v7-m/nofp\libc_nano.a(libc_a-findfp.o)
_getpid                                           build/syscalls.o
_impure_data                                      D:/Studying/embedded_systems/Software/arm-none-eabi-15.2-hf/bin/../lib/gcc/arm-none-eabi/15.2.1/../../../../arm-none-eabi/lib/thumb/v7-m/nofp\libc_nano.a(libc_a-impure.o)
                                                  D:/Studying/embedded_systems/Software/arm-none-eabi-15.2-hf/bin/../lib/gcc/arm-none-eabi/15.2.1/../../../../arm-none-eabi/lib/thumb/v7-m/nofp\libc_nano.a(libc_a-fflush.o)
                                                  D:/Studying/embedded_systems/Software/arm-none-eabi-15.2-hf/bin/../lib/gcc/arm-none-eabi/15.2.1/../../../../arm-none-eabi/lib/thumb/v7-m/nofp\libc_nano.a(libc_a-findfp.o)
_impure_ptr                                       D:/Studying/embedded_systems/Software/arm-none-eabi-15.2-hf/bin/../lib/gcc/arm-none-eabi/15.2.1/../../../../arm-none-eabi/lib/thumb/v7-m/nofp\libc_nano.a(libc_a-impure.o)
                                                  D:/Studying/embedded_systems/Software/arm-none-eabi-15.2-hf/bin/../lib/gcc/arm-none-eabi/15.2.1/../../../../arm-none-eabi/lib/thumb/v7-m/nofp\libc_nano.a(libc_a-fflush.o)
                                                  D:/Studying/embedded_systems/Software/arm-none-eabi-15.2-hf/bin/../lib/gcc/arm-none-eabi/15.2.1/../../../../arm-none-eabi/lib/thumb/v7-m/nofp\libc_nano.a(libc_a-errno.o)
                                                  D:/Studying/embedded_systems/Software/arm-none-eabi-15.2-hf/bin/../lib/gcc/arm-none-eabi/15.2.1/../../../../arm-none-eabi/lib/thumb/v7-m/nofp\libc_nano.a(libc_a-reent.o)
_init                                             D:/Studying/embedded_systems/Software/arm-none-eabi-15.2-hf/bin/../lib/gcc/arm-none-eabi/15.2.1/thumb/v7-m/nofp/crti.o
                                                  D:/Studying/embedded_systems/Software/arm-none-eabi-15.2-hf/bin/../lib/gcc/arm-none-eabi/15.2.1/../../../../arm-none-eabi/lib/thumb/v7-m/nofp\libc_nano.a(libc_a-init.o)
_isatty                                           build/syscalls.o
_kill                                             build/syscalls.o
_link                                             build/syscalls.o
_lseek                                            build/syscalls.o
                                                  D:/Studying/embedded_systems/Software/arm-none-eabi-15.2-hf/bin/../lib/gcc/arm-none-eabi/15.2.1/../../../../arm-none-eabi/lib/thumb/v7-m/nofp\libc_nano.a(libc_a-lseekr.o)
_lseek_r                                          D:/Studying/embedded_systems/Software/arm-none-eabi-15.2-hf/bin/../lib/gcc/arm-none-eabi/15.2.1/../../../../arm-none-eabi/lib/thumb/v7-m/nofp\libc_nano.a(libc_a-lseekr.o)
                                                  D:/Studying/embedded_systems/Software/arm-none-eabi-15.2-hf/bin/../lib/gcc/arm-none-eabi/15.2.1/../../../../arm-none-eabi/lib/thumb/v7-m/nofp\libc_nano.a(libc_a-stdio.o)
_mainCRTStartup                                   D:/Studying/embedded_systems/Software/arm-none-eabi-15.2-hf/bin/../lib/gcc/arm-none-eabi/15.2.1/../../../../arm-none-eabi/lib/thumb/v7-m/nofp/crt0.o
_malloc_r                                         D:/Studying/embedded_systems/Software/arm-none-eabi-15.2-hf/bin/../lib/gcc/arm-none-eabi/15.2.1/../../../../arm-none-eabi/lib/thumb/v7-m/nofp\libc_nano.a(libc_a-mallocr.o)
                                                  D:/Studying/embedded_systems/Software/arm-none-eabi-15.2-hf/bin/../lib/gcc/arm-none-eabi/15.2.1/../../../../arm-none-eabi/lib/thumb/v7-m/nofp\libc_nano.a(libc_a-findfp.o)
_open                                             build/syscalls.o
_read                                             build/syscalls.o
                                                  D:/Studying/embedded_systems/Software/arm-none-eabi-15.2-hf/bin/../lib/gcc/arm-none-eabi/15.2.1/../../../../arm-none-eabi/lib/thumb/v7-m/nofp\libc_nano.a(libc_a-readr.o)
_read_r                                           D:/Studying/embedded_systems/Software/arm-none-eabi-15.2-hf/bin/../lib/gcc/arm-none-eabi/15.2.1/../../../../arm-none-eabi/lib/thumb/v7-m/nofp\libc_nano.a(libc_a-readr.o)
                                                  D:/Studying/embedded_systems/Software/arm-none-eabi-15.2-hf/bin/../lib/gcc/arm-none-eabi/15.2.1/../../../../arm-none-eabi/lib/thumb/v7-m/nofp\libc_nano.a(libc_a-stdio.o)
_reclaim_reent                                    D:/Studying/embedded_systems/Software/arm-none-eabi-15.2-hf/bin/../lib/gcc/arm-none-eabi/15.2.1/../../../../arm-none-eabi/lib/thumb/v7-m/nofp\libc_nano.a(libc_a-reent.o)
_sbrk                                             build/sysmem.o
                                                  D:/Studying/embedded_systems/Software/arm-none-eabi-15.2-hf/bin/../lib/gcc/arm-none-eabi/15.2.1/../../../../arm-none-eabi/lib/thumb/v7-m/nofp\libc_nano.a(libc_a-sbrkr.o)
_sbrk_r                                           D:/Studying/embedded_systems/Software/arm-none-eabi-15.2-hf/bin/../lib/gcc/arm-none-eabi/15.2.1/../../../../arm-none-eabi/lib/thumb/v7-m/nofp\libc_nano.a(libc_a-sbrkr.o)
                                                  D:/Studying/embedded_systems/Software/arm-none-eabi-15.2-hf/bin/../lib/gcc/arm-none-eabi/15.2.1/../../../../arm-none-eabi/lib/thumb/v7-m/nofp\libc_nano.a(libc_a-mallocr.o)
_sbss                                             build/startup_stm32f103xe.o
_sdata                                            build/startup_stm32f103xe.o
_sidata                                           build/startup_stm32f103xe.o
_stack_init                                       D:/Studying/embedded_systems/Software/arm-none-eabi-15.2-hf/bin/../lib/gcc/arm-none-eabi/15.2.1/../../../../arm-none-eabi/lib/thumb/v7-m/nofp/crt0.o
_start                                            D:/Studying/embedded_systems/Software/arm-none-eabi-15.2-hf/bin/../lib/gcc/arm-none-eabi/15.2.1/../../../../arm-none-eabi/lib/thumb/v7-m/nofp/crt0.o
_stat                                             build/syscalls.o
_times                                            build/syscalls.o
_unlink                                           build/syscalls.o
_wait                                             build/syscalls.o
_write                                            build/syscalls.o
                                                  D:/Studying/embedded_systems/Software/arm-none-eabi-15.2-hf/bin/../lib/gcc/arm-none-eabi/15.2.1/../../../../arm-none-eabi/lib/thumb/v7-m/nofp\libc_nano.a(libc_a-writer.o)
_write_r                                          D:/Studying/embedded_systems/Software/arm-none-eabi-15.2-hf/bin/../lib/gcc/arm-none-eabi/15.2.1/../../../../arm-none-eabi/lib/thumb/v7-m/nofp\libc_nano.a(libc_a-writer.o)
                                                  D:/Studying/embedded_systems/Software/arm-none-eabi-15.2-hf/bin/../lib/gcc/arm-none-eabi/15.2.1/../../../../arm-none-eabi/lib/thumb/v7-m/nofp\libc_nano.a(libc_a-stdio.o)
atexit                                            D:/Studying/embedded_systems/Software/arm-none-eabi-15.2-hf/bin/../lib/gcc/arm-none-eabi/15.2.1/../../../../arm-none-eabi/lib/thumb/v7-m/nofp/crt0.o
environ                                           build/syscalls.o
errno                                             D:/Studying/embedded_systems/Software/arm-none-eabi-15.2-hf/bin/../lib/gcc/arm-none-eabi/15.2.1/../../../../arm-none-eabi/lib/thumb/v7-m/nofp\libc_nano.a(libc_a-reent.o)
                                                  D:/Studying/embedded_systems/Software/arm-none-eabi-15.2-hf/bin/../lib/gcc/arm-none-eabi/15.2.1/../../../../arm-none-eabi/lib/thumb/v7-m/nofp\libc_nano.a(libc_a-sbrkr.o)
                                                  D:/Studying/embedded_systems/Software/arm-none-eabi-15.2-hf/bin/../lib/gcc/arm-none-eabi/15.2.1/../../../../arm-none-eabi/lib/thumb/v7-m/nofp\libc_nano.a(libc_a-writer.o)
                                                  D:/Studying/embedded_systems/Software/arm-none-eabi-15.2-hf/bin/../lib/gcc/arm-none-eabi/15.2.1/../../../../arm-none-eabi/lib/thumb/v7-m/nofp\libc_nano.a(libc_a-readr.o)
                                                  D:/Studying/embedded_systems/Software/arm-none-eabi-15.2-hf/bin/../lib/gcc/arm-none-eabi/15.2.1/../../../../arm-none-eabi/lib/thumb/v7-m/nofp\libc_nano.a(libc_a-lseekr.o)
                                                  D:/Studying/embedded_systems/Software/arm-none-eabi-15.2-hf/bin/../lib/gcc/arm-none-eabi/15.2.1/../../../../arm-none-eabi/lib/thumb/v7-m/nofp\libc_nano.a(libc_a-closer.o)
exit                                              D:/Studying/embedded_systems/Software/arm-none-eabi-15.2-hf/bin/../lib/gcc/arm-none-eabi/15.2.1/../../../../arm-none-eabi/lib/thumb/v7-m/nofp\libc_nano.a(libc_a-exit.o)
                                                  D:/Studying/embedded_systems/Software/arm-none-eabi-15.2-hf/bin/../lib/gcc/arm-none-eabi/15.2.1/../../../../arm-none-eabi/lib/thumb/v7-m/nofp/crt0.o
fflush                                            D:/Studying/embedded_systems/Software/arm-none-eabi-15.2-hf/bin/../lib/gcc/arm-none-eabi/15.2.1/../../../../arm-none-eabi/lib/thumb/v7-m/nofp\libc_nano.a(libc_a-fflush.o)
g_pfnVectors                                      build/startup_stm32f103xe.o
hardware_init_hook                                D:/Studying/embedded_systems/Software/arm-none-eabi-15.2-hf/bin/../lib/gcc/arm-none-eabi/15.2.1/../../../../arm-none-eabi/lib/thumb/v7-m/nofp/crt0.o
initialise_monitor_handles                        build/syscalls.o
main                                              build/main.o
                                                  build/startup_stm32f103xe.o
                                                  D:/Studying/embedded_systems/Software/arm-none-eabi-15.2-hf/bin/../lib/gcc/arm-none-eabi/15.2.1/../../../../arm-none-eabi/lib/thumb/v7-m/nofp/crt0.o
memset                                            D:/Studying/embedded_systems/Software/arm-none-eabi-15.2-hf/bin/../lib/gcc/arm-none-eabi/15.2.1/../../../../arm-none-eabi/lib/thumb/v7-m/nofp\libc_nano.a(libc_a-memset.o)
                                                  D:/Studying/embedded_systems/Software/arm-none-eabi-15.2-hf/bin/../lib/gcc/arm-none-eabi/15.2.1/../../../../arm-none-eabi/lib/thumb/v7-m/nofp\libc_nano.a(libc_a-findfp.o)
                                                  build/main.o
                                                  D:/Studying/embedded_systems/Software/arm-none-eabi-15.2-hf/bin/../lib/gcc/arm-none-eabi/15.2.1/../../../../arm-none-eabi/lib/thumb/v7-m/nofp/crt0.o
pFlash                                            build/stm32f1xx_hal_flash.o
                                                  build/stm32f1xx_hal_flash_ex.o
software_init_hook                                D:/Studying/embedded_systems/Software/arm-none-eabi-15.2-hf/bin/../lib/gcc/arm-none-eabi/15.2.1/../../../../arm-none-eabi/lib/thumb/v7-m/nofp/crt0.o
uwTick                                            build/stm32f1xx_hal.o
uwTickFreq                                        build/stm32f1xx_hal.o
uwTickPrio                                        build/stm32f1xx_hal.o
                                                  build/stm32f1xx_hal_rcc.o
