Archive member included to satisfy reference by file (symbol)

D:/Studying/embedded_systems/Software/arm-none-eabi-15.2-hf/bin/../lib/gcc/arm-none-eabi/15.2.1/../../../../arm-none-eabi/lib/thumb/v7-m/nofp\libc_nano.a(libc_a-exit.o)
                              D:/Studying/embedded_systems/Software/arm-none-eabi-15.2-hf/bin/../lib/gcc/arm-none-eabi/15.2.1/../../../../arm-none-eabi/lib/thumb/v7-m/nofp/crt0.o (exit)
D:/Studying/embedded_systems/Software/arm-none-eabi-15.2-hf/bin/../lib/gcc/arm-none-eabi/15.2.1/../../../../arm-none-eabi/lib/thumb/v7-m/nofp\libc_nano.a(libc_a-findfp.o)
                              D:/Studying/embedded_systems/Software/arm-none-eabi-15.2-hf/bin/../lib/gcc/arm-none-eabi/15.2.1/../../../../arm-none-eabi/lib/thumb/v7-m/nofp\libc_nano.a(libc_a-exit.o) (__stdio_exit_handler)
D:/Studying/embedded_systems/Software/arm-none-eabi-15.2-hf/bin/../lib/gcc/arm-none-eabi/15.2.1/../../../../arm-none-eabi/lib/thumb/v7-m/nofp\libc_nano.a(libc_a-fwalk.o)
                              D:/Studying/embedded_systems/Software/arm-none-eabi-15.2-hf/bin/../lib/gcc/arm-none-eabi/15.2.1/../../../../arm-none-eabi/lib/thumb/v7-m/nofp\libc_nano.a(libc_a-findfp.o) (_fwalk_sglue)
D:/Studying/embedded_systems/Software/arm-none-eabi-15.2-hf/bin/../lib/gcc/arm-none-eabi/15.2.1/../../../../arm-none-eabi/lib/thumb/v7-m/nofp\libc_nano.a(libc_a-stdio.o)
                              D:/Studying/embedded_systems/Software/arm-none-eabi-15.2-hf/bin/../lib/gcc/arm-none-eabi/15.2.1/../../../../arm-none-eabi/lib/thumb/v7-m/nofp\libc_nano.a(libc_a-findfp.o) (__sread)
D:/Studying/embedded_systems/Software/arm-none-eabi-15.2-hf/bin/../lib/gcc/arm-none-eabi/15.2.1/../../../../arm-none-eabi/lib/thumb/v7-m/nofp\libc_nano.a(libc_a-memmove.o)
                              build/heatshrink_encoder.o (memmove)
D:/Studying/embedded_systems/Software/arm-none-eabi-15.2-hf/bin/../lib/gcc/arm-none-eabi/15.2.1/../../../../arm-none-eabi/lib/thumb/v7-m/nofp\libc_nano.a(libc_a-memset.o)
                              D:/Studying/embedded_systems/Software/arm-none-eabi-15.2-hf/bin/../lib/gcc/arm-none-eabi/15.2.1/../../../../arm-none-eabi/lib/thumb/v7-m/nofp/crt0.o (memset)
D:/Studying/embedded_systems/Software/arm-none-eabi-15.2-hf/bin/../lib/gcc/arm-none-eabi/15.2.1/../../../../arm-none-eabi/lib/thumb/v7-m/nofp\libc_nano.a(libc_a-closer.o)
                              D:/Studying/embedded_systems/Software/arm-none-eabi-15.2-hf/bin/../lib/gcc/arm-none-eabi/15.2.1/../../../../arm-none-eabi/lib/thumb/v7-m/nofp\libc_nano.a(libc_a-stdio.o) (_close_r)
D:/Studying/embedded_systems/Software/arm-none-eabi-15.2-hf/bin/../lib/gcc/arm-none-eabi/15.2.1/../../../../arm-none-eabi/lib/thumb/v7-m/nofp\libc_nano.a(libc_a-reent.o)
                              D:/Studying/embedded_systems/Software/arm-none-eabi-15.2-hf/bin/../lib/gcc/arm-none-eabi/15.2.1/../../../../arm-none-eabi/lib/thumb/v7-m/nofp\libc_nano.a(libc_a-closer.o) (errno)
D:/Studying/embedded_systems/Software/arm-none-eabi-15.2-hf/bin/../lib/gcc/arm-none-eabi/15.2.1/../../../../arm-none-eabi/lib/thumb/v7-m/nofp\libc_nano.a(libc_a-impure.o)
                              D:/Studying/embedded_systems/Software/arm-none-eabi-15.2-hf/bin/../lib/gcc/arm-none-eabi/15.2.1/../../../../arm-none-eabi/lib/thumb/v7-m/nofp\libc_nano.a(libc_a-reent.o) (_impure_ptr)
D:/Studying/embedded_systems/Software/arm-none-eabi-15.2-hf/bin/../lib/gcc/arm-none-eabi/15.2.1/../../../../arm-none-eabi/lib/thumb/v7-m/nofp\libc_nano.a(libc_a-lseekr.o)
                              D:/Studying/embedded_systems/Software/arm-none-eabi-15.2-hf/bin/../lib/gcc/arm-none-eabi/15.2.1/../../../../arm-none-eabi/lib/thumb/v7-m/nofp\libc_nano.a(libc_a-stdio.o) (_lseek_r)
D:/Studying/embedded_systems/Software/arm-none-eabi-15.2-hf/bin/../lib/gcc/arm-none-eabi/15.2.1/../../../../arm-none-eabi/lib/thumb/v7-m/nofp\libc_nano.a(libc_a-readr.o)
                              D:/Studying/embedded_systems/Software/arm-none-eabi-15.2-hf/bin/../lib/gcc/arm-none-eabi/15.2.1/../../../../arm-none-eabi/lib/thumb/v7-m/nofp\libc_nano.a(libc_a-stdio.o) (_read_r)
D:/Studying/embedded_systems/Software/arm-none-eabi-15.2-hf/bin/../lib/gcc/arm-none-eabi/15.2.1/../../../../arm-none-eabi/lib/thumb/v7-m/nofp\libc_nano.a(libc_a-writer.o)
                              D:/Studying/embedded_systems/Software/arm-none-eabi-15.2-hf/bin/../lib/gcc/arm-none-eabi/15.2.1/../../../../arm-none-eabi/lib/thumb/v7-m/nofp\libc_nano.a(libc_a-stdio.o) (_write_r)
D:/Studying/embedded_systems/Software/arm-none-eabi-15.2-hf/bin/../lib/gcc/arm-none-eabi/15.2.1/../../../../arm-none-eabi/lib/thumb/v7-m/nofp\libc_nano.a(libc_a-errno.o)
                              build/sysmem.o (__errno)
D:/Studying/embedded_systems/Software/arm-none-eabi-15.2-hf/bin/../lib/gcc/arm-none-eabi/15.2.1/../../../../arm-none-eabi/lib/thumb/v7-m/nofp\libc_nano.a(libc_a-init.o)
[...]
Memory Configuration

Name             Origin             Length             Attributes
RAM              0x20000000         0x00010000         xrw
FLASH            0x08000000         0x00002800         xr
*default*        0x00000000         0xffffffff

Linker script and memory map

LOAD D:/Studying/embedded_systems/Software/arm-none-eabi-15.2-hf/bin/../lib/gcc/arm-none-eabi/15.2.1/thumb/v7-m/nofp/crti.o
LOAD D:/Studying/embedded_systems/Software/arm-none-eabi-15.2-hf/bin/../lib/gcc/arm-none-eabi/15.2.1/thumb/v7-m/nofp/crtbegin.o
LOAD D:/Studying/embedded_systems/Software/arm-none-eabi-15.2-hf/bin/../lib/gcc/arm-none-eabi/15.2.1/../../../../arm-none-eabi/lib/thumb/v7-m/nofp/crt0.o
LOAD build/main.o
LOAD build/stm32f1xx_it.o
LOAD build/stm32f1xx_hal_msp.o
LOAD build/dwt_timer.o
LOAD build/stm32f1xx_hal_gpio_ex.o
LOAD build/stm32f1xx_hal.o
LOAD build/stm32f1xx_hal_rcc.o
LOAD build/stm32f1xx_hal_rcc_ex.o
LOAD build/stm32f1xx_hal_gpio.o
LOAD build/stm32f1xx_hal_dma.o
LOAD build/stm32f1xx_hal_cortex.o
LOAD build/stm32f1xx_hal_pwr.o
LOAD build/stm32f1xx_hal_flash.o
LOAD build/stm32f1xx_hal_flash_ex.o
LOAD build/stm32f1xx_hal_exti.o
LOAD build/system_stm32f1xx.o
LOAD build/sysmem.o
LOAD build/syscalls.o
LOAD build/heatshrink_decoder.o
LOAD build/heatshrink_encoder.o
LOAD build/startup_stm32f103xe.o
LOAD D:/Studying/embedded_systems/Software/arm-none-eabi-15.2-hf/bin/../lib/gcc/arm-none-eabi/15.2.1/../../../../arm-none-eabi/lib/thumb/v7-m/nofp\libc_nano.a
LOAD D:/Studying/embedded_systems/Software/arm-none-eabi-15.2-hf/bin/../lib/gcc/arm-none-eabi/15.2.1/../../../../arm-none-eabi/lib/thumb/v7-m/nofp\libm.a
LOAD D:/Studying/embedded_systems/Software/arm-none-eabi-15.2-hf/bin/../lib/gcc/arm-none-eabi/15.2.1/../../../../arm-none-eabi/lib/thumb/v7-m/nofp\libnosys.a
START GROUP
LOAD D:/Studying/embedded_systems/Software/arm-none-eabi-15.2-hf/bin/../lib/gcc/arm-none-eabi/15.2.1/thumb/v7-m/nofp\libgcc.a
LOAD D:/Studying/embedded_systems/Software/arm-none-eabi-15.2-hf/bin/../lib/gcc/arm-none-eabi/15.2.1/../../../../arm-none-eabi/lib/thumb/v7-m/nofp\libc_nano.a
END GROUP
START GROUP
LOAD D:/Studying/embedded_systems/Software/arm-none-eabi-15.2-hf/bin/../lib/gcc/arm-none-eabi/15.2.1/thumb/v7-m/nofp\libgcc.a
LOAD D:/Studying/embedded_systems/Software/arm-none-eabi-15.2-hf/bin/../lib/gcc/arm-none-eabi/15.2.1/../../../../arm-none-eabi/lib/thumb/v7-m/nofp\libc_nano.a
END GROUP
LOAD D:/Studying/embedded_systems/Software/arm-none-eabi-15.2-hf/bin/../lib/gcc/arm-none-eabi/15.2.1/thumb/v7-m/nofp/crtend.o
LOAD D:/Studying/embedded_systems/Software/arm-none-eabi-15.2-hf/bin/../lib/gcc/arm-none-eabi/15.2.1/thumb/v7-m/nofp/crtn.o
                0x20010000                        _estack = (ORIGIN (RAM) + LENGTH (RAM))
                0x00000200                        _Min_Heap_Size = 0x200
                0x00000400                        _Min_Stack_Size = 0x400

.isr_vector     0x08000000      0x1e4
                0x08000000                        . = ALIGN (0x4)
 *(.isr_vector)
 .isr_vector    0x08000000      0x1e4 build/startup_stm32f103xe.o
                0x08000000                g_pfnVectors
                0x080001e4                        . = ALIGN (0x4)

.text           0x080001e4     0x2278
                0x080001e4                        . = ALIGN (0x4)
 *(.text)
 .text          0x080001e4       0x30 D:/Studying/embedded_systems/Software/arm-none-eabi-15.2-hf/bin/../lib/gcc/arm-none-eabi/15.2.1/thumb/v7-m/nofp\libgcc.a(_aeabi_uldivmod.o)
                0x080001e4                __aeabi_uldivmod
 .text          0x08000214        0x4 D:/Studying/embedded_systems/Software/arm-none-eabi-15.2-hf/bin/../lib/gcc/arm-none-eabi/15.2.1/thumb/v7-m/nofp\libgcc.a(_dvmd_tls.o)
                0x08000214                __aeabi_idiv0
                0x08000214                __aeabi_ldiv0
 *(.text*)
 .text.deregister_tm_clones
                0x08000218       0x1c D:/Studying/embedded_systems/Software/arm-none-eabi-15.2-hf/bin/../lib/gcc/arm-none-eabi/15.2.1/thumb/v7-m/nofp/crtbegin.o
 .text.register_tm_clones
                0x08000234       0x24 D:/Studying/embedded_systems/Software/arm-none-eabi-15.2-hf/bin/../lib/gcc/arm-none-eabi/15.2.1/thumb/v7-m/nofp/crtbegin.o
 .text.__do_global_dtors_aux
                0x08000258       0x28 D:/Studying/embedded_systems/Software/arm-none-eabi-15.2-hf/bin/../lib/gcc/arm-none-eabi/15.2.1/thumb/v7-m/nofp/crtbegin.o
 .text.frame_dummy
                0x08000280       0x24 D:/Studying/embedded_systems/Software/arm-none-eabi-15.2-hf/bin/../lib/gcc/arm-none-eabi/15.2.1/thumb/v7-m/nofp/crtbegin.o
 .text.MX_GPIO_Init
                0x080002a4      0x144 build/main.o
 .text.compress_flash_data
                0x080003e8      0x2d0 build/main.o
                0x080003e8                compress_flash_data
 .text.decompress_flash_data
                0x080006b8      0x1d0 build/main.o
                0x080006b8                decompress_flash_data
 .text.Error_Handler
                0x08000888        0x4 build/main.o
                0x08000888                Error_Handler
 .text.SystemClock_Config
                0x0800088c       0x62 build/main.o
                0x0800088c                SystemClock_Config
 *fill*         0x080008ee        0x2 
 .text.main     0x080008f0       0xb4 build/main.o
                0x080008f0                main
 .text.NMI_Handler
                0x080009a4        0x2 build/stm32f1xx_it.o
                0x080009a4                NMI_Handler
 .text.HardFault_Handler
                0x080009a6        0x2 build/stm32f1xx_it.o
                0x080009a6                HardFault_Handler
 .text.MemManage_Handler
                0x080009a8        0x2 build/stm32f1xx_it.o
                0x080009a8                MemManage_Handler
 .text.BusFault_Handler
                0x080009aa        0x2 build/stm32f1xx_it.o
                0x080009aa                BusFault_Handler
 .text.UsageFault_Handler
                0x080009ac        0x2 build/stm32f1xx_it.o
                0x080009ac                UsageFault_Handler
 .text.SVC_Handler
                0x080009ae        0x2 build/stm32f1xx_it.o
                0x080009ae                SVC_Handler
 .text.DebugMon_Handler
                0x080009b0        0x2 build/stm32f1xx_it.o
                0x080009b0                DebugMon_Handler
 .text.PendSV_Handler
                0x080009b2        0x2 build/stm32f1xx_it.o
                0x080009b2                PendSV_Handler
 .text.SysTick_Handler
                0x080009b4        0x8 build/stm32f1xx_it.o
                0x080009b4                SysTick_Handler
 .text.HAL_MspInit
                0x080009bc       0x44 build/stm32f1xx_hal_msp.o
                0x080009bc                HAL_MspInit
 .text.dwt_init
                0x08000a00       0x5c build/dwt_timer.o
                0x08000a00                dwt_init
 .text.dwt_start
                0x08000a5c       0x3c build/dwt_timer.o
                0x08000a5c                dwt_start
 .text.dwt_stop
                0x08000a98       0x30 build/dwt_timer.o
                0x08000a98                dwt_stop
 .text.dwt_get_elapsed
                0x08000ac8       0x7c build/dwt_timer.o
                0x08000ac8                dwt_get_elapsed
 .text.HAL_InitTick
                0x08000b44       0x4c build/stm32f1xx_hal.o
                0x08000b44                HAL_InitTick
 .text.HAL_Init
                0x08000b90       0x24 build/stm32f1xx_hal.o
                0x08000b90                HAL_Init
 .text.HAL_IncTick
                0x08000bb4       0x18 build/stm32f1xx_hal.o
                0x08000bb4                HAL_IncTick
 .text.HAL_GetTick
                0x08000bcc        0xc build/stm32f1xx_hal.o
                0x08000bcc                HAL_GetTick
 .text.HAL_Delay
                0x08000bd8       0x28 build/stm32f1xx_hal.o
                0x08000bd8                HAL_Delay
 .text.RCC_Delay
                0x08000c00       0x2c build/stm32f1xx_hal_rcc.o
 .text.HAL_RCC_OscConfig
                0x08000c2c      0x414 build/stm32f1xx_hal_rcc.o
                0x08000c2c                HAL_RCC_OscConfig
 .text.HAL_RCC_GetSysClockFreq
                0x08001040       0x54 build/stm32f1xx_hal_rcc.o
                0x08001040                HAL_RCC_GetSysClockFreq
 .text.HAL_RCC_ClockConfig
                0x08001094      0x16c build/stm32f1xx_hal_rcc.o
                0x08001094                HAL_RCC_ClockConfig
 .text.HAL_GPIO_Init
                0x08001200      0x1fc build/stm32f1xx_hal_gpio.o
                0x08001200                HAL_GPIO_Init
 .text.HAL_GPIO_WritePin
                0x080013fc        0xc build/stm32f1xx_hal_gpio.o
                0x080013fc                HAL_GPIO_WritePin
 .text.HAL_GPIO_TogglePin
                0x08001408       0x12 build/stm32f1xx_hal_gpio.o
                0x08001408                HAL_GPIO_TogglePin
 *fill*         0x0800141a        0x2 
 .text.__NVIC_SetPriority
                0x0800141c       0x28 build/stm32f1xx_hal_cortex.o
 .text.NVIC_EncodePriority
                0x08001444       0x46 build/stm32f1xx_hal_cortex.o
 *fill*         0x0800148a        0x2 
 .text.HAL_NVIC_SetPriorityGrouping
                0x0800148c       0x24 build/stm32f1xx_hal_cortex.o
                0x0800148c                HAL_NVIC_SetPriorityGrouping
 .text.HAL_NVIC_SetPriority
                0x080014b0       0x20 build/stm32f1xx_hal_cortex.o
                0x080014b0                HAL_NVIC_SetPriority
 .text.HAL_SYSTICK_Config
                0x080014d0       0x28 build/stm32f1xx_hal_cortex.o
                0x080014d0                HAL_SYSTICK_Config
 .text.FLASH_Program_HalfWord
                0x080014f8       0x1c build/stm32f1xx_hal_flash.o
 .text.FLASH_SetErrorCode
                0x08001514       0x6c build/stm32f1xx_hal_flash.o
 .text.HAL_FLASH_Unlock
                0x08001580       0x34 build/stm32f1xx_hal_flash.o
                0x08001580                HAL_FLASH_Unlock
 .text.HAL_FLASH_Lock
                0x080015b4       0x14 build/stm32f1xx_hal_flash.o
                0x080015b4                HAL_FLASH_Lock
 .text.FLASH_WaitForLastOperation
                0x080015c8       0x68 build/stm32f1xx_hal_flash.o
                0x080015c8                FLASH_WaitForLastOperation
 .text.HAL_FLASH_Program
                0x08001630       0xa0 build/stm32f1xx_hal_flash.o
                0x08001630                HAL_FLASH_Program
 .text.FLASH_MassErase
                0x080016d0       0x24 build/stm32f1xx_hal_flash_ex.o
 .text.FLASH_PageErase
                0x080016f4       0x24 build/stm32f1xx_hal_flash_ex.o
                0x080016f4                FLASH_PageErase
 .text.HAL_FLASHEx_Erase
                0x08001718       0xa4 build/stm32f1xx_hal_flash_ex.o
                0x08001718                HAL_FLASHEx_Erase
 .text.SystemInit
                0x080017bc        0x2 build/system_stm32f1xx.o
                0x080017bc                SystemInit
 .text.get_bits
                0x080017be       0x8a build/heatshrink_decoder.o
 .text.st_tag_bit
                0x08001848       0x22 build/heatshrink_decoder.o
 .text.st_backref_index_msb
                0x0800186a       0x1e build/heatshrink_decoder.o
 .text.st_backref_index_lsb
                0x08001888       0x2a build/heatshrink_decoder.o
 .text.st_backref_count_msb
                0x080018b2       0x1e build/heatshrink_decoder.o
 .text.st_backref_count_lsb
                0x080018d0       0x26 build/heatshrink_decoder.o
 .text.push_byte
                0x080018f6       0x12 build/heatshrink_decoder.o
 .text.st_yield_literal
                0x08001908       0x42 build/heatshrink_decoder.o
 .text.st_yield_backref
                0x0800194a       0x6a build/heatshrink_decoder.o
 .text.heatshrink_decoder_reset
                0x080019b4       0x28 build/heatshrink_decoder.o
                0x080019b4                heatshrink_decoder_reset
 .text.heatshrink_decoder_sink
                0x080019dc       0x52 build/heatshrink_decoder.o
                0x080019dc                heatshrink_decoder_sink
 .text.heatshrink_decoder_poll
                0x08001a2e       0xbe build/heatshrink_decoder.o
                0x08001a2e                heatshrink_decoder_poll
 .text.get_input_buffer_size
                0x08001aec        0x6 build/heatshrink_encoder.o
 .text.get_input_offset
                0x08001af2        0x8 build/heatshrink_encoder.o
 .text.get_lookahead_size
                0x08001afa        0x4 build/heatshrink_encoder.o
 .text.is_finishing
                0x08001afe        0x8 build/heatshrink_encoder.o
 .text.can_take_byte
                0x08001b06       0x10 build/heatshrink_encoder.o
 .text.st_flush_bit_buffer
                0x08001b16       0x2e build/heatshrink_encoder.o
 .text.find_longest_match
                0x08001b44       0x96 build/heatshrink_encoder.o
 .text.st_step_search
                0x08001bda       0x8e build/heatshrink_encoder.o
 .text.push_bits
                0x08001c68       0x68 build/heatshrink_encoder.o
 .text.add_tag_bit
                0x08001cd0        0xc build/heatshrink_encoder.o
 .text.st_yield_tag_bit
                0x08001cdc       0x3c build/heatshrink_encoder.o
 .text.push_outgoing_bits
                0x08001d18       0x30 build/heatshrink_encoder.o
 .text.st_yield_br_index
                0x08001d48       0x2e build/heatshrink_encoder.o
 .text.st_yield_br_length
                0x08001d76       0x2e build/heatshrink_encoder.o
 .text.push_literal_byte
                0x08001da4       0x26 build/heatshrink_encoder.o
 .text.st_yield_literal
                0x08001dca       0x1e build/heatshrink_encoder.o
 .text.do_indexing
                0x08001de8       0x48 build/heatshrink_encoder.o
 .text.save_backlog
                0x08001e30       0x30 build/heatshrink_encoder.o
 .text.st_save_backlog
                0x08001e60        0xa build/heatshrink_encoder.o
 .text.heatshrink_encoder_reset
                0x08001e6a       0x2e build/heatshrink_encoder.o
                0x08001e6a                heatshrink_encoder_reset
 .text.heatshrink_encoder_sink
                0x08001e98       0x84 build/heatshrink_encoder.o
                0x08001e98                heatshrink_encoder_sink
 .text.heatshrink_encoder_poll
                0x08001f1c       0xfc build/heatshrink_encoder.o
                0x08001f1c                heatshrink_encoder_poll
 .text.heatshrink_encoder_finish
                0x08002018       0x24 build/heatshrink_encoder.o
                0x08002018                heatshrink_encoder_finish
 .text.Reset_Handler
                0x0800203c       0x48 build/startup_stm32f103xe.o
                0x0800203c                Reset_Handler
 .text.Default_Handler
                0x08002084        0x2 build/startup_stm32f103xe.o
                0x08002084                RTC_Alarm_IRQHandler
                0x08002084                EXTI2_IRQHandler
                0x08002084                TIM8_TRG_COM_IRQHandler
                0x08002084                TIM8_CC_IRQHandler
                0x08002084                TIM1_CC_IRQHandler
                0x08002084                TIM6_IRQHandler
                0x08002084                PVD_IRQHandler
                0x08002084                SDIO_IRQHandler
                0x08002084                EXTI3_IRQHandler
                0x08002084                EXTI0_IRQHandler
                0x08002084                I2C2_EV_IRQHandler
                0x08002084                ADC1_2_IRQHandler
                0x08002084                SPI1_IRQHandler
                0x08002084                TAMPER_IRQHandler
                0x08002084                TIM8_UP_IRQHandler
                0x08002084                DMA2_Channel2_IRQHandler
                0x08002084                DMA1_Channel4_IRQHandler
                0x08002084                USART3_IRQHandler
                0x08002084                RTC_IRQHandler
                0x08002084                DMA1_Channel7_IRQHandler
                0x08002084                CAN1_RX1_IRQHandler
                0x08002084                UART5_IRQHandler
                0x08002084                ADC3_IRQHandler
                0x08002084                TIM4_IRQHandler
                0x08002084                DMA2_Channel1_IRQHandler
                0x08002084                I2C1_EV_IRQHandler
                0x08002084                DMA1_Channel6_IRQHandler
                0x08002084                UART4_IRQHandler
                0x08002084                TIM3_IRQHandler
                0x08002084                RCC_IRQHandler
                0x08002084                TIM1_TRG_COM_IRQHandler
                0x08002084                DMA1_Channel1_IRQHandler
                0x08002084                Default_Handler
                0x08002084                EXTI15_10_IRQHandler
                0x08002084                TIM7_IRQHandler
                0x08002084                TIM5_IRQHandler
                0x08002084                EXTI9_5_IRQHandler
                0x08002084                SPI2_IRQHandler
                0x08002084                DMA1_Channel5_IRQHandler
                0x08002084                EXTI4_IRQHandler
                0x08002084                USB_LP_CAN1_RX0_IRQHandler
                0x08002084                USB_HP_CAN1_TX_IRQHandler
                0x08002084                DMA1_Channel3_IRQHandler
                0x08002084                FSMC_IRQHandler
                0x08002084                TIM1_UP_IRQHandler
                0x08002084                WWDG_IRQHandler
                0x08002084                TIM2_IRQHandler
                0x08002084                TIM1_BRK_IRQHandler
                0x08002084                EXTI1_IRQHandler
                0x08002084                DMA2_Channel4_5_IRQHandler
                0x08002084                USART2_IRQHandler
                0x08002084                I2C2_ER_IRQHandler
                0x08002084                DMA1_Channel2_IRQHandler
                0x08002084                TIM8_BRK_IRQHandler
                0x08002084                CAN1_SCE_IRQHandler
                0x08002084                FLASH_IRQHandler
                0x08002084                USART1_IRQHandler
                0x08002084                SPI3_IRQHandler
                0x08002084                I2C1_ER_IRQHandler
                0x08002084                USBWakeUp_IRQHandler
                0x08002084                DMA2_Channel3_IRQHandler
 .text.memmove  0x08002086       0x32 D:/Studying/embedded_systems/Software/arm-none-eabi-15.2-hf/bin/../lib/gcc/arm-none-eabi/15.2.1/../../../../arm-none-eabi/lib/thumb/v7-m/nofp\libc_nano.a(libc_a-memmove.o)
                0x08002086                memmove
 .text.memset   0x080020b8       0x10 D:/Studying/embedded_systems/Software/arm-none-eabi-15.2-hf/bin/../lib/gcc/arm-none-eabi/15.2.1/../../../../arm-none-eabi/lib/thumb/v7-m/nofp\libc_nano.a(libc_a-memset.o)
                0x080020b8                memset
 .text.__libc_init_array
                0x080020c8       0x48 D:/Studying/embedded_systems/Software/arm-none-eabi-15.2-hf/bin/../lib/gcc/arm-none-eabi/15.2.1/../../../../arm-none-eabi/lib/thumb/v7-m/nofp\libc_nano.a(libc_a-init.o)
                0x080020c8                __libc_init_array
 .text.memcpy   0x08002110       0x1c D:/Studying/embedded_systems/Software/arm-none-eabi-15.2-hf/bin/../lib/gcc/arm-none-eabi/15.2.1/../../../../arm-none-eabi/lib/thumb/v7-m/nofp\libc_nano.a(libc_a-memcpy-stub.o)
                0x08002110                memcpy
 .text.__udivmoddi4
                0x0800212c      0x318 D:/Studying/embedded_systems/Software/arm-none-eabi-15.2-hf/bin/../lib/gcc/arm-none-eabi/15.2.1/thumb/v7-m/nofp\libgcc.a(_udivmoddi4.o)
                0x0800212c                __udivmoddi4
 *(.glue_7)
 .glue_7        0x08002444        0x0 linker stubs
 *(.glue_7t)
 .glue_7t       0x08002444        0x0 linker stubs
 *(.eh_frame)
 .eh_frame      0x08002444        0x0 D:/Studying/embedded_systems/Software/arm-none-eabi-15.2-hf/bin/../lib/gcc/arm-none-eabi/15.2.1/thumb/v7-m/nofp/crtbegin.o
 *(.init)
 .init          0x08002444        0x4 D:/Studying/embedded_systems/Software/arm-none-eabi-15.2-hf/bin/../lib/gcc/arm-none-eabi/15.2.1/thumb/v7-m/nofp/crti.o
                0x08002444                _init
 .init          0x08002448        0x8 D:/Studying/embedded_systems/Software/arm-none-eabi-15.2-hf/bin/../lib/gcc/arm-none-eabi/15.2.1/thumb/v7-m/nofp/crtn.o
 *(.fini)
 .fini          0x08002450        0x4 D:/Studying/embedded_systems/Software/arm-none-eabi-15.2-hf/bin/../lib/gcc/arm-none-eabi/15.2.1/thumb/v7-m/nofp/crti.o
                0x08002450                _fini
 .fini          0x08002454        0x8 D:/Studying/embedded_systems/Software/arm-none-eabi-15.2-hf/bin/../lib/gcc/arm-none-eabi/15.2.1/thumb/v7-m/nofp/crtn.o
                0x0800245c                        . = ALIGN (0x4)
                0x0800245c                        _etext = .

.vfp11_veneer   0x0800245c        0x0
 .vfp11_veneer  0x0800245c        0x0 linker stubs

.v4_bx          0x0800245c        0x0
 .v4_bx         0x0800245c        0x0 linker stubs

.iplt           0x0800245c        0x0
 .iplt          0x0800245c        0x0 D:/Studying/embedded_systems/Software/arm-none-eabi-15.2-hf/bin/../lib/gcc/arm-none-eabi/15.2.1/thumb/v7-m/nofp/crtbegin.o

.rodata         0x0800245c       0x24
                0x0800245c                        . = ALIGN (0x4)
 *(.rodata)
 *(.rodata*)
 .rodata.aPredivFactorTable.0
                0x0800245c        0x2 build/stm32f1xx_hal_rcc.o
 *fill*         0x0800245e        0x2 
 .rodata.aPLLMULFactorTable.1
                0x08002460       0x10 build/stm32f1xx_hal_rcc.o
 .rodata.AHBPrescTable
                0x08002470       0x10 build/system_stm32f1xx.o
                0x08002470                AHBPrescTable
                0x08002480                        . = ALIGN (0x4)

.ARM.extab      0x08002480        0x0
                0x08002480                        . = ALIGN (0x4)
 *(.ARM.extab* .gnu.linkonce.armextab.*)
                0x08002480                        . = ALIGN (0x4)

.ARM            0x08002480        0x8
                0x08002480                        . = ALIGN (0x4)
                0x08002480                        __exidx_start = .
 *(.ARM.exidx*)
 .ARM.exidx.text.__udivmoddi4
                0x08002480        0x8 D:/Studying/embedded_systems/Software/arm-none-eabi-15.2-hf/bin/../lib/gcc/arm-none-eabi/15.2.1/thumb/v7-m/nofp\libgcc.a(_udivmoddi4.o)
                0x08002488                        __exidx_end = .
                0x08002488                        . = ALIGN (0x4)

.preinit_array  0x08002488        0x0
                0x08002488                        . = ALIGN (0x4)
                0x08002488                        PROVIDE (__preinit_array_start = .)
 *(.preinit_array*)
                0x08002488                        PROVIDE (__preinit_array_end = .)
                0x08002488                        . = ALIGN (0x4)

.init_array     0x08002488        0x4
                0x08002488                        . = ALIGN (0x4)
                0x08002488                        PROVIDE (__init_array_start = .)
 *(SORT_BY_NAME(.init_array.*))
 *(.init_array*)
 .init_array    0x08002488        0x4 D:/Studying/embedded_systems/Software/arm-none-eabi-15.2-hf/bin/../lib/gcc/arm-none-eabi/15.2.1/thumb/v7-m/nofp/crtbegin.o
                0x0800248c                        PROVIDE (__init_array_end = .)
                0x0800248c                        . = ALIGN (0x4)

.fini_array     0x0800248c        0x4
                0x0800248c                        . = ALIGN (0x4)
                [!provide]                        PROVIDE (__fini_array_start = .)
 *(SORT_BY_NAME(.fini_array.*))
 *(.fini_array*)
 .fini_array    0x0800248c        0x4 D:/Studying/embedded_systems/Software/arm-none-eabi-15.2-hf/bin/../lib/gcc/arm-none-eabi/15.2.1/thumb/v7-m/nofp/crtbegin.o
                [!provide]                        PROVIDE (__fini_array_end = .)
                0x08002490                        . = ALIGN (0x4)
                0x08002490                        _sidata = LOADADDR (.data)

.rel.dyn        0x08002490        0x0
 .rel.iplt      0x08002490        0x0 D:/Studying/embedded_systems/Software/arm-none-eabi-15.2-hf/bin/../lib/gcc/arm-none-eabi/15.2.1/thumb/v7-m/nofp/crtbegin.o

.data           0x20000000        0xc load address 0x08002490
                0x20000000                        . = ALIGN (0x4)
                0x20000000                        _sdata = .
 *(.data)
 *(.data*)
 .data.uwTickFreq
                0x20000000        0x1 build/stm32f1xx_hal.o
                0x20000000                uwTickFreq
 *fill*         0x20000001        0x3 
 .data.uwTickPrio
                0x20000004        0x4 build/stm32f1xx_hal.o
                0x20000004                uwTickPrio
 .data.SystemCoreClock
                0x20000008        0x4 build/system_stm32f1xx.o
                0x20000008                SystemCoreClock
 *(.RamFunc)
 *(.RamFunc*)
                0x2000000c                        . = ALIGN (0x4)
                0x2000000c                        _edata = .

.tm_clone_table
                0x2000000c        0x0 load address 0x0800249c
 .tm_clone_table
                0x2000000c        0x0 D:/Studying/embedded_systems/Software/arm-none-eabi-15.2-hf/bin/../lib/gcc/arm-none-eabi/15.2.1/thumb/v7-m/nofp/crtbegin.o
 .tm_clone_table
                0x2000000c        0x0 D:/Studying/embedded_systems/Software/arm-none-eabi-15.2-hf/bin/../lib/gcc/arm-none-eabi/15.2.1/thumb/v7-m/nofp/crtend.o

.igot.plt       0x2000000c        0x0 load address 0x0800249c
 .igot.plt      0x2000000c        0x0 D:/Studying/embedded_systems/Software/arm-none-eabi-15.2-hf/bin/../lib/gcc/arm-none-eabi/15.2.1/thumb/v7-m/nofp/crtbegin.o
                0x2000000c                        . = ALIGN (0x4)

.bss            0x20000010       0x80 load address 0x0800249c
                0x20000010                        _sbss = .
                0x20000010                        __bss_start__ = _sbss
 *(.bss)
 *(.bss*)
 .bss.completed.1
                0x20000010        0x1 D:/Studying/embedded_systems/Software/arm-none-eabi-15.2-hf/bin/../lib/gcc/arm-none-eabi/15.2.1/thumb/v7-m/nofp/crtbegin.o
 *fill*         0x20000011        0x3 
 .bss.object.0  0x20000014       0x18 D:/Studying/embedded_systems/Software/arm-none-eabi-15.2-hf/bin/../lib/gcc/arm-none-eabi/15.2.1/thumb/v7-m/nofp/crtbegin.o
 .bss.elapsed_10ns.0
                0x2000002c        0x4 build/main.o
 .bss.outputBytes
                0x20000030        0x4 build/main.o
                0x20000030                outputBytes
 .bss.g_dwt_initialized
                0x20000034        0x1 build/dwt_timer.o
 *fill*         0x20000035        0x3 
 .bss.g_dwt_timers
                0x20000038       0x30 build/dwt_timer.o
 .bss.uwTick    0x20000068        0x4 build/stm32f1xx_hal.o
                0x20000068                uwTick
 *fill*         0x2000006c        0x4 
 .bss.pFlash    0x20000070       0x20 build/stm32f1xx_hal_flash.o
                0x20000070                pFlash
 *(COMMON)
                0x20000090                        . = ALIGN (0x4)
                0x20000090                        _ebss = .
                0x20000090                        __bss_end__ = _ebss

._user_heap_stack
                0x20000090      0x600 load address 0x0800249c
                0x20000090                        . = ALIGN (0x8)
                [!provide]                        PROVIDE (end = .)
                0x20000090                        PROVIDE (_end = .)
                0x20000290                        . = (. + _Min_Heap_Size)
 *fill*         0x20000090      0x200 
                0x20000690                        . = (. + _Min_Stack_Size)
 *fill*         0x20000290      0x400 
                0x20000690                        . = ALIGN (0x8)

/DISCARD/
 libc.a(*)
 libm.a(*)
 libgcc.a(*)
OUTPUT(build/heatshrinkTest.elf elf32-littlearm)
LOAD linker stubs
LOAD D:/Studying/embedded_systems/Software/arm-none-eabi-15.2-hf/bin/../lib/gcc/arm-none-eabi/15.2.1/../../../../arm-none-eabi/lib/thumb/v7-m/nofp\libc.a
LOAD D:/Studying/embedded_systems/Software/arm-none-eabi-15.2-hf/bin/../lib/gcc/arm-none-eabi/15.2.1/../../../../arm-none-eabi/lib/thumb/v7-m/nofp\libm.a
LOAD D:/Studying/embedded_systems/Software/arm-none-eabi-15.2-hf/bin/../lib/gcc/arm-none-eabi/15.2.1/thumb/v7-m/nofp\libgcc.a

.ARM.attributes
                0x00000000       0x29
 .ARM.attributes
                0x00000000       0x1d D:/Studying/embedded_systems/Software/arm-none-eabi-15.2-hf/bin/../lib/gcc/arm-none-eabi/15.2.1/thumb/v7-m/nofp/crti.o
 .ARM.attributes
                0x0000001d       0x2d D:/Studying/embedded_systems/Software/arm-none-eabi-15.2-hf/bin/../lib/gcc/arm-none-eabi/15.2.1/thumb/v7-m/nofp/crtbegin.o
 .ARM.attributes
                0x0000004a       0x2d build/main.o
 .ARM.attributes
                0x00000077       0x2d build/stm32f1xx_it.o
 .ARM.attributes
                0x000000a4       0x2d build/stm32f1xx_hal_msp.o
 .ARM.attributes
                0x000000d1       0x2d build/dwt_timer.o
 .ARM.attributes
                0x000000fe       0x2d build/stm32f1xx_hal.o
 .ARM.attributes
                0x0000012b       0x2d build/stm32f1xx_hal_rcc.o
 .ARM.attributes
                0x00000158       0x2d build/stm32f1xx_hal_gpio.o
 .ARM.attributes
                0x00000185       0x2d build/stm32f1xx_hal_cortex.o
 .ARM.attributes
                0x000001b2       0x2d build/stm32f1xx_hal_flash.o
 .ARM.attributes
                0x000001df       0x2d build/stm32f1xx_hal_flash_ex.o
 .ARM.attributes
                0x0000020c       0x2d build/system_stm32f1xx.o
 .ARM.attributes
                0x00000239       0x2d build/heatshrink_decoder.o
 .ARM.attributes
                0x00000266       0x2d build/heatshrink_encoder.o
 .ARM.attributes
                0x00000293       0x21 build/startup_stm32f103xe.o
 .ARM.attributes
                0x000002b4       0x2d D:/Studying/embedded_systems/Software/arm-none-eabi-15.2-hf/bin/../lib/gcc/arm-none-eabi/15.2.1/../../../../arm-none-eabi/lib/thumb/v7-m/nofp\libc_nano.a(libc_a-memmove.o)
 .ARM.attributes
                0x000002e1       0x2d D:/Studying/embedded_systems/Software/arm-none-eabi-15.2-hf/bin/../lib/gcc/arm-none-eabi/15.2.1/../../../../arm-none-eabi/lib/thumb/v7-m/nofp\libc_nano.a(libc_a-memset.o)
 .ARM.attributes
                0x0000030e       0x2d D:/Studying/embedded_systems/Software/arm-none-eabi-15.2-hf/bin/../lib/gcc/arm-none-eabi/15.2.1/../../../../arm-none-eabi/lib/thumb/v7-m/nofp\libc_nano.a(libc_a-init.o)
 .ARM.attributes
                0x0000033b       0x2d D:/Studying/embedded_systems/Software/arm-none-eabi-15.2-hf/bin/../lib/gcc/arm-none-eabi/15.2.1/../../../../arm-none-eabi/lib/thumb/v7-m/nofp\libc_nano.a(libc_a-memcpy-stub.o)
 .ARM.attributes
                0x00000368       0x1d D:/Studying/embedded_systems/Software/arm-none-eabi-15.2-hf/bin/../lib/gcc/arm-none-eabi/15.2.1/thumb/v7-m/nofp\libgcc.a(_aeabi_uldivmod.o)
 .ARM.attributes
                0x00000385       0x2d D:/Studying/embedded_systems/Software/arm-none-eabi-15.2-hf/bin/../lib/gcc/arm-none-eabi/15.2.1/thumb/v7-m/nofp\libgcc.a(_udivmoddi4.o)
 .ARM.attributes
                0x000003b2       0x1d D:/Studying/embedded_systems/Software/arm-none-eabi-15.2-hf/bin/../lib/gcc/arm-none-eabi/15.2.1/thumb/v7-m/nofp\libgcc.a(_dvmd_tls.o)
 .ARM.attributes
                0x000003cf       0x2d D:/Studying/embedded_systems/Software/arm-none-eabi-15.2-hf/bin/../lib/gcc/arm-none-eabi/15.2.1/thumb/v7-m/nofp/crtend.o
 .ARM.attributes
                0x000003fc       0x1d D:/Studying/embedded_systems/Software/arm-none-eabi-15.2-hf/bin/../lib/gcc/arm-none-eabi/15.2.1/thumb/v7-m/nofp/crtn.o

.comment        0x00000000       0x45
 .comment       0x00000000       0x45 build/main.o
                                 0x46 (size before relaxing)
 .comment       0x00000045        0x0 build/stm32f1xx_it.o
                                 0x46 (size before relaxing)
 .comment       0x00000045        0x0 build/stm32f1xx_hal_msp.o
                                 0x46 (size before relaxing)
 .comment       0x00000045        0x0 build/dwt_timer.o
                                 0x46 (size before relaxing)
 .comment       0x00000045        0x0 build/stm32f1xx_hal.o
                                 0x46 (size before relaxing)
 .comment       0x00000045        0x0 build/stm32f1xx_hal_rcc.o
                                 0x46 (size before relaxing)
 .comment       0x00000045        0x0 build/stm32f1xx_hal_gpio.o
                                 0x46 (size before relaxing)
 .comment       0x00000045        0x0 build/stm32f1xx_hal_cortex.o
                                 0x46 (size before relaxing)
 .comment       0x00000045        0x0 build/stm32f1xx_hal_flash.o
                                 0x46 (size before relaxing)
 .comment       0x00000045        0x0 build/stm32f1xx_hal_flash_ex.o
                                 0x46 (size before relaxing)
 .comment       0x00000045        0x0 build/system_stm32f1xx.o
                                 0x46 (size before relaxing)
 .comment       0x00000045        0x0 build/heatshrink_decoder.o
                                 0x46 (size before relaxing)
 .comment       0x00000045        0x0 build/heatshrink_encoder.o
                                 0x46 (size before relaxing)

.debug_info     0x00000000     0x77ec
 .debug_info    0x00000000     0x1596 build/main.o
 .debug_info    0x00001596      0x158 build/stm32f1xx_it.o
 .debug_info    0x000016ee      0x238 build/stm32f1xx_hal_msp.o
 .debug_info    0x00001926      0x47a build/dwt_timer.o
 .debug_info    0x00001da0      0x8e1 build/stm32f1xx_hal.o
 .debug_info    0x00002681      0xb10 build/stm32f1xx_hal_rcc.o
 .debug_info    0x00003191      0x6d7 build/stm32f1xx_hal_gpio.o
 .debug_info    0x00003868      0xea5 build/stm32f1xx_hal_cortex.o
 .debug_info    0x0000470d      0x701 build/stm32f1xx_hal_flash.o
 .debug_info    0x00004e0e      0xb94 build/stm32f1xx_hal_flash_ex.o
 .debug_info    0x000059a2      0x26e build/system_stm32f1xx.o
 .debug_info    0x00005c10      0x9fc build/heatshrink_decoder.o
 .debug_info    0x0000660c     0x11b0 build/heatshrink_encoder.o
 .debug_info    0x000077bc       0x30 build/startup_stm32f103xe.o

.debug_abbrev   0x00000000     0x1d59
 .debug_abbrev  0x00000000      0x375 build/main.o
 .debug_abbrev  0x00000375       0x80 build/stm32f1xx_it.o
 .debug_abbrev  0x000003f5       0xe7 build/stm32f1xx_hal_msp.o
 .debug_abbrev  0x000004dc      0x195 build/dwt_timer.o
 .debug_abbrev  0x00000671      0x232 build/stm32f1xx_hal.o
 .debug_abbrev  0x000008a3      0x2d6 build/stm32f1xx_hal_rcc.o
 .debug_abbrev  0x00000b79      0x222 build/stm32f1xx_hal_gpio.o
 .debug_abbrev  0x00000d9b      0x3aa build/stm32f1xx_hal_cortex.o
 .debug_abbrev  0x00001145      0x285 build/stm32f1xx_hal_flash.o
 .debug_abbrev  0x000013ca      0x297 build/stm32f1xx_hal_flash_ex.o
 .debug_abbrev  0x00001661      0x140 build/system_stm32f1xx.o
 .debug_abbrev  0x000017a1      0x2a5 build/heatshrink_decoder.o
 .debug_abbrev  0x00001a46      0x2f6 build/heatshrink_encoder.o
 .debug_abbrev  0x00001d3c       0x1d build/startup_stm32f103xe.o

.debug_loc      0x00000000     0x4e26
 .debug_loc     0x00000000      0x871 build/main.o
 .debug_loc     0x00000871       0x20 build/stm32f1xx_it.o
 .debug_loc     0x00000891       0x41 build/stm32f1xx_hal_msp.o
 .debug_loc     0x000008d2      0x185 build/dwt_timer.o
 .debug_loc     0x00000a57      0x1f9 build/stm32f1xx_hal.o
 .debug_loc     0x00000c50      0x7c6 build/stm32f1xx_hal_rcc.o
 .debug_loc     0x00001416      0x538 build/stm32f1xx_hal_gpio.o
 .debug_loc     0x0000194e      0x84b build/stm32f1xx_hal_cortex.o
 .debug_loc     0x00002199      0x47f build/stm32f1xx_hal_flash.o
 .debug_loc     0x00002618      0x9a1 build/stm32f1xx_hal_flash_ex.o
 .debug_loc     0x00002fb9      0x11b build/system_stm32f1xx.o
 .debug_loc     0x000030d4      0xb2b build/heatshrink_decoder.o
 .debug_loc     0x00003bff     0x1227 build/heatshrink_encoder.o

.debug_aranges  0x00000000      0x648
 .debug_aranges
                0x00000000       0x48 build/main.o
 .debug_aranges
                0x00000048       0x60 build/stm32f1xx_it.o
 .debug_aranges
                0x000000a8       0x20 build/stm32f1xx_hal_msp.o
 .debug_aranges
                0x000000c8       0x38 build/dwt_timer.o
 .debug_aranges
                0x00000100       0xe0 build/stm32f1xx_hal.o
 .debug_aranges
                0x000001e0       0x90 build/stm32f1xx_hal_rcc.o
 .debug_aranges
                0x00000270       0x58 build/stm32f1xx_hal_gpio.o
 .debug_aranges
                0x000002c8       0xc0 build/stm32f1xx_hal_cortex.o
 .debug_aranges
                0x00000388       0x88 build/stm32f1xx_hal_flash.o
 .debug_aranges
                0x00000410       0x98 build/stm32f1xx_hal_flash_ex.o
 .debug_aranges
                0x000004a8       0x28 build/system_stm32f1xx.o
 .debug_aranges
                0x000004d0       0x80 build/heatshrink_decoder.o
 .debug_aranges
                0x00000550       0xd0 build/heatshrink_encoder.o
 .debug_aranges
                0x00000620       0x28 build/startup_stm32f103xe.o

.debug_ranges   0x00000000      0x790
 .debug_ranges  0x00000000      0x1a0 build/main.o
 .debug_ranges  0x000001a0       0x50 build/stm32f1xx_it.o
 .debug_ranges  0x000001f0       0x10 build/stm32f1xx_hal_msp.o
 .debug_ranges  0x00000200       0x28 build/dwt_timer.o
 .debug_ranges  0x00000228       0xd0 build/stm32f1xx_hal.o
 .debug_ranges  0x000002f8       0xa0 build/stm32f1xx_hal_rcc.o
 .debug_ranges  0x00000398       0x48 build/stm32f1xx_hal_gpio.o
 .debug_ranges  0x000003e0       0xb0 build/stm32f1xx_hal_cortex.o
 .debug_ranges  0x00000490       0x78 build/stm32f1xx_hal_flash.o
 .debug_ranges  0x00000508       0x88 build/stm32f1xx_hal_flash_ex.o
 .debug_ranges  0x00000590       0x18 build/system_stm32f1xx.o
 .debug_ranges  0x000005a8       0xb0 build/heatshrink_decoder.o
 .debug_ranges  0x00000658      0x118 build/heatshrink_encoder.o
 .debug_ranges  0x00000770       0x20 build/startup_stm32f103xe.o

.debug_line     0x00000000     0x564c
 .debug_line    0x00000000      0xb8b build/main.o
 .debug_line    0x00000b8b      0x13d build/stm32f1xx_it.o
 .debug_line    0x00000cc8      0x172 build/stm32f1xx_hal_msp.o
 .debug_line    0x00000e3a      0x303 build/dwt_timer.o
 .debug_line    0x0000113d      0x526 build/stm32f1xx_hal.o
 .debug_line    0x00001663      0xca9 build/stm32f1xx_hal_rcc.o
 .debug_line    0x0000230c      0x605 build/stm32f1xx_hal_gpio.o
 .debug_line    0x00002911      0x6ac build/stm32f1xx_hal_cortex.o
 .debug_line    0x00002fbd      0x6d3 build/stm32f1xx_hal_flash.o
 .debug_line    0x00003690      0x8db build/stm32f1xx_hal_flash_ex.o
 .debug_line    0x00003f6b      0x23b build/system_stm32f1xx.o
 .debug_line    0x000041a6      0x86b build/heatshrink_decoder.o
 .debug_line    0x00004a11      0xbc9 build/heatshrink_encoder.o
 .debug_line    0x000055da       0x72 build/startup_stm32f103xe.o

.debug_str      0x00000000     0x232c
 .debug_str     0x00000000     0x232c build/main.o
                                0x9a7 (size before relaxing)
 .debug_str     0x0000232c        0x0 build/stm32f1xx_it.o
                                0x1ed (size before relaxing)
 .debug_str     0x0000232c        0x0 build/stm32f1xx_hal_msp.o
                                0x1ea (size before relaxing)
 .debug_str     0x0000232c        0x0 build/dwt_timer.o
                                0x332 (size before relaxing)
 .debug_str     0x0000232c        0x0 build/stm32f1xx_hal.o
                                0x8dd (size before relaxing)
 .debug_str     0x0000232c        0x0 build/stm32f1xx_hal_rcc.o
                                0x5f6 (size before relaxing)
 .debug_str     0x0000232c        0x0 build/stm32f1xx_hal_gpio.o
                                0x3cb (size before relaxing)
 .debug_str     0x0000232c        0x0 build/stm32f1xx_hal_cortex.o
                                0x982 (size before relaxing)
 .debug_str     0x0000232c        0x0 build/stm32f1xx_hal_flash.o
                                0x4fa (size before relaxing)
 .debug_str     0x0000232c        0x0 build/stm32f1xx_hal_flash_ex.o
                                0x610 (size before relaxing)
 .debug_str     0x0000232c        0x0 build/system_stm32f1xx.o
                                0x21f (size before relaxing)
 .debug_str     0x0000232c        0x0 build/heatshrink_decoder.o
                                0x549 (size before relaxing)
 .debug_str     0x0000232c        0x0 build/heatshrink_encoder.o
                                0x6e6 (size before relaxing)
 .debug_str     0x0000232c        0x0 build/startup_stm32f103xe.o
                                 0x56 (size before relaxing)

.debug_frame    0x00000000     0x1020
 .debug_frame   0x00000000       0xe4 build/main.o
 .debug_frame   0x000000e4       0xa8 build/stm32f1xx_it.o
 .debug_frame   0x0000018c       0x28 build/stm32f1xx_hal_msp.o
 .debug_frame   0x000001b4       0x5c build/dwt_timer.o
 .debug_frame   0x00000210      0x1cc build/stm32f1xx_hal.o
 .debug_frame   0x000003dc      0x184 build/stm32f1xx_hal_rcc.o
 .debug_frame   0x00000560       0xe4 build/stm32f1xx_hal_gpio.o
 .debug_frame   0x00000644      0x19c build/stm32f1xx_hal_cortex.o
 .debug_frame   0x000007e0      0x128 build/stm32f1xx_hal_flash.o
 .debug_frame   0x00000908      0x194 build/stm32f1xx_hal_flash_ex.o
 .debug_frame   0x00000a9c       0x30 build/system_stm32f1xx.o
 .debug_frame   0x00000acc      0x1b0 build/heatshrink_decoder.o
 .debug_frame   0x00000c7c      0x2a8 build/heatshrink_encoder.o
 .debug_frame   0x00000f24       0x28 D:/Studying/embedded_systems/Software/arm-none-eabi-15.2-hf/bin/../lib/gcc/arm-none-eabi/15.2.1/../../../../arm-none-eabi/lib/thumb/v7-m/nofp\libc_nano.a(libc_a-memmove.o)
 .debug_frame   0x00000f4c       0x20 D:/Studying/embedded_systems/Software/arm-none-eabi-15.2-hf/bin/../lib/gcc/arm-none-eabi/15.2.1/../../../../arm-none-eabi/lib/thumb/v7-m/nofp\libc_nano.a(libc_a-memset.o)
 .debug_frame   0x00000f6c       0x2c D:/Studying/embedded_systems/Software/arm-none-eabi-15.2-hf/bin/../lib/gcc/arm-none-eabi/15.2.1/../../../../arm-none-eabi/lib/thumb/v7-m/nofp\libc_nano.a(libc_a-init.o)
 .debug_frame   0x00000f98       0x28 D:/Studying/embedded_systems/Software/arm-none-eabi-15.2-hf/bin/../lib/gcc/arm-none-eabi/15.2.1/../../../../arm-none-eabi/lib/thumb/v7-m/nofp\libc_nano.a(libc_a-memcpy-stub.o)
 .debug_frame   0x00000fc0       0x2c D:/Studying/embedded_systems/Software/arm-none-eabi-15.2-hf/bin/../lib/gcc/arm-none-eabi/15.2.1/thumb/v7-m/nofp\libgcc.a(_aeabi_uldivmod.o)
 .debug_frame   0x00000fec       0x34 D:/Studying/embedded_systems/Software/arm-none-eabi-15.2-hf/bin/../lib/gcc/arm-none-eabi/15.2.1/thumb/v7-m/nofp\libgcc.a(_udivmoddi4.o)

.debug_line_str
                0x00000000       0xd5
 .debug_line_str
                0x00000000       0xd5 D:/Studying/embedded_systems/Software/arm-none-eabi-15.2-hf/bin/../lib/gcc/arm-none-eabi/15.2.1/thumb/v7-m/nofp\libgcc.a(_aeabi_uldivmod.o)
                                 0xc9 (size before relaxing)
 .debug_line_str
                0x000000d5        0x0 D:/Studying/embedded_systems/Software/arm-none-eabi-15.2-hf/bin/../lib/gcc/arm-none-eabi/15.2.1/thumb/v7-m/nofp\libgcc.a(_dvmd_tls.o)
                                 0xcd (size before relaxing)

Cross Reference Table

Symbol                                            File
ADC1_2_IRQHandler                                 build/startup_stm32f103xe.o
ADC3_IRQHandler                                   build/startup_stm32f103xe.o
AHBPrescTable                                     build/system_stm32f1xx.o
                                                  build/stm32f1xx_hal_rcc.o
APBPrescTable                                     build/system_stm32f1xx.o
                                                  build/stm32f1xx_hal_rcc.o
BusFault_Handler                                  build/stm32f1xx_it.o
CAN1_RX1_IRQHandler                               build/startup_stm32f103xe.o
CAN1_SCE_IRQHandler                               build/startup_stm32f103xe.o
DMA1_Channel1_IRQHandler                          build/startup_stm32f103xe.o
DMA1_Channel2_IRQHandler                          build/startup_stm32f103xe.o
DMA1_Channel3_IRQHandler                          build/startup_stm32f103xe.o
DMA1_Channel4_IRQHandler                          build/startup_stm32f103xe.o
DMA1_Channel5_IRQHandler                          build/startup_stm32f103xe.o
DMA1_Channel6_IRQHandler                          build/startup_stm32f103xe.o
DMA1_Channel7_IRQHandler                          build/startup_stm32f103xe.o
DMA2_Channel1_IRQHandler                          build/startup_stm32f103xe.o
DMA2_Channel2_IRQHandler                          build/startup_stm32f103xe.o
DMA2_Channel3_IRQHandler                          build/startup_stm32f103xe.o
DMA2_Channel4_5_IRQHandler                        build/startup_stm32f103xe.o
DebugMon_Handler                                  build/stm32f1xx_it.o
Default_Handler                                   build/startup_stm32f103xe.o
EXTI0_IRQHandler                                  build/startup_stm32f103xe.o
EXTI15_10_IRQHandler                              build/startup_stm32f103xe.o
EXTI1_IRQHandler                                  build/startup_stm32f103xe.o
EXTI2_IRQHandler                                  build/startup_stm32f103xe.o
EXTI3_IRQHandler                                  build/startup_stm32f103xe.o
EXTI4_IRQHandler                                  build/startup_stm32f103xe.o
EXTI9_5_IRQHandler                                build/startup_stm32f103xe.o
Error_Handler                                     build/main.o
FLASH_IRQHandler                                  build/startup_stm32f103xe.o
FLASH_PageErase                                   build/stm32f1xx_hal_flash_ex.o
                                                  build/stm32f1xx_hal_flash.o
FLASH_WaitForLastOperation                        build/stm32f1xx_hal_flash.o
                                                  build/stm32f1xx_hal_flash_ex.o
FSMC_IRQHandler                                   build/startup_stm32f103xe.o
HAL_DBGMCU_DisableDBGSleepMode                    build/stm32f1xx_hal.o
HAL_DBGMCU_DisableDBGStandbyMode                  build/stm32f1xx_hal.o
HAL_DBGMCU_DisableDBGStopMode                     build/stm32f1xx_hal.o
HAL_DBGMCU_EnableDBGSleepMode                     build/stm32f1xx_hal.o
HAL_DBGMCU_EnableDBGStandbyMode                   build/stm32f1xx_hal.o
HAL_DBGMCU_EnableDBGStopMode                      build/stm32f1xx_hal.o
HAL_DMA_Abort                                     build/stm32f1xx_hal_dma.o
HAL_DMA_Abort_IT                                  build/stm32f1xx_hal_dma.o
HAL_DMA_DeInit                                    build/stm32f1xx_hal_dma.o
HAL_DMA_GetError                                  build/stm32f1xx_hal_dma.o
HAL_DMA_GetState                                  build/stm32f1xx_hal_dma.o
HAL_DMA_IRQHandler                                build/stm32f1xx_hal_dma.o
HAL_DMA_Init                                      build/stm32f1xx_hal_dma.o
HAL_DMA_PollForTransfer                           build/stm32f1xx_hal_dma.o
HAL_DMA_RegisterCallback                          build/stm32f1xx_hal_dma.o
HAL_DMA_Start                                     build/stm32f1xx_hal_dma.o
HAL_DMA_Start_IT                                  build/stm32f1xx_hal_dma.o
HAL_DMA_UnRegisterCallback                        build/stm32f1xx_hal_dma.o
HAL_DeInit                                        build/stm32f1xx_hal.o
HAL_Delay                                         build/stm32f1xx_hal.o
                                                  build/main.o
HAL_EXTI_ClearConfigLine                          build/stm32f1xx_hal_exti.o
HAL_EXTI_ClearPending                             build/stm32f1xx_hal_exti.o
HAL_EXTI_GenerateSWI                              build/stm32f1xx_hal_exti.o
HAL_EXTI_GetConfigLine                            build/stm32f1xx_hal_exti.o
HAL_EXTI_GetHandle                                build/stm32f1xx_hal_exti.o
HAL_EXTI_GetPending                               build/stm32f1xx_hal_exti.o
HAL_EXTI_IRQHandler                               build/stm32f1xx_hal_exti.o
HAL_EXTI_RegisterCallback                         build/stm32f1xx_hal_exti.o
HAL_EXTI_SetConfigLine                            build/stm32f1xx_hal_exti.o
HAL_FLASHEx_Erase                                 build/stm32f1xx_hal_flash_ex.o
                                                  build/main.o
HAL_FLASHEx_Erase_IT                              build/stm32f1xx_hal_flash_ex.o
HAL_FLASHEx_OBErase                               build/stm32f1xx_hal_flash_ex.o
HAL_FLASHEx_OBGetConfig                           build/stm32f1xx_hal_flash_ex.o
HAL_FLASHEx_OBGetUserData                         build/stm32f1xx_hal_flash_ex.o
HAL_FLASHEx_OBProgram                             build/stm32f1xx_hal_flash_ex.o
HAL_FLASH_EndOfOperationCallback                  build/stm32f1xx_hal_flash.o
HAL_FLASH_GetError                                build/stm32f1xx_hal_flash.o
HAL_FLASH_IRQHandler                              build/stm32f1xx_hal_flash.o
HAL_FLASH_Lock                                    build/stm32f1xx_hal_flash.o
                                                  build/main.o
HAL_FLASH_OB_Launch                               build/stm32f1xx_hal_flash.o
HAL_FLASH_OB_Lock                                 build/stm32f1xx_hal_flash.o
HAL_FLASH_OB_Unlock                               build/stm32f1xx_hal_flash.o
HAL_FLASH_OperationErrorCallback                  build/stm32f1xx_hal_flash.o
HAL_FLASH_Program                                 build/stm32f1xx_hal_flash.o
                                                  build/main.o
HAL_FLASH_Program_IT                              build/stm32f1xx_hal_flash.o
HAL_FLASH_Unlock                                  build/stm32f1xx_hal_flash.o
                                                  build/main.o
HAL_GPIOEx_ConfigEventout                         build/stm32f1xx_hal_gpio_ex.o
HAL_GPIOEx_DisableEventout                        build/stm32f1xx_hal_gpio_ex.o
HAL_GPIOEx_EnableEventout                         build/stm32f1xx_hal_gpio_ex.o
HAL_GPIO_DeInit                                   build/stm32f1xx_hal_gpio.o
HAL_GPIO_EXTI_Callback                            build/stm32f1xx_hal_gpio.o
HAL_GPIO_EXTI_IRQHandler                          build/stm32f1xx_hal_gpio.o
HAL_GPIO_Init                                     build/stm32f1xx_hal_gpio.o
                                                  build/stm32f1xx_hal_rcc.o
                                                  build/main.o
HAL_GPIO_LockPin                                  build/stm32f1xx_hal_gpio.o
HAL_GPIO_ReadPin                                  build/stm32f1xx_hal_gpio.o
HAL_GPIO_TogglePin                                build/stm32f1xx_hal_gpio.o
                                                  build/main.o
HAL_GPIO_WritePin                                 build/stm32f1xx_hal_gpio.o
                                                  build/main.o
HAL_GetDEVID                                      build/stm32f1xx_hal.o
HAL_GetHalVersion                                 build/stm32f1xx_hal.o
HAL_GetREVID                                      build/stm32f1xx_hal.o
HAL_GetTick                                       build/stm32f1xx_hal.o
                                                  build/stm32f1xx_hal_flash.o
                                                  build/stm32f1xx_hal_dma.o
                                                  build/stm32f1xx_hal_rcc_ex.o
                                                  build/stm32f1xx_hal_rcc.o
HAL_GetTickFreq                                   build/stm32f1xx_hal.o
HAL_GetTickPrio                                   build/stm32f1xx_hal.o
HAL_GetUIDw0                                      build/stm32f1xx_hal.o
HAL_GetUIDw1                                      build/stm32f1xx_hal.o
HAL_GetUIDw2                                      build/stm32f1xx_hal.o
HAL_IncTick                                       build/stm32f1xx_hal.o
                                                  build/stm32f1xx_it.o
HAL_Init                                          build/stm32f1xx_hal.o
                                                  build/main.o
HAL_InitTick                                      build/stm32f1xx_hal.o
                                                  build/stm32f1xx_hal_rcc.o
HAL_MspDeInit                                     build/stm32f1xx_hal.o
HAL_MspInit                                       build/stm32f1xx_hal_msp.o
HAL_NVIC_ClearPendingIRQ                          build/stm32f1xx_hal_cortex.o
HAL_NVIC_DisableIRQ                               build/stm32f1xx_hal_cortex.o
HAL_NVIC_EnableIRQ                                build/stm32f1xx_hal_cortex.o
HAL_NVIC_GetActive                                build/stm32f1xx_hal_cortex.o
HAL_NVIC_GetPendingIRQ                            build/stm32f1xx_hal_cortex.o
HAL_NVIC_GetPriority                              build/stm32f1xx_hal_cortex.o
HAL_NVIC_GetPriorityGrouping                      build/stm32f1xx_hal_cortex.o
HAL_NVIC_SetPendingIRQ                            build/stm32f1xx_hal_cortex.o
HAL_NVIC_SetPriority                              build/stm32f1xx_hal_cortex.o
                                                  build/stm32f1xx_hal.o
HAL_NVIC_SetPriorityGrouping                      build/stm32f1xx_hal_cortex.o
                                                  build/stm32f1xx_hal.o
HAL_NVIC_SystemReset                              build/stm32f1xx_hal_cortex.o
                                                  build/stm32f1xx_hal_flash.o
HAL_PWR_ConfigPVD                                 build/stm32f1xx_hal_pwr.o
HAL_PWR_DeInit                                    build/stm32f1xx_hal_pwr.o
HAL_PWR_DisableBkUpAccess                         build/stm32f1xx_hal_pwr.o
HAL_PWR_DisablePVD                                build/stm32f1xx_hal_pwr.o
HAL_PWR_DisableSEVOnPend                          build/stm32f1xx_hal_pwr.o
HAL_PWR_DisableSleepOnExit                        build/stm32f1xx_hal_pwr.o
HAL_PWR_DisableWakeUpPin                          build/stm32f1xx_hal_pwr.o
HAL_PWR_EnableBkUpAccess                          build/stm32f1xx_hal_pwr.o
HAL_PWR_EnablePVD                                 build/stm32f1xx_hal_pwr.o
HAL_PWR_EnableSEVOnPend                           build/stm32f1xx_hal_pwr.o
HAL_PWR_EnableSleepOnExit                         build/stm32f1xx_hal_pwr.o
HAL_PWR_EnableWakeUpPin                           build/stm32f1xx_hal_pwr.o
HAL_PWR_EnterSLEEPMode                            build/stm32f1xx_hal_pwr.o
HAL_PWR_EnterSTANDBYMode                          build/stm32f1xx_hal_pwr.o
HAL_PWR_EnterSTOPMode                             build/stm32f1xx_hal_pwr.o
HAL_PWR_PVDCallback                               build/stm32f1xx_hal_pwr.o
HAL_PWR_PVD_IRQHandler                            build/stm32f1xx_hal_pwr.o
HAL_RCCEx_GetPeriphCLKConfig                      build/stm32f1xx_hal_rcc_ex.o
HAL_RCCEx_GetPeriphCLKFreq                        build/stm32f1xx_hal_rcc_ex.o
HAL_RCCEx_PeriphCLKConfig                         build/stm32f1xx_hal_rcc_ex.o
HAL_RCC_CSSCallback                               build/stm32f1xx_hal_rcc.o
HAL_RCC_ClockConfig                               build/stm32f1xx_hal_rcc.o
                                                  build/main.o
HAL_RCC_DeInit                                    build/stm32f1xx_hal_rcc.o
HAL_RCC_DisableCSS                                build/stm32f1xx_hal_rcc.o
HAL_RCC_EnableCSS                                 build/stm32f1xx_hal_rcc.o
HAL_RCC_GetClockConfig                            build/stm32f1xx_hal_rcc.o
HAL_RCC_GetHCLKFreq                               build/stm32f1xx_hal_rcc.o
HAL_RCC_GetOscConfig                              build/stm32f1xx_hal_rcc.o
HAL_RCC_GetPCLK1Freq                              build/stm32f1xx_hal_rcc.o
HAL_RCC_GetPCLK2Freq                              build/stm32f1xx_hal_rcc.o
                                                  build/stm32f1xx_hal_rcc_ex.o
HAL_RCC_GetSysClockFreq                           build/stm32f1xx_hal_rcc.o
                                                  build/stm32f1xx_hal_rcc_ex.o
HAL_RCC_MCOConfig                                 build/stm32f1xx_hal_rcc.o
HAL_RCC_NMI_IRQHandler                            build/stm32f1xx_hal_rcc.o
HAL_RCC_OscConfig                                 build/stm32f1xx_hal_rcc.o
                                                  build/main.o
HAL_ResumeTick                                    build/stm32f1xx_hal.o
HAL_SYSTICK_CLKSourceConfig                       build/stm32f1xx_hal_cortex.o
HAL_SYSTICK_Callback                              build/stm32f1xx_hal_cortex.o
HAL_SYSTICK_Config                                build/stm32f1xx_hal_cortex.o
                                                  build/stm32f1xx_hal.o
HAL_SYSTICK_IRQHandler                            build/stm32f1xx_hal_cortex.o
HAL_SetTickFreq                                   build/stm32f1xx_hal.o
HAL_SuspendTick                                   build/stm32f1xx_hal.o
HardFault_Handler                                 build/stm32f1xx_it.o
I2C1_ER_IRQHandler                                build/startup_stm32f103xe.o
I2C1_EV_IRQHandler                                build/startup_stm32f103xe.o
I2C2_ER_IRQHandler                                build/startup_stm32f103xe.o
I2C2_EV_IRQHandler                                build/startup_stm32f103xe.o
MemManage_Handler                                 build/stm32f1xx_it.o
NMI_Handler                                       build/stm32f1xx_it.o
PVD_IRQHandler                                    build/startup_stm32f103xe.o
PendSV_Handler                                    build/stm32f1xx_it.o
RCC_IRQHandler                                    build/startup_stm32f103xe.o
RTC_Alarm_IRQHandler                              build/startup_stm32f103xe.o
RTC_IRQHandler                                    build/startup_stm32f103xe.o
Reset_Handler                                     build/startup_stm32f103xe.o
SDIO_IRQHandler                                   build/startup_stm32f103xe.o
SPI1_IRQHandler                                   build/startup_stm32f103xe.o
SPI2_IRQHandler                                   build/startup_stm32f103xe.o
SPI3_IRQHandler                                   build/startup_stm32f103xe.o
SVC_Handler                                       build/stm32f1xx_it.o
SysTick_Handler                                   build/stm32f1xx_it.o
SystemClock_Config                                build/main.o
SystemCoreClock                                   build/system_stm32f1xx.o
                                                  build/stm32f1xx_hal_rcc.o
                                                  build/stm32f1xx_hal.o
                                                  build/dwt_timer.o
SystemCoreClockUpdate                             build/system_stm32f1xx.o
SystemInit                                        build/system_stm32f1xx.o
                                                  build/startup_stm32f103xe.o
TAMPER_IRQHandler                                 build/startup_stm32f103xe.o
TIM1_BRK_IRQHandler                               build/startup_stm32f103xe.o
TIM1_CC_IRQHandler                                build/startup_stm32f103xe.o
TIM1_TRG_COM_IRQHandler                           build/startup_stm32f103xe.o
TIM1_UP_IRQHandler                                build/startup_stm32f103xe.o
TIM2_IRQHandler                                   build/startup_stm32f103xe.o
TIM3_IRQHandler                                   build/startup_stm32f103xe.o
TIM4_IRQHandler                                   build/startup_stm32f103xe.o
TIM5_IRQHandler                                   build/startup_stm32f103xe.o
TIM6_IRQHandler                                   build/startup_stm32f103xe.o
TIM7_IRQHandler                                   build/startup_stm32f103xe.o
TIM8_BRK_IRQHandler                               build/startup_stm32f103xe.o
TIM8_CC_IRQHandler                                build/startup_stm32f103xe.o
TIM8_TRG_COM_IRQHandler                           build/startup_stm32f103xe.o
TIM8_UP_IRQHandler                                build/startup_stm32f103xe.o
UART4_IRQHandler                                  build/startup_stm32f103xe.o
UART5_IRQHandler                                  build/startup_stm32f103xe.o
USART1_IRQHandler                                 build/startup_stm32f103xe.o
USART2_IRQHandler                                 build/startup_stm32f103xe.o
USART3_IRQHandler                                 build/startup_stm32f103xe.o
USBWakeUp_IRQHandler                              build/startup_stm32f103xe.o
USB_HP_CAN1_TX_IRQHandler                         build/startup_stm32f103xe.o
USB_LP_CAN1_RX0_IRQHandler                        build/startup_stm32f103xe.o
UsageFault_Handler                                build/stm32f1xx_it.o
WWDG_IRQHandler                                   build/startup_stm32f103xe.o
_ITM_deregisterTMCloneTable                       D:/Studying/embedded_systems/Software/arm-none-eabi-15.2-hf/bin/../lib/gcc/arm-none-eabi/15.2.1/thumb/v7-m/nofp/crtbegin.o
_ITM_registerTMCloneTable                         D:/Studying/embedded_systems/Software/arm-none-eabi-15.2-hf/bin/../lib/gcc/arm-none-eabi/15.2.1/thumb/v7-m/nofp/crtbegin.o
_Min_Stack_Size                                   build/sysmem.o
__TMC_END__                                       D:/Studying/embedded_systems/Software/arm-none-eabi-15.2-hf/bin/../lib/gcc/arm-none-eabi/15.2.1/thumb/v7-m/nofp/crtend.o
                                                  D:/Studying/embedded_systems/Software/arm-none-eabi-15.2-hf/bin/../lib/gcc/arm-none-eabi/15.2.1/thumb/v7-m/nofp/crtbegin.o
__aeabi_idiv0                                     D:/Studying/embedded_systems/Software/arm-none-eabi-15.2-hf/bin/../lib/gcc/arm-none-eabi/15.2.1/thumb/v7-m/nofp\libgcc.a(_dvmd_tls.o)
__aeabi_ldiv0                                     D:/Studying/embedded_systems/Software/arm-none-eabi-15.2-hf/bin/../lib/gcc/arm-none-eabi/15.2.1/thumb/v7-m/nofp\libgcc.a(_dvmd_tls.o)
                                                  D:/Studying/embedded_systems/Software/arm-none-eabi-15.2-hf/bin/../lib/gcc/arm-none-eabi/15.2.1/thumb/v7-m/nofp\libgcc.a(_aeabi_uldivmod.o)
__aeabi_uldivmod                                  D:/Studying/embedded_systems/Software/arm-none-eabi-15.2-hf/bin/../lib/gcc/arm-none-eabi/15.2.1/thumb/v7-m/nofp\libgcc.a(_aeabi_uldivmod.o)
                                                  build/dwt_timer.o
__bss_end__                                       D:/Studying/embedded_systems/Software/arm-none-eabi-15.2-hf/bin/../lib/gcc/arm-none-eabi/15.2.1/../../../../arm-none-eabi/lib/thumb/v7-m/nofp/crt0.o
__bss_start__                                     D:/Studying/embedded_systems/Software/arm-none-eabi-15.2-hf/bin/../lib/gcc/arm-none-eabi/15.2.1/../../../../arm-none-eabi/lib/thumb/v7-m/nofp/crt0.o
__call_exitprocs                                  D:/Studying/embedded_systems/Software/arm-none-eabi-15.2-hf/bin/../lib/gcc/arm-none-eabi/15.2.1/../../../../arm-none-eabi/lib/thumb/v7-m/nofp\libc_nano.a(libc_a-exit.o)
__deregister_frame_info                           D:/Studying/embedded_systems/Software/arm-none-eabi-15.2-hf/bin/../lib/gcc/arm-none-eabi/15.2.1/thumb/v7-m/nofp/crtbegin.o
__dso_handle                                      D:/Studying/embedded_systems/Software/arm-none-eabi-15.2-hf/bin/../lib/gcc/arm-none-eabi/15.2.1/thumb/v7-m/nofp/crtbegin.o
__env                                             build/syscalls.o
__errno                                           D:/Studying/embedded_systems/Software/arm-none-eabi-15.2-hf/bin/../lib/gcc/arm-none-eabi/15.2.1/../../../../arm-none-eabi/lib/thumb/v7-m/nofp\libc_nano.a(libc_a-errno.o)
                                                  build/syscalls.o
                                                  build/sysmem.o
__fp_lock_all                                     D:/Studying/embedded_systems/Software/arm-none-eabi-15.2-hf/bin/../lib/gcc/arm-none-eabi/15.2.1/../../../../arm-none-eabi/lib/thumb/v7-m/nofp\libc_nano.a(libc_a-findfp.o)
__fp_unlock_all                                   D:/Studying/embedded_systems/Software/arm-none-eabi-15.2-hf/bin/../lib/gcc/arm-none-eabi/15.2.1/../../../../arm-none-eabi/lib/thumb/v7-m/nofp\libc_nano.a(libc_a-findfp.o)
__init_array_end                                  D:/Studying/embedded_systems/Software/arm-none-eabi-15.2-hf/bin/../lib/gcc/arm-none-eabi/15.2.1/../../../../arm-none-eabi/lib/thumb/v7-m/nofp\libc_nano.a(libc_a-init.o)
__init_array_start                                D:/Studying/embedded_systems/Software/arm-none-eabi-15.2-hf/bin/../lib/gcc/arm-none-eabi/15.2.1/../../../../arm-none-eabi/lib/thumb/v7-m/nofp\libc_nano.a(libc_a-init.o)
__io_getchar                                      build/syscalls.o
__io_putchar                                      build/syscalls.o
__libc_fini_array                                 D:/Studying/embedded_systems/Software/arm-none-eabi-15.2-hf/bin/../lib/gcc/arm-none-eabi/15.2.1/../../../../arm-none-eabi/lib/thumb/v7-m/nofp/crt0.o
__libc_init_array                                 D:/Studying/embedded_systems/Software/arm-none-eabi-15.2-hf/bin/../lib/gcc/arm-none-eabi/15.2.1/../../../../arm-none-eabi/lib/thumb/v7-m/nofp\libc_nano.a(libc_a-init.o)
                                                  build/startup_stm32f103xe.o
                                                  D:/Studying/embedded_systems/Software/arm-none-eabi-15.2-hf/bin/../lib/gcc/arm-none-eabi/15.2.1/../../../../arm-none-eabi/lib/thumb/v7-m/nofp/crt0.o
__lock___arc4random_mutex                         D:/Studying/embedded_systems/Software/arm-none-eabi-15.2-hf/bin/../lib/gcc/arm-none-eabi/15.2.1/../../../../arm-none-eabi/lib/thumb/v7-m/nofp\libc_nano.a(libc_a-lock.o)
__lock___at_quick_exit_mutex                      D:/Studying/embedded_systems/Software/arm-none-eabi-15.2-hf/bin/../lib/gcc/arm-none-eabi/15.2.1/../../../../arm-none-eabi/lib/thumb/v7-m/nofp\libc_nano.a(libc_a-lock.o)
__lock___atexit_recursive_mutex                   D:/Studying/embedded_systems/Software/arm-none-eabi-15.2-hf/bin/../lib/gcc/arm-none-eabi/15.2.1/../../../../arm-none-eabi/lib/thumb/v7-m/nofp\libc_nano.a(libc_a-lock.o)
__lock___dd_hash_mutex                            D:/Studying/embedded_systems/Software/arm-none-eabi-15.2-hf/bin/../lib/gcc/arm-none-eabi/15.2.1/../../../../arm-none-eabi/lib/thumb/v7-m/nofp\libc_nano.a(libc_a-lock.o)
__lock___env_recursive_mutex                      D:/Studying/embedded_systems/Software/arm-none-eabi-15.2-hf/bin/../lib/gcc/arm-none-eabi/15.2.1/../../../../arm-none-eabi/lib/thumb/v7-m/nofp\libc_nano.a(libc_a-lock.o)
__lock___malloc_recursive_mutex                   D:/Studying/embedded_systems/Software/arm-none-eabi-15.2-hf/bin/../lib/gcc/arm-none-eabi/15.2.1/../../../../arm-none-eabi/lib/thumb/v7-m/nofp\libc_nano.a(libc_a-lock.o)
                                                  D:/Studying/embedded_systems/Software/arm-none-eabi-15.2-hf/bin/../lib/gcc/arm-none-eabi/15.2.1/../../../../arm-none-eabi/lib/thumb/v7-m/nofp\libc_nano.a(libc_a-mlock.o)
__lock___sfp_recursive_mutex                      D:/Studying/embedded_systems/Software/arm-none-eabi-15.2-hf/bin/../lib/gcc/arm-none-eabi/15.2.1/../../../../arm-none-eabi/lib/thumb/v7-m/nofp\libc_nano.a(libc_a-lock.o)
                                                  D:/Studying/embedded_systems/Software/arm-none-eabi-15.2-hf/bin/../lib/gcc/arm-none-eabi/15.2.1/../../../../arm-none-eabi/lib/thumb/v7-m/nofp\libc_nano.a(libc_a-findfp.o)
__lock___tz_mutex                                 D:/Studying/embedded_systems/Software/arm-none-eabi-15.2-hf/bin/../lib/gcc/arm-none-eabi/15.2.1/../../../../arm-none-eabi/lib/thumb/v7-m/nofp\libc_nano.a(libc_a-lock.o)
__malloc_free_list                                D:/Studying/embedded_systems/Software/arm-none-eabi-15.2-hf/bin/../lib/gcc/arm-none-eabi/15.2.1/../../../../arm-none-eabi/lib/thumb/v7-m/nofp\libc_nano.a(libc_a-mallocr.o)
                                                  D:/Studying/embedded_systems/Software/arm-none-eabi-15.2-hf/bin/../lib/gcc/arm-none-eabi/15.2.1/../../../../arm-none-eabi/lib/thumb/v7-m/nofp\libc_nano.a(libc_a-freer.o)
__malloc_lock                                     D:/Studying/embedded_systems/Software/arm-none-eabi-15.2-hf/bin/../lib/gcc/arm-none-eabi/15.2.1/../../../../arm-none-eabi/lib/thumb/v7-m/nofp\libc_nano.a(libc_a-mlock.o)
                                                  D:/Studying/embedded_systems/Software/arm-none-eabi-15.2-hf/bin/../lib/gcc/arm-none-eabi/15.2.1/../../../../arm-none-eabi/lib/thumb/v7-m/nofp\libc_nano.a(libc_a-mallocr.o)
                                                  D:/Studying/embedded_systems/Software/arm-none-eabi-15.2-hf/bin/../lib/gcc/arm-none-eabi/15.2.1/../../../../arm-none-eabi/lib/thumb/v7-m/nofp\libc_nano.a(libc_a-freer.o)
__malloc_sbrk_start                               D:/Studying/embedded_systems/Software/arm-none-eabi-15.2-hf/bin/../lib/gcc/arm-none-eabi/15.2.1/../../../../arm-none-eabi/lib/thumb/v7-m/nofp\libc_nano.a(libc_a-mallocr.o)
__malloc_unlock                                   D:/Studying/embedded_systems/Software/arm-none-eabi-15.2-hf/bin/../lib/gcc/arm-none-eabi/15.2.1/../../../../arm-none-eabi/lib/thumb/v7-m/nofp\libc_nano.a(libc_a-mlock.o)
                                                  D:/Studying/embedded_systems/Software/arm-none-eabi-15.2-hf/bin/../lib/gcc/arm-none-eabi/15.2.1/../../../../arm-none-eabi/lib/thumb/v7-m/nofp\libc_nano.a(libc_a-mallocr.o)
                                                  D:/Studying/embedded_systems/Software/arm-none-eabi-15.2-hf/bin/../lib/gcc/arm-none-eabi/15.2.1/../../../../arm-none-eabi/lib/thumb/v7-m/nofp\libc_nano.a(libc_a-freer.o)
__preinit_array_end                               D:/Studying/embedded_systems/Software/arm-none-eabi-15.2-hf/bin/../lib/gcc/arm-none-eabi/15.2.1/../../../../arm-none-eabi/lib/thumb/v7-m/nofp\libc_nano.a(libc_a-init.o)
__preinit_array_start                             D:/Studying/embedded_systems/Software/arm-none-eabi-15.2-hf/bin/../lib/gcc/arm-none-eabi/15.2.1/../../../../arm-none-eabi/lib/thumb/v7-m/nofp\libc_nano.a(libc_a-init.o)
__register_frame_info                             D:/Studying/embedded_systems/Software/arm-none-eabi-15.2-hf/bin/../lib/gcc/arm-none-eabi/15.2.1/thumb/v7-m/nofp/crtbegin.o
__retarget_lock_acquire                           D:/Studying/embedded_systems/Software/arm-none-eabi-15.2-hf/bin/../lib/gcc/arm-none-eabi/15.2.1/../../../../arm-none-eabi/lib/thumb/v7-m/nofp\libc_nano.a(libc_a-lock.o)
__retarget_lock_acquire_recursive                 D:/Studying/embedded_systems/Software/arm-none-eabi-15.2-hf/bin/../lib/gcc/arm-none-eabi/15.2.1/../../../../arm-none-eabi/lib/thumb/v7-m/nofp\libc_nano.a(libc_a-lock.o)
                                                  D:/Studying/embedded_systems/Software/arm-none-eabi-15.2-hf/bin/../lib/gcc/arm-none-eabi/15.2.1/../../../../arm-none-eabi/lib/thumb/v7-m/nofp\libc_nano.a(libc_a-fflush.o)
                                                  D:/Studying/embedded_systems/Software/arm-none-eabi-15.2-hf/bin/../lib/gcc/arm-none-eabi/15.2.1/../../../../arm-none-eabi/lib/thumb/v7-m/nofp\libc_nano.a(libc_a-mlock.o)
                                                  D:/Studying/embedded_systems/Software/arm-none-eabi-15.2-hf/bin/../lib/gcc/arm-none-eabi/15.2.1/../../../../arm-none-eabi/lib/thumb/v7-m/nofp\libc_nano.a(libc_a-findfp.o)
__retarget_lock_close                             D:/Studying/embedded_systems/Software/arm-none-eabi-15.2-hf/bin/../lib/gcc/arm-none-eabi/15.2.1/../../../../arm-none-eabi/lib/thumb/v7-m/nofp\libc_nano.a(libc_a-lock.o)
__retarget_lock_close_recursive                   D:/Studying/embedded_systems/Software/arm-none-eabi-15.2-hf/bin/../lib/gcc/arm-none-eabi/15.2.1/../../../../arm-none-eabi/lib/thumb/v7-m/nofp\libc_nano.a(libc_a-lock.o)
__retarget_lock_init                              D:/Studying/embedded_systems/Software/arm-none-eabi-15.2-hf/bin/../lib/gcc/arm-none-eabi/15.2.1/../../../../arm-none-eabi/lib/thumb/v7-m/nofp\libc_nano.a(libc_a-lock.o)
__retarget_lock_init_recursive                    D:/Studying/embedded_systems/Software/arm-none-eabi-15.2-hf/bin/../lib/gcc/arm-none-eabi/15.2.1/../../../../arm-none-eabi/lib/thumb/v7-m/nofp\libc_nano.a(libc_a-lock.o)
                                                  D:/Studying/embedded_systems/Software/arm-none-eabi-15.2-hf/bin/../lib/gcc/arm-none-eabi/15.2.1/../../../../arm-none-eabi/lib/thumb/v7-m/nofp\libc_nano.a(libc_a-findfp.o)
__retarget_lock_release                           D:/Studying/embedded_systems/Software/arm-none-eabi-15.2-hf/bin/../lib/gcc/arm-none-eabi/15.2.1/../../../../arm-none-eabi/lib/thumb/v7-m/nofp\libc_nano.a(libc_a-lock.o)
__retarget_lock_release_recursive                 D:/Studying/embedded_systems/Software/arm-none-eabi-15.2-hf/bin/../lib/gcc/arm-none-eabi/15.2.1/../../../../arm-none-eabi/lib/thumb/v7-m/nofp\libc_nano.a(libc_a-lock.o)
                                                  D:/Studying/embedded_systems/Software/arm-none-eabi-15.2-hf/bin/../lib/gcc/arm-none-eabi/15.2.1/../../../../arm-none-eabi/lib/thumb/v7-m/nofp\libc_nano.a(libc_a-fflush.o)
                                                  D:/Studying/embedded_systems/Software/arm-none-eabi-15.2-hf/bin/../lib/gcc/arm-none-eabi/15.2.1/../../../../arm-none-eabi/lib/thumb/v7-m/nofp\libc_nano.a(libc_a-mlock.o)
                                                  D:/Studying/embedded_systems/Software/arm-none-eabi-15.2-hf/bin/../lib/gcc/arm-none-eabi/15.2.1/../../../../arm-none-eabi/lib/thumb/v7-m/nofp\libc_nano.a(libc_a-findfp.o)
__retarget_lock_try_acquire                       D:/Studying/embedded_systems/Software/arm-none-eabi-15.2-hf/bin/../lib/gcc/arm-none-eabi/15.2.1/../../../../arm-none-eabi/lib/thumb/v7-m/nofp\libc_nano.a(libc_a-lock.o)
__retarget_lock_try_acquire_recursive             D:/Studying/embedded_systems/Software/arm-none-eabi-15.2-hf/bin/../lib/gcc/arm-none-eabi/15.2.1/../../../../arm-none-eabi/lib/thumb/v7-m/nofp\libc_nano.a(libc_a-lock.o)
__sclose                                          D:/Studying/embedded_systems/Software/arm-none-eabi-15.2-hf/bin/../lib/gcc/arm-none-eabi/15.2.1/../../../../arm-none-eabi/lib/thumb/v7-m/nofp\libc_nano.a(libc_a-stdio.o)
                                                  D:/Studying/embedded_systems/Software/arm-none-eabi-15.2-hf/bin/../lib/gcc/arm-none-eabi/15.2.1/../../../../arm-none-eabi/lib/thumb/v7-m/nofp\libc_nano.a(libc_a-findfp.o)
__seofread                                        D:/Studying/embedded_systems/Software/arm-none-eabi-15.2-hf/bin/../lib/gcc/arm-none-eabi/15.2.1/../../../../arm-none-eabi/lib/thumb/v7-m/nofp\libc_nano.a(libc_a-stdio.o)
__sf                                              D:/Studying/embedded_systems/Software/arm-none-eabi-15.2-hf/bin/../lib/gcc/arm-none-eabi/15.2.1/../../../../arm-none-eabi/lib/thumb/v7-m/nofp\libc_nano.a(libc_a-findfp.o)
                                                  D:/Studying/embedded_systems/Software/arm-none-eabi-15.2-hf/bin/../lib/gcc/arm-none-eabi/15.2.1/../../../../arm-none-eabi/lib/thumb/v7-m/nofp\libc_nano.a(libc_a-impure.o)
__sflush_r                                        D:/Studying/embedded_systems/Software/arm-none-eabi-15.2-hf/bin/../lib/gcc/arm-none-eabi/15.2.1/../../../../arm-none-eabi/lib/thumb/v7-m/nofp\libc_nano.a(libc_a-fflush.o)
__sfp                                             D:/Studying/embedded_systems/Software/arm-none-eabi-15.2-hf/bin/../lib/gcc/arm-none-eabi/15.2.1/../../../../arm-none-eabi/lib/thumb/v7-m/nofp\libc_nano.a(libc_a-findfp.o)
__sfp_lock_acquire                                D:/Studying/embedded_systems/Software/arm-none-eabi-15.2-hf/bin/../lib/gcc/arm-none-eabi/15.2.1/../../../../arm-none-eabi/lib/thumb/v7-m/nofp\libc_nano.a(libc_a-findfp.o)
__sfp_lock_release                                D:/Studying/embedded_systems/Software/arm-none-eabi-15.2-hf/bin/../lib/gcc/arm-none-eabi/15.2.1/../../../../arm-none-eabi/lib/thumb/v7-m/nofp\libc_nano.a(libc_a-findfp.o)
__sglue                                           D:/Studying/embedded_systems/Software/arm-none-eabi-15.2-hf/bin/../lib/gcc/arm-none-eabi/15.2.1/../../../../arm-none-eabi/lib/thumb/v7-m/nofp\libc_nano.a(libc_a-findfp.o)
                                                  D:/Studying/embedded_systems/Software/arm-none-eabi-15.2-hf/bin/../lib/gcc/arm-none-eabi/15.2.1/../../../../arm-none-eabi/lib/thumb/v7-m/nofp\libc_nano.a(libc_a-fflush.o)
__sinit                                           D:/Studying/embedded_systems/Software/arm-none-eabi-15.2-hf/bin/../lib/gcc/arm-none-eabi/15.2.1/../../../../arm-none-eabi/lib/thumb/v7-m/nofp\libc_nano.a(libc_a-findfp.o)
                                                  D:/Studying/embedded_systems/Software/arm-none-eabi-15.2-hf/bin/../lib/gcc/arm-none-eabi/15.2.1/../../../../arm-none-eabi/lib/thumb/v7-m/nofp\libc_nano.a(libc_a-fflush.o)
__sread                                           D:/Studying/embedded_systems/Software/arm-none-eabi-15.2-hf/bin/../lib/gcc/arm-none-eabi/15.2.1/../../../../arm-none-eabi/lib/thumb/v7-m/nofp\libc_nano.a(libc_a-stdio.o)
                                                  D:/Studying/embedded_systems/Software/arm-none-eabi-15.2-hf/bin/../lib/gcc/arm-none-eabi/15.2.1/../../../../arm-none-eabi/lib/thumb/v7-m/nofp\libc_nano.a(libc_a-findfp.o)
__sseek                                           D:/Studying/embedded_systems/Software/arm-none-eabi-15.2-hf/bin/../lib/gcc/arm-none-eabi/15.2.1/../../../../arm-none-eabi/lib/thumb/v7-m/nofp\libc_nano.a(libc_a-stdio.o)
                                                  D:/Studying/embedded_systems/Software/arm-none-eabi-15.2-hf/bin/../lib/gcc/arm-none-eabi/15.2.1/../../../../arm-none-eabi/lib/thumb/v7-m/nofp\libc_nano.a(libc_a-findfp.o)
__stack                                           D:/Studying/embedded_systems/Software/arm-none-eabi-15.2-hf/bin/../lib/gcc/arm-none-eabi/15.2.1/../../../../arm-none-eabi/lib/thumb/v7-m/nofp/crt0.o
__stdio_exit_handler                              D:/Studying/embedded_systems/Software/arm-none-eabi-15.2-hf/bin/../lib/gcc/arm-none-eabi/15.2.1/../../../../arm-none-eabi/lib/thumb/v7-m/nofp\libc_nano.a(libc_a-findfp.o)
                                                  D:/Studying/embedded_systems/Software/arm-none-eabi-15.2-hf/bin/../lib/gcc/arm-none-eabi/15.2.1/../../../../arm-none-eabi/lib/thumb/v7-m/nofp\libc_nano.a(libc_a-exit.o)
__swrite                                          D:/Studying/embedded_systems/Software/arm-none-eabi-15.2-hf/bin/../lib/gcc/arm-none-eabi/15.2.1/../../../../arm-none-eabi/lib/thumb/v7-m/nofp\libc_nano.a(libc_a-stdio.o)
                                                  D:/Studying/embedded_systems/Software/arm-none-eabi-15.2-hf/bin/../lib/gcc/arm-none-eabi/15.2.1/../../../../arm-none-eabi/lib/thumb/v7-m/nofp\libc_nano.a(libc_a-findfp.o)
__udivmoddi4                                      D:/Studying/embedded_systems/Software/arm-none-eabi-15.2-hf/bin/../lib/gcc/arm-none-eabi/15.2.1/thumb/v7-m/nofp\libgcc.a(_udivmoddi4.o)
                                                  D:/Studying/embedded_systems/Software/arm-none-eabi-15.2-hf/bin/../lib/gcc/arm-none-eabi/15.2.1/thumb/v7-m/nofp\libgcc.a(_aeabi_uldivmod.o)
_close                                            build/syscalls.o
                                                  D:/Studying/embedded_systems/Software/arm-none-eabi-15.2-hf/bin/../lib/gcc/arm-none-eabi/15.2.1/../../../../arm-none-eabi/lib/thumb/v7-m/nofp\libc_nano.a(libc_a-closer.o)
_close_r                                          D:/Studying/embedded_systems/Software/arm-none-eabi-15.2-hf/bin/../lib/gcc/arm-none-eabi/15.2.1/../../../../arm-none-eabi/lib/thumb/v7-m/nofp\libc_nano.a(libc_a-closer.o)
                                                  D:/Studying/embedded_systems/Software/arm-none-eabi-15.2-hf/bin/../lib/gcc/arm-none-eabi/15.2.1/../../../../arm-none-eabi/lib/thumb/v7-m/nofp\libc_nano.a(libc_a-stdio.o)
_ebss                                             build/startup_stm32f103xe.o
_edata                                            build/startup_stm32f103xe.o
_end                                              build/sysmem.o
_estack                                           build/startup_stm32f103xe.o
                                                  build/sysmem.o
_execve                                           build/syscalls.o
_exit                                             build/syscalls.o
                                                  D:/Studying/embedded_systems/Software/arm-none-eabi-15.2-hf/bin/../lib/gcc/arm-none-eabi/15.2.1/../../../../arm-none-eabi/lib/thumb/v7-m/nofp\libc_nano.a(libc_a-exit.o)
_fflush_r                                         D:/Studying/embedded_systems/Software/arm-none-eabi-15.2-hf/bin/../lib/gcc/arm-none-eabi/15.2.1/../../../../arm-none-eabi/lib/thumb/v7-m/nofp\libc_nano.a(libc_a-fflush.o)
                                                  D:/Studying/embedded_systems/Software/arm-none-eabi-15.2-hf/bin/../lib/gcc/arm-none-eabi/15.2.1/../../../../arm-none-eabi/lib/thumb/v7-m/nofp\libc_nano.a(libc_a-findfp.o)
_fini                                             D:/Studying/embedded_systems/Software/arm-none-eabi-15.2-hf/bin/../lib/gcc/arm-none-eabi/15.2.1/thumb/v7-m/nofp/crti.o
_fork                                             build/syscalls.o
_free_r                                           D:/Studying/embedded_systems/Software/arm-none-eabi-15.2-hf/bin/../lib/gcc/arm-none-eabi/15.2.1/../../../../arm-none-eabi/lib/thumb/v7-m/nofp\libc_nano.a(libc_a-freer.o)
                                                  D:/Studying/embedded_systems/Software/arm-none-eabi-15.2-hf/bin/../lib/gcc/arm-none-eabi/15.2.1/../../../../arm-none-eabi/lib/thumb/v7-m/nofp\libc_nano.a(libc_a-fflush.o)
                                                  D:/Studying/embedded_systems/Software/arm-none-eabi-15.2-hf/bin/../lib/gcc/arm-none-eabi/15.2.1/../../../../arm-none-eabi/lib/thumb/v7-m/nofp\libc_nano.a(libc_a-reent.o)
_fstat                                            build/syscalls.o
_fwalk_sglue                                      D:/Studying/embedded_systems/Software/arm-none-eabi-15.2-hf/bin/../lib/gcc/arm-none-eabi/15.2.1/../../../../arm-none-eabi/lib/thumb/v7-m/nofp\libc_nano.a(libc_a-fwalk.o)
                                                  D:/Studying/embedded_systems/Software/arm-none-eabi-15.2-hf/bin/../lib/gcc/arm-none-eabi/15.2.1/../../../../arm-none-eabi/lib/thumb/v7-m/nofp\libc_nano.a(libc_a-fflush.o)
                                                  D:/Studying/embedded_systems/Software/arm-none-eabi-15.2-hf/bin/../lib/gcc/arm-none-eabi/15.2.1/../../../../arm-none-eabi/lib/thumb/v7-m/nofp\libc_nano.a(libc_a-findfp.o)
_getpid                                           build/syscalls.o
_impure_data                                      D:/Studying/embedded_systems/Software/arm-none-eabi-15.2-hf/bin/../lib/gcc/arm-none-eabi/15.2.1/../../../../arm-none-eabi/lib/thumb/v7-m/nofp\libc_nano.a(libc_a-impure.o)
                                                  D:/Studying/embedded_systems/Software/arm-none-eabi-15.2-hf/bin/../lib/gcc/arm-none-eabi/15.2.1/../../../../arm-none-eabi/lib/thumb/v7-m/nofp\libc_nano.a(libc_a-fflush.o)
                                                  D:/Studying/embedded_systems/Software/arm-none-eabi-15.2-hf/bin/../lib/gcc/arm-none-eabi/15.2.1/../../../../arm-none-eabi/lib/thumb/v7-m/nofp\libc_nano.a(libc_a-findfp.o)
_impure_ptr                                       D:/Studying/embedded_systems/Software/arm-none-eabi-15.2-hf/bin/../lib/gcc/arm-none-eabi/15.2.1/../../../../arm-none-eabi/lib/thumb/v7-m/nofp\libc_nano.a(libc_a-impure.o)
                                                  D:/Studying/embedded_systems/Software/arm-none-eabi-15.2-hf/bin/../lib/gcc/arm-none-eabi/15.2.1/../../../../arm-none-eabi/lib/thumb/v7-m/nofp\libc_nano.a(libc_a-fflush.o)
                                                  D:/Studying/embedded_systems/Software/arm-none-eabi-15.2-hf/bin/../lib/gcc/arm-none-eabi/15.2.1/../../../../arm-none-eabi/lib/thumb/v7-m/nofp\libc_nano.a(libc_a-errno.o)
                                                  D:/Studying/embedded_systems/Software/arm-none-eabi-15.2-hf/bin/../lib/gcc/arm-none-eabi/15.2.1/../../../../arm-none-eabi/lib/thumb/v7-m/nofp\libc_nano.a(libc_a-reent.o)
_init                                             D:/Studying/embedded_systems/Software/arm-none-eabi-15.2-hf/bin/../lib/gcc/arm-none-eabi/15.2.1/thumb/v7-m/nofp/crti.o
                                                  D:/Studying/embedded_systems/Software/arm-none-eabi-15.2-hf/bin/../lib/gcc/arm-none-eabi/15.2.1/../../../../arm-none-eabi/lib/thumb/v7-m/nofp\libc_nano.a(libc_a-init.o)
_isatty                                           build/syscalls.o
_kill                                             build/syscalls.o
_link                                             build/syscalls.o
_lseek                                            build/syscalls.o
                                                  D:/Studying/embedded_systems/Software/arm-none-eabi-15.2-hf/bin/../lib/gcc/arm-none-eabi/15.2.1/../../../../arm-none-eabi/lib/thumb/v7-m/nofp\libc_nano.a(libc_a-lseekr.o)
_lseek_r                                          D:/Studying/embedded_systems/Software/arm-none-eabi-15.2-hf/bin/../lib/gcc/arm-none-eabi/15.2.1/../../../../arm-none-eabi/lib/thumb/v7-m/nofp\libc_nano.a(libc_a-lseekr.o)
                                                  D:/Studying/embedded_systems/Software/arm-none-eabi-15.2-hf/bin/../lib/gcc/arm-none-eabi/15.2.1/../../../../arm-none-eabi/lib/thumb/v7-m/nofp\libc_nano.a(libc_a-stdio.o)
_mainCRTStartup                                   D:/Studying/embedded_systems/Software/arm-none-eabi-15.2-hf/bin/../lib/gcc/arm-none-eabi/15.2.1/../../../../arm-none-eabi/lib/thumb/v7-m/nofp/crt0.o
_malloc_r                                         D:/Studying/embedded_systems/Software/arm-none-eabi-15.2-hf/bin/../lib/gcc/arm-none-eabi/15.2.1/../../../../arm-none-eabi/lib/thumb/v7-m/nofp\libc_nano.a(libc_a-mallocr.o)
                                                  D:/Studying/embedded_systems/Software/arm-none-eabi-15.2-hf/bin/../lib/gcc/arm-none-eabi/15.2.1/../../../../arm-none-eabi/lib/thumb/v7-m/nofp\libc_nano.a(libc_a-findfp.o)
_open                                             build/syscalls.o
_read                                             build/syscalls.o
                                                  D:/Studying/embedded_systems/Software/arm-none-eabi-15.2-hf/bin/../lib/gcc/arm-none-eabi/15.2.1/../../../../arm-none-eabi/lib/thumb/v7-m/nofp\libc_nano.a(libc_a-readr.o)
_read_r                                           D:/Studying/embedded_systems/Software/arm-none-eabi-15.2-hf/bin/../lib/gcc/arm-none-eabi/15.2.1/../../../../arm-none-eabi/lib/thumb/v7-m/nofp\libc_nano.a(libc_a-readr.o)
                                                  D:/Studying/embedded_systems/Software/arm-none-eabi-15.2-hf/bin/../lib/gcc/arm-none-eabi/15.2.1/../../../../arm-none-eabi/lib/thumb/v7-m/nofp\libc_nano.a(libc_a-stdio.o)
_reclaim_reent                                    D:/Studying/embedded_systems/Software/arm-none-eabi-15.2-hf/bin/../lib/gcc/arm-none-eabi/15.2.1/../../../../arm-none-eabi/lib/thumb/v7-m/nofp\libc_nano.a(libc_a-reent.o)
_sbrk                                             build/sysmem.o
                                                  D:/Studying/embedded_systems/Software/arm-none-eabi-15.2-hf/bin/../lib/gcc/arm-none-eabi/15.2.1/../../../../arm-none-eabi/lib/thumb/v7-m/nofp\libc_nano.a(libc_a-sbrkr.o)
_sbrk_r                                           D:/Studying/embedded_systems/Software/arm-none-eabi-15.2-hf/bin/../lib/gcc/arm-none-eabi/15.2.1/../../../../arm-none-eabi/lib/thumb/v7-m/nofp\libc_nano.a(libc_a-sbrkr.o)
                                                  D:/Studying/embedded_systems/Software/arm-none-eabi-15.2-hf/bin/../lib/gcc/arm-none-eabi/15.2.1/../../../../arm-none-eabi/lib/thumb/v7-m/nofp\libc_nano.a(libc_a-mallocr.o)
_sbss                                             build/startup_stm32f103xe.o
_sdata                                            build/startup_stm32f103xe.o
_sidata                                           build/startup_stm32f103xe.o
_stack_init                                       D:/Studying/embedded_systems/Software/arm-none-eabi-15.2-hf/bin/../lib/gcc/arm-none-eabi/15.2.1/../../../../arm-none-eabi/lib/thumb/v7-m/nofp/crt0.o
_start                                            D:/Studying/embedded_systems/Software/arm-none-eabi-15.2-hf/bin/../lib/gcc/arm-none-eabi/15.2.1/../../../../arm-none-eabi/lib/thumb/v7-m/nofp/crt0.o
_stat                                             build/syscalls.o
_times                                            build/syscalls.o
_unlink                                           build/syscalls.o
_wait                                             build/syscalls.o
_write                                            build/syscalls.o
                                                  D:/Studying/embedded_systems/Software/arm-none-eabi-15.2-hf/bin/../lib/gcc/arm-none-eabi/15.2.1/../../../../arm-none-eabi/lib/thumb/v7-m/nofp\libc_nano.a(libc_a-writer.o)
_write_r                                          D:/Studying/embedded_systems/Software/arm-none-eabi-15.2-hf/bin/../lib/gcc/arm-none-eabi/15.2.1/../../../../arm-none-eabi/lib/thumb/v7-m/nofp\libc_nano.a(libc_a-writer.o)
                                                  D:/Studying/embedded_systems/Software/arm-none-eabi-15.2-hf/bin/../lib/gcc/arm-none-eabi/15.2.1/../../../../arm-none-eabi/lib/thumb/v7-m/nofp\libc_nano.a(libc_a-stdio.o)
atexit                                            D:/Studying/embedded_systems/Software/arm-none-eabi-15.2-hf/bin/../lib/gcc/arm-none-eabi/15.2.1/../../../../arm-none-eabi/lib/thumb/v7-m/nofp/crt0.o
compress_flash_data                               build/main.o
decompress_flash_data                             build/main.o
dwt_get_elapsed                                   build/dwt_timer.o
                                                  build/main.o
dwt_init                                          build/dwt_timer.o
                                                  build/main.o
dwt_start                                         build/dwt_timer.o
                                                  build/main.o
dwt_stop                                          build/dwt_timer.o
                                                  build/main.o
environ                                           build/syscalls.o
errno                                             D:/Studying/embedded_systems/Software/arm-none-eabi-15.2-hf/bin/../lib/gcc/arm-none-eabi/15.2.1/../../../../arm-none-eabi/lib/thumb/v7-m/nofp\libc_nano.a(libc_a-reent.o)
                                                  D:/Studying/embedded_systems/Software/arm-none-eabi-15.2-hf/bin/../lib/gcc/arm-none-eabi/15.2.1/../../../../arm-none-eabi/lib/thumb/v7-m/nofp\libc_nano.a(libc_a-sbrkr.o)
                                                  D:/Studying/embedded_systems/Software/arm-none-eabi-15.2-hf/bin/../lib/gcc/arm-none-eabi/15.2.1/../../../../arm-none-eabi/lib/thumb/v7-m/nofp\libc_nano.a(libc_a-writer.o)
                                                  D:/Studying/embedded_systems/Software/arm-none-eabi-15.2-hf/bin/../lib/gcc/arm-none-eabi/15.2.1/../../../../arm-none-eabi/lib/thumb/v7-m/nofp\libc_nano.a(libc_a-readr.o)
                                                  D:/Studying/embedded_systems/Software/arm-none-eabi-15.2-hf/bin/../lib/gcc/arm-none-eabi/15.2.1/../../../../arm-none-eabi/lib/thumb/v7-m/nofp\libc_nano.a(libc_a-lseekr.o)
                                                  D:/Studying/embedded_systems/Software/arm-none-eabi-15.2-hf/bin/../lib/gcc/arm-none-eabi/15.2.1/../../../../arm-none-eabi/lib/thumb/v7-m/nofp\libc_nano.a(libc_a-closer.o)
exit                                              D:/Studying/embedded_systems/Software/arm-none-eabi-15.2-hf/bin/../lib/gcc/arm-none-eabi/15.2.1/../../../../arm-none-eabi/lib/thumb/v7-m/nofp\libc_nano.a(libc_a-exit.o)
                                                  D:/Studying/embedded_systems/Software/arm-none-eabi-15.2-hf/bin/../lib/gcc/arm-none-eabi/15.2.1/../../../../arm-none-eabi/lib/thumb/v7-m/nofp/crt0.o
fflush                                            D:/Studying/embedded_systems/Software/arm-none-eabi-15.2-hf/bin/../lib/gcc/arm-none-eabi/15.2.1/../../../../arm-none-eabi/lib/thumb/v7-m/nofp\libc_nano.a(libc_a-fflush.o)
g_pfnVectors                                      build/startup_stm32f103xe.o
hardware_init_hook                                D:/Studying/embedded_systems/Software/arm-none-eabi-15.2-hf/bin/../lib/gcc/arm-none-eabi/15.2.1/../../../../arm-none-eabi/lib/thumb/v7-m/nofp/crt0.o
heatshrink_decoder_finish                         build/heatshrink_decoder.o
heatshrink_decoder_poll                           build/heatshrink_decoder.o
                                                  build/main.o
heatshrink_decoder_reset                          build/heatshrink_decoder.o
                                                  build/main.o
heatshrink_decoder_sink                           build/heatshrink_decoder.o
                                                  build/main.o
heatshrink_encoder_finish                         build/heatshrink_encoder.o
                                                  build/main.o
heatshrink_encoder_poll                           build/heatshrink_encoder.o
                                                  build/main.o
heatshrink_encoder_reset                          build/heatshrink_encoder.o
                                                  build/main.o
heatshrink_encoder_sink                           build/heatshrink_encoder.o
                                                  build/main.o
initialise_monitor_handles                        build/syscalls.o
main                                              build/main.o
                                                  build/startup_stm32f103xe.o
                                                  D:/Studying/embedded_systems/Software/arm-none-eabi-15.2-hf/bin/../lib/gcc/arm-none-eabi/15.2.1/../../../../arm-none-eabi/lib/thumb/v7-m/nofp/crt0.o